TAP version 13
# Subtest: 53-02-01: high-impact mutation is blocked unless run state is awaiting_approval
ok 1 - 53-02-01: high-impact mutation is blocked unless run state is awaiting_approval
  ---
  duration_ms: 2.8109
  ...
# Subtest: 53-02-01: unauthorized approval attempts include deny telemetry payload fields
ok 2 - 53-02-01: unauthorized approval attempts include deny telemetry payload fields
  ---
  duration_ms: 1.9086
  ...
# Subtest: 53-02-01: approval decision writes are immutable once recorded for a run
ok 3 - 53-02-01: approval decision writes are immutable once recorded for a run
  ---
  duration_ms: 2.217
  ...
# Subtest: 53-02-01: unauthorized approval attempts are durably emitted to deny telemetry
ok 4 - 53-02-01: unauthorized approval attempts are durably emitted to deny telemetry
  ---
  duration_ms: 1.3828
  ...
# Subtest: 53-02-03: handler IAM authorization denies unknown roles with immutable deny telemetry context
ok 5 - 53-02-03: handler IAM authorization denies unknown roles with immutable deny telemetry context
  ---
  duration_ms: 3.059
  ...
# Subtest: 53-02-03: approve handler is wired to awaiting_approval gate before side effects
ok 6 - 53-02-03: approve handler is wired to awaiting_approval gate before side effects
  ---
  duration_ms: 1.5928
  ...
# Subtest: SEC-01 governance evidence: approvals family cites immutable approval decision provenance
ok 7 - SEC-01 governance evidence: approvals family cites immutable approval decision provenance
  ---
  duration_ms: 0.559
  ...
# Subtest: D-07/D-08: fallback chain selects configured primary provider before bounded fallback
ok 8 - D-07/D-08: fallback chain selects configured primary provider before bounded fallback
  ---
  duration_ms: 3325.153
  ...
# Subtest: D-09: provider attempt telemetry event preserves reason codes and sanitizes secrets
ok 9 - D-09: provider attempt telemetry event preserves reason codes and sanitizes secrets
  ---
  duration_ms: 1.2791
  ...
# [orchestrator] Starting draft generation for: acme
# [orchestrator] Seed stored in vector memory (0 sections)
# [orchestrator] Generating MIR drafts...
# [orchestrator] Generating MSP drafts...
# [orchestrator] Running Neuro-Auditor verification...
# [orchestrator] Done. Errors: 0
# Subtest: Phase 53: orchestrator forwards provider policy into live backend LLM calls
ok 10 - Phase 53: orchestrator forwards provider policy into live backend LLM calls
  ---
  duration_ms: 29.3595
  ...
# [dotenv@17.3.1] injecting env (0) from .env -- tip: ÔÜÖ´©Å  override existing env vars with { override: true }
# Subtest: AGT-04: captureRunClose rejects terminal payloads missing required fields
ok 11 - AGT-04: captureRunClose rejects terminal payloads missing required fields
  ---
  duration_ms: 2.6364
  ...
# Subtest: AGT-04: orchestrator finalizer blocks terminal close when provider attempt evidence is missing
ok 12 - AGT-04: orchestrator finalizer blocks terminal close when provider attempt evidence is missing
  ---
  duration_ms: 3.8733
  ...
# Subtest: AGT-04: orchestrator finalizer records complete run-close payload with provider attempts
ok 13 - AGT-04: orchestrator finalizer records complete run-close payload with provider attempts
  ---
  duration_ms: 6.8176
  ...
# Subtest: AGT-04: orchestrator finalizer preserves multi-attempt provider telemetry from live agent results
ok 14 - AGT-04: orchestrator finalizer preserves multi-attempt provider telemetry from live agent results
  ---
  duration_ms: 0.7573
  ...
# Subtest: AGT-04: canonical telemetry event contract names rollout, execution, provider, and run-close evidence
ok 15 - AGT-04: canonical telemetry event contract names rollout, execution, provider, and run-close evidence
  ---
  duration_ms: 0.4934
  ...
# [dotenv@17.3.1] injecting env (0) from .env -- tip: ­ƒöÉ prevent building .env in docker: https://dotenvx.com/prebuild
# Subtest: 53-01-01: duplicate run envelope create with same idempotency key resolves to existing run
ok 16 - 53-01-01: duplicate run envelope create with same idempotency key resolves to existing run
  ---
  duration_ms: 4.728
  ...
# Subtest: 53-01-01: recordSideEffect commits first effect and no-ops duplicate delivery
ok 17 - 53-01-01: recordSideEffect commits first effect and no-ops duplicate delivery
  ---
  duration_ms: 0.6516
  ...
# Subtest: 53-01-03: orchestrator resolveExecutionContext fails without tenant-scoped principal
ok 18 - 53-01-03: orchestrator resolveExecutionContext fails without tenant-scoped principal
  ---
  duration_ms: 2.0512
  ...
# Subtest: 53-01-03: orchestrator bootstrap uses run-engine idempotency for duplicate queue deliveries
ok 19 - 53-01-03: orchestrator bootstrap uses run-engine idempotency for duplicate queue deliveries
  ---
  duration_ms: 1.8135
  ...
# Subtest: 53-01-01: run engine exports canonical lifecycle states
ok 20 - 53-01-01: run engine exports canonical lifecycle states
  ---
  duration_ms: 5.3487
  ...
# Subtest: 53-01-01: createRunEnvelope fails closed when tenant context is missing
ok 21 - 53-01-01: createRunEnvelope fails closed when tenant context is missing
  ---
  duration_ms: 0.7543
  ...
# Subtest: 53-01-01: createRunEnvelope fails closed when principal metadata is missing
ok 22 - 53-01-01: createRunEnvelope fails closed when principal metadata is missing
  ---
  duration_ms: 0.9306
  ...
# Subtest: 53-01-01: createRunEnvelope fails closed when policy metadata is missing
ok 23 - 53-01-01: createRunEnvelope fails closed when policy metadata is missing
  ---
  duration_ms: 0.3032
  ...
# Subtest: 53-01-01: canonical AGT-02 transitions are allowed and produce transition events
ok 24 - 53-01-01: canonical AGT-02 transitions are allowed and produce transition events
  ---
  duration_ms: 2.0141
  ...
# Subtest: 53-01-01: all non-canonical transitions are denied and audit logged
ok 25 - 53-01-01: all non-canonical transitions are denied and audit logged
  ---
  duration_ms: 0.9323
  ...
# Subtest: FLOW-INVENTORY contains at least 10 flow rows
ok 26 - FLOW-INVENTORY contains at least 10 flow rows
  ---
  duration_ms: 2.762
  ...
# Subtest: FLOW-INVENTORY contains exactly 17 flow rows
ok 27 - FLOW-INVENTORY contains exactly 17 flow rows
  ---
  duration_ms: 0.2767
  ...
# Subtest: FLOW-INVENTORY references FLOW-CONTRACTS.md (traceability)
ok 28 - FLOW-INVENTORY references FLOW-CONTRACTS.md (traceability)
  ---
  duration_ms: 0.1861
  ...
# Subtest: flow-registry contains exactly 17 flows
ok 29 - flow-registry contains exactly 17 flows
  ---
  duration_ms: 0.1853
  ...
# Subtest: flow-registry flow_ids match expected set
ok 30 - flow-registry flow_ids match expected set
  ---
  duration_ms: 1.2348
  ...
# Subtest: flow-registry flow_ids are unique
ok 31 - flow-registry flow_ids are unique
  ---
  duration_ms: 0.2016
  ...
# Subtest: every registry flow has required fields
ok 32 - every registry flow has required fields
  ---
  duration_ms: 0.3319
  ...
# Subtest: all registry domains are valid taxonomy enums
ok 33 - all registry domains are valid taxonomy enums
  ---
  duration_ms: 0.2999
  ...
# Subtest: all registry flow_types are valid taxonomy enums
ok 34 - all registry flow_types are valid taxonomy enums
  ---
  duration_ms: 0.5446
  ...
# Subtest: unknown domain label fails assertion (D-17 guard)
ok 35 - unknown domain label fails assertion (D-17 guard)
  ---
  duration_ms: 0.5419
  ...
# Subtest: unknown flow_type label fails assertion (D-17 guard)
ok 36 - unknown flow_type label fails assertion (D-17 guard)
  ---
  duration_ms: 0.2522
  ...
# Subtest: every registry flow has a corresponding contract YAML file
ok 37 - every registry flow has a corresponding contract YAML file
  ---
  duration_ms: 2.4737
  ...
# Subtest: phase 45 registry flows each map to exactly one v1 contract YAML file
ok 38 - phase 45 registry flows each map to exactly one v1 contract YAML file
  ---
  duration_ms: 0.6396
  ...
# Subtest: phase 45 registry has no orphaned contracts within its own flow-id scope
ok 39 - phase 45 registry has no orphaned contracts within its own flow-id scope
  ---
  duration_ms: 0.4361
  ...
# Subtest: FLOW-CONTRACTS.md declares total_flows=17
ok 40 - FLOW-CONTRACTS.md declares total_flows=17
  ---
  duration_ms: 0.1112
  ...
# Subtest: FLOW-CONTRACTS.md declares orphaned_flows=0
ok 41 - FLOW-CONTRACTS.md declares orphaned_flows=0
  ---
  duration_ms: 1.0853
  ...
# Subtest: FLOW-CONTRACTS.md declares flows_without_contracts=0
ok 42 - FLOW-CONTRACTS.md declares flows_without_contracts=0
  ---
  duration_ms: 0.1119
  ...
# Subtest: FLOW-CONTRACTS.md references FLOW-INVENTORY.md (traceability)
ok 43 - FLOW-CONTRACTS.md references FLOW-INVENTORY.md (traceability)
  ---
  duration_ms: 0.1163
  ...
# Subtest: validate-flow-contracts passes full-registry mode (all 17 valid)
ok 44 - validate-flow-contracts passes full-registry mode (all 17 valid)
  ---
  duration_ms: 88.109
  ...
# Subtest: IAM-04 sso deny: escalation claims are rejected by canonical mapping rules
ok 45 - IAM-04 sso deny: escalation claims are rejected by canonical mapping rules
  ---
  duration_ms: 1.725
  ...
# Subtest: IAM-04 sso callback deny: negative-path decisions remain bound to tenant and correlation evidence
ok 46 - IAM-04 sso callback deny: negative-path decisions remain bound to tenant and correlation evidence
  ---
  duration_ms: 0.4418
  ...
# Subtest: IAM-04 sso provider binding: start handler fails closed when tenant provider binding is unavailable
ok 47 - IAM-04 sso provider binding: start handler fails closed when tenant provider binding is unavailable
  ---
  duration_ms: 0.5291
  ...
# Subtest: IAM-04 sso deny: runtime context exposes immutable identity mapping evidence helpers
ok 48 - IAM-04 sso deny: runtime context exposes immutable identity mapping evidence helpers
  ---
  duration_ms: 1.7993
  ...
# Subtest: SEC-01 governance evidence: auth and authz family cites immutable role-mapping evidence
ok 49 - SEC-01 governance evidence: auth and authz family cites immutable role-mapping evidence
  ---
  duration_ms: 1.3352
  ...
# Subtest: IAM-04: identity contracts lock tenant SSO binding and canonical role mapping vocabulary
ok 50 - IAM-04: identity contracts lock tenant SSO binding and canonical role mapping vocabulary
  ---
  duration_ms: 1.9329
  ...
# Subtest: IAM-04: fixture builders encode tenant SSO binding with deterministic provider metadata
ok 51 - IAM-04: fixture builders encode tenant SSO binding with deterministic provider metadata
  ---
  duration_ms: 0.3034
  ...
# Subtest: IAM-04: role mapping decisions resolve only to canonical IAM v3.2 roles
ok 52 - IAM-04: role mapping decisions resolve only to canonical IAM v3.2 roles
  ---
  duration_ms: 17.9572
  ...
# Subtest: IAM-04: sso role mapping exports canonical claim mapping helpers
ok 53 - IAM-04: sso role mapping exports canonical claim mapping helpers
  ---
  duration_ms: 0.6069
  ...
# Subtest: IAM-04: tenant sso bindings encode provider metadata and tenant scoping
ok 54 - IAM-04: tenant sso bindings encode provider metadata and tenant scoping
  ---
  duration_ms: 0.5377
  ...
# Subtest: IAM-04: identity federation migration creates binding, rule, and immutable mapping event tables
ok 55 - IAM-04: identity federation migration creates binding, rule, and immutable mapping event tables
  ---
  duration_ms: 2.1161
  ...
# Subtest: BIL-01: restricted execute actions fail closed from MarkOS entitlement snapshot state
ok 56 - BIL-01: restricted execute actions fail closed from MarkOS entitlement snapshot state
  ---
  duration_ms: 2.2615
  ...
# Subtest: BIL-01: read-only billing evidence remains available during degraded entitlement state
ok 57 - BIL-01: read-only billing evidence remains available during degraded entitlement state
  ---
  duration_ms: 0.3944
  ...
# Subtest: TEN-04: execute actions fail closed when token budget is exhausted
ok 58 - TEN-04: execute actions fail closed when token budget is exhausted
  ---
  duration_ms: 0.509
  ...
# Subtest: TEN-04: operator recovery surfaces remain available while prepaid quota is exhausted
ok 59 - TEN-04: operator recovery surfaces remain available while prepaid quota is exhausted
  ---
  duration_ms: 0.2233
  ...
# Subtest: TEN-04: project creation blocks at the submit mutation seam once capacity is exhausted
ok 60 - TEN-04: project creation blocks at the submit mutation seam once capacity is exhausted
  ---
  duration_ms: 0.5818
  ...
# Subtest: BIL-04: hold snapshots continue exposing billing evidence and settings during recovery
ok 61 - BIL-04: hold snapshots continue exposing billing evidence and settings during recovery
  ---
  duration_ms: 0.2323
  ...
# Subtest: BIL-03: invoice reconciliation maps immutable ledger rows to billable line items
ok 62 - BIL-03: invoice reconciliation maps immutable ledger rows to billable line items
  ---
  duration_ms: 1.7416
  ...
# Subtest: BIL-03: invoice reconciliation never accepts provider-only line items without MarkOS lineage
ok 63 - BIL-03: invoice reconciliation never accepts provider-only line items without MarkOS lineage
  ---
  duration_ms: 0.7115
  ...
# Subtest: BIL-01: plugin runtime denies premium capability when MarkOS entitlement snapshot is over limit
ok 64 - BIL-01: plugin runtime denies premium capability when MarkOS entitlement snapshot is over limit
  ---
  duration_ms: 2.0331
  ...
# Subtest: BIL-01: plugin runtime never treats downstream provider state as entitlement source of truth
ok 65 - BIL-01: plugin runtime never treats downstream provider state as entitlement source of truth
  ---
  duration_ms: 0.311
  ...
# Subtest: TEN-04: plugin runtime denies premium write capability when prepaid token budget is exhausted
ok 66 - TEN-04: plugin runtime denies premium write capability when prepaid token budget is exhausted
  ---
  duration_ms: 0.3476
  ...
# Subtest: BIL-04: failed provider sync opens an append-only hold interval with linked sync evidence
ok 67 - BIL-04: failed provider sync opens an append-only hold interval with linked sync evidence
  ---
  duration_ms: 2.2398
  ...
# Subtest: BIL-04: first successful sync in the same billing period releases the hold with explicit evidence
ok 68 - BIL-04: first successful sync in the same billing period releases the hold with explicit evidence
  ---
  duration_ms: 2.7283
  ...
# Subtest: BIL-04: success outside the active hold window does not silently fabricate release evidence
ok 69 - BIL-04: success outside the active hold window does not silently fabricate release evidence
  ---
  duration_ms: 0.3979
  ...
# Subtest: BIL-04: billing evidence APIs expose incident context for triage and recovery review
ok 70 - BIL-04: billing evidence APIs expose incident context for triage and recovery review
  ---
  duration_ms: 11.7993
  ...
# Subtest: TEN-04: submit blocks new project creation when project capacity is exhausted
ok 71 - TEN-04: submit blocks new project creation when project capacity is exhausted
  ---
  duration_ms: 530.0763
  ...
# C:\\Users\\User PC\\Documents\\GitHub\\MarkOS\\lib\\markos\\billing\\usage-ledger.ts:2
# import type { BillingUsageEvent, BillingUsageLedgerRow } from './contracts';
# ^^^^^^
# SyntaxError: Cannot use import statement outside a module
#     at new Script (node:vm:117:7)
#     at loadTsCommonJsModule (C:\\Users\\User PC\\Documents\\GitHub\\MarkOS\\test\\billing\\usage-ledger-aggregation.test.js:14:19)
#     at Object.<anonymous> (C:\\Users\\User PC\\Documents\\GitHub\\MarkOS\\test\\billing\\usage-ledger-aggregation.test.js:28:54)
#     at Module._compile (node:internal/modules/cjs/loader:1562:14)
#     at Object..js (node:internal/modules/cjs/loader:1699:10)
#     at Module.load (node:internal/modules/cjs/loader:1313:32)
#     at Function._load (node:internal/modules/cjs/loader:1123:12)
#     at TracingChannel.traceSync (node:diagnostics_channel:322:14)
#     at wrapModuleLoad (node:internal/modules/cjs/loader:217:24)
#     at Function.executeUserEntryPoint [as runMain] (node:internal/modules/run_main:170:5)
# Node.js v22.13.0
# Subtest: test\\billing\\usage-ledger-aggregation.test.js
not ok 15 - test\\billing\\usage-ledger-aggregation.test.js
  ---
  duration_ms: 87.7253
  location: 'C:\\Users\\User PC\\Documents\\GitHub\\MarkOS\\test\\billing\\usage-ledger-aggregation.test.js:1:1'
  failureType: 'testCodeFailure'
  exitCode: 1
  signal: ~
  error: 'test failed'
  code: 'ERR_TEST_FAILURE'
  ...
# C:\\Users\\User PC\\Documents\\GitHub\\MarkOS\\lib\\markos\\billing\\usage-normalizer.ts:2
# import type { BillingUsageEvent } from './contracts';
# ^^^^^^
# SyntaxError: Cannot use import statement outside a module
#     at new Script (node:vm:117:7)
#     at loadTsCommonJsModule (C:\\Users\\User PC\\Documents\\GitHub\\MarkOS\\test\\billing\\usage-normalization.test.js:19:19)
#     at Object.<anonymous> (C:\\Users\\User PC\\Documents\\GitHub\\MarkOS\\test\\billing\\usage-normalization.test.js:37:5)
#     at Module._compile (node:internal/modules/cjs/loader:1562:14)
#     at Object..js (node:internal/modules/cjs/loader:1699:10)
#     at Module.load (node:internal/modules/cjs/loader:1313:32)
#     at Function._load (node:internal/modules/cjs/loader:1123:12)
#     at TracingChannel.traceSync (node:diagnostics_channel:322:14)
#     at wrapModuleLoad (node:internal/modules/cjs/loader:217:24)
#     at Function.executeUserEntryPoint [as runMain] (node:internal/modules/run_main:170:5)
# Node.js v22.13.0
# Subtest: test\\billing\\usage-normalization.test.js
not ok 16 - test\\billing\\usage-normalization.test.js
  ---
  duration_ms: 232.322
  location: 'C:\\Users\\User PC\\Documents\\GitHub\\MarkOS\\test\\billing\\usage-normalization.test.js:1:1'
  failureType: 'testCodeFailure'
  exitCode: 1
  signal: ~
  error: 'test failed'
  code: 'ERR_TEST_FAILURE'
  ...
# Subtest: Gate 1 and Gate 2 file requirements
ok 74 - Gate 1 and Gate 2 file requirements
  ---
  duration_ms: 20.508
  ...
# Subtest: AI-CRM-02: bounded mutation families are explicit, approval-aware, and fail closed for unauthorized roles
ok 75 - AI-CRM-02: bounded mutation families are explicit, approval-aware, and fail closed for unauthorized roles
  ---
  duration_ms: 2.9224
  ...
# Subtest: AI-CRM-02: approval packages preserve immutable lineage and AI-originated mutation outcome evidence
ok 76 - AI-CRM-02: approval packages preserve immutable lineage and AI-originated mutation outcome evidence
  ---
  duration_ms: 11.1746
  ...
# Subtest: AI-CRM-02: telemetry and RBAC vocabularies declare copilot actions explicitly
ok 77 - AI-CRM-02: telemetry and RBAC vocabularies declare copilot actions explicitly
  ---
  duration_ms: 1.3873
  ...
# Subtest: AI-CRM-02: AI-originated playbook effects retain run, actor, and approval lineage in canonical CRM activity
ok 78 - AI-CRM-02: AI-originated playbook effects retain run, actor, and approval lineage in canonical CRM activity
  ---
  duration_ms: 11.5044
  ...
# Subtest: AI-CRM-01: conversation copilot summaries stay grounded in outbound and CRM history
ok 79 - AI-CRM-01: conversation copilot summaries stay grounded in outbound and CRM history
  ---
  duration_ms: 7.1058
  ...
# Subtest: AI-CRM-01: copilot grounding bundles record state, timeline, tasks, notes, and outbound context deterministically
ok 80 - AI-CRM-01: copilot grounding bundles record state, timeline, tasks, notes, and outbound context deterministically
  ---
  duration_ms: 27.1915
  ...
# Subtest: AI-CRM-01: copilot summaries fail gracefully when timeline and conversation context are missing
ok 81 - AI-CRM-01: copilot summaries fail gracefully when timeline and conversation context are missing
  ---
  duration_ms: 0.6659
  ...
# Subtest: CRM-04: copilot workspace route uses CRM-native queue, detail, and evidence regions instead of a detached chatbox
ok 82 - CRM-04: copilot workspace route uses CRM-native queue, detail, and evidence regions instead of a detached chatbox
  ---
  duration_ms: 3.6958
  ...
# Subtest: AI-CRM-01: copilot workspace snapshot hydrates record, conversation, recommendations, and evidence from canonical CRM state
ok 83 - AI-CRM-01: copilot workspace snapshot hydrates record, conversation, recommendations, and evidence from canonical CRM state
  ---
  duration_ms: 20.0675
  ...
# Subtest: CRM-06: playbook review route exposes explicit oversight surfaces inside the CRM shell
ok 84 - CRM-06: playbook review route exposes explicit oversight surfaces inside the CRM shell
  ---
  duration_ms: 2.0042
  ...
# Subtest: CRM-06: cross-tenant oversight remains explicit and owner-scoped
ok 85 - CRM-06: cross-tenant oversight remains explicit and owner-scoped
  ---
  duration_ms: 1.2343
  ...
# Subtest: AI-CRM-02: replay-safe playbook steps cannot duplicate durable CRM side effects
ok 86 - AI-CRM-02: replay-safe playbook steps cannot duplicate durable CRM side effects
  ---
  duration_ms: 26.4265
  ...
# Subtest: AI-CRM-02: playbooks pause for approval and resume only through the shared run lifecycle
ok 87 - AI-CRM-02: playbooks pause for approval and resume only through the shared run lifecycle
  ---
  duration_ms: 11.1569
  ...
# Subtest: AI-CRM-02: grounded recommendations become reviewable approval packages with run lineage
ok 88 - AI-CRM-02: grounded recommendations become reviewable approval packages with run lineage
  ---
  duration_ms: 9.0974
  ...
# Subtest: AI-CRM-02: approval-package decisions preserve accepted or rejected outcomes without silent CRM mutation
ok 89 - AI-CRM-02: approval-package decisions preserve accepted or rejected outcomes without silent CRM mutation
  ---
  duration_ms: 3.0587
  ...
# Subtest: CRM API: handlers fail closed without tenant auth context
ok 90 - CRM API: handlers fail closed without tenant auth context
  ---
  duration_ms: 2.5452
  ...
# Subtest: CRM API: tenant-safe CRUD does not bleed across tenants
ok 91 - CRM API: tenant-safe CRUD does not bleed across tenants
  ---
  duration_ms: 3.9287
  ...
# Subtest: CRM API: readonly users can read but cannot mutate
ok 92 - CRM API: readonly users can read but cannot mutate
  ---
  duration_ms: 1.68
  ...
# Subtest: CRM API: company and deal handlers share canonical CRUD semantics
ok 93 - CRM API: company and deal handlers share canonical CRUD semantics
  ---
  duration_ms: 1.5162
  ...
# Subtest: CRM API: timeline reads preserve ordering and source refs through shared helper
ok 94 - CRM API: timeline reads preserve ordering and source refs through shared helper
  ---
  duration_ms: 1.6158
  ...
# Subtest: CRM merge API: readonly role is denied
ok 95 - CRM merge API: readonly role is denied
  ---
  duration_ms: 1.5577
  ...
# Subtest: CRM merge API: reviewer can record rejected merge evidence immutably
ok 96 - CRM merge API: reviewer can record rejected merge evidence immutably
  ---
  duration_ms: 3.8162
  ...
# Subtest: CRM merge API: accepted decisions preserve source rows as merged lineage
ok 97 - CRM merge API: accepted decisions preserve source rows as merged lineage
  ---
  duration_ms: 1.1982
  ...
# Subtest: CRM-03: pipeline API persists tenant-owned pipelines with ordered stages and audit evidence
ok 98 - CRM-03: pipeline API persists tenant-owned pipelines with ordered stages and audit evidence
  ---
  duration_ms: 7.3598
  ...
# Subtest: CRM-03: object-definition API exposes canonical and custom object workspace capability rules
ok 99 - CRM-03: object-definition API exposes canonical and custom object workspace capability rules
  ---
  duration_ms: 18.2689
  ...
# Subtest: CRM-03: shared records API lists canonical records for one workspace object family
ok 100 - CRM-03: shared records API lists canonical records for one workspace object family
  ---
  duration_ms: 6.0362
  ...
# Subtest: CRM-03: stage moves append CRM activity instead of mutating UI-only state
ok 101 - CRM-03: stage moves append CRM activity instead of mutating UI-only state
  ---
  duration_ms: 1.0659
  ...
# Subtest: CRM-03: inline field edits remain auditable through the shared records seam
ok 102 - CRM-03: inline field edits remain auditable through the shared records seam
  ---
  duration_ms: 2.6342
  ...
# Subtest: CRM-06: draft suggestions remain suggestion-only with no send or sequence controls
ok 103 - CRM-06: draft suggestions remain suggestion-only with no send or sequence controls
  ---
  duration_ms: 7.6672
  ...
# Subtest: CRM-06: draft suggestions are dismissible without becoming executable workflow state
ok 104 - CRM-06: draft suggestions are dismissible without becoming executable workflow state
  ---
  duration_ms: 1.2454
  ...
# Subtest: CRM-06: queue selection, bounded action, and canonical timeline remain coherent end to end
ok 105 - CRM-06: queue selection, bounded action, and canonical timeline remain coherent end to end
  ---
  duration_ms: 31.9998
  ...
# Subtest: CRM-04: execution workspace route reuses the three-region queue, detail, and evidence grammar
ok 106 - CRM-04: execution workspace route reuses the three-region queue, detail, and evidence grammar
  ---
  duration_ms: 2.698
  ...
# Subtest: CRM-04: execution workspace snapshot hydrates queue, detail context, and evidence from canonical CRM state
ok 107 - CRM-04: execution workspace snapshot hydrates queue, detail context, and evidence from canonical CRM state
  ---
  duration_ms: 41.7134
  ...
# Subtest: CRM-04: personal queue ranking prioritizes actionable overdue and inbound work over passive records
ok 108 - CRM-04: personal queue ranking prioritizes actionable overdue and inbound work over passive records
  ---
  duration_ms: 26.1334
  ...
# Subtest: CRM-04: manager or team queue includes intervention candidates beyond the personal queue
ok 109 - CRM-04: manager or team queue includes intervention candidates beyond the personal queue
  ---
  duration_ms: 1.2583
  ...
# Subtest: CRM-04: every surfaced recommendation carries rationale, source signals, and bounded action metadata
ok 110 - CRM-04: every surfaced recommendation carries rationale, source signals, and bounded action metadata
  ---
  duration_ms: 5.6199
  ...
# Subtest: CRM-06: recommendation dismissals preserve immutable audit lineage and telemetry vocabulary exists for execution surfaces
ok 111 - CRM-06: recommendation dismissals preserve immutable audit lineage and telemetry vocabulary exists for execution surfaces
  ---
  duration_ms: 5.7738
  ...
# Subtest: CRM-04: recommendation engine exposes explainable rationale, source signals, and bounded actions
ok 112 - CRM-04: recommendation engine exposes explainable rationale, source signals, and bounded actions
  ---
  duration_ms: 4.7485
  ...
# Subtest: CRM-04: recommendation builder spans sales and success motions from canonical CRM state
ok 113 - CRM-04: recommendation builder spans sales and success motions from canonical CRM state
  ---
  duration_ms: 19.584
  ...
# Subtest: CRM-06: recommendation lifecycle updates remain auditable and tenant-safe
ok 114 - CRM-06: recommendation lifecycle updates remain auditable and tenant-safe
  ---
  duration_ms: 2.8604
  ...
# Subtest: CRM-06: execution actions create canonical tasks and notes with audit lineage
ok 115 - CRM-06: execution actions create canonical tasks and notes with audit lineage
  ---
  duration_ms: 8.1453
  ...
# Subtest: CRM-06: execution actions support safe record updates and approval state without silent execution drift
ok 116 - CRM-06: execution actions support safe record updates and approval state without silent execution drift
  ---
  duration_ms: 1.4009
  ...
# Subtest: CRM-06: task and note APIs remain permission-aware and directly list canonical linked entities
ok 117 - CRM-06: task and note APIs remain permission-aware and directly list canonical linked entities
  ---
  duration_ms: 1.1621
  ...
# Subtest: CRM-04: execution queue UI makes personal and manager or team scopes first-class
ok 118 - CRM-04: execution queue UI makes personal and manager or team scopes first-class
  ---
  duration_ms: 2.6348
  ...
# Subtest: CRM-06: execution detail UI exposes rationale and bounded action controls instead of a passive dashboard
ok 119 - CRM-06: execution detail UI exposes rationale and bounded action controls instead of a passive dashboard
  ---
  duration_ms: 0.7728
  ...
# Subtest: TRK-04 foundation: identity candidate scoring is deterministic and review-oriented
ok 120 - TRK-04 foundation: identity candidate scoring is deterministic and review-oriented
  ---
  duration_ms: 1.9514
  ...
# Subtest: CRM-02: merge helpers preserve accepted and rejected lineage without deleting evidence
ok 121 - CRM-02: merge helpers preserve accepted and rejected lineage without deleting evidence
  ---
  duration_ms: 3.357
  ...
# Subtest: CRM-02: merge contract records immutable evidence fields
ok 122 - CRM-02: merge contract records immutable evidence fields
  ---
  duration_ms: 0.6116
  ...
# Subtest: TRK-04: strong identity signals auto-accept and preserve stitch lineage
ok 123 - TRK-04: strong identity signals auto-accept and preserve stitch lineage
  ---
  duration_ms: 2.986
  ...
# Subtest: TRK-04: medium identity signals stay review-only instead of auto-attaching
ok 124 - TRK-04: medium identity signals stay review-only instead of auto-attaching
  ---
  duration_ms: 0.4432
  ...
# Subtest: TRK-04: weak identity signals are rejected explicitly
ok 125 - TRK-04: weak identity signals are rejected explicitly
  ---
  duration_ms: 0.3461
  ...
# Subtest: TRK-04: stitch contract records accepted, review, and rejected outcomes
ok 126 - TRK-04: stitch contract records accepted, review, and rejected outcomes
  ---
  duration_ms: 1.2477
  ...
# file:///C:/Users/User%20PC/Documents/GitHub/MarkOS/lib/markos/outbound/drafts.ts:1
# import type { Stats } from 'node:fs';
#             ^
# SyntaxError: Unexpected token '{'
#     at compileSourceTextModule (node:internal/modules/esm/utils:338:16)
#     at ModuleLoader.importSyncForRequire (node:internal/modules/esm/loader:322:18)
#     at loadESMFromCJS (node:internal/modules/cjs/loader:1411:24)
#     at Module._compile (node:internal/modules/cjs/loader:1544:5)
#     at Object..js (node:internal/modules/cjs/loader:1699:10)
#     at Module.load (node:internal/modules/cjs/loader:1313:32)
#     at Function._load (node:internal/modules/cjs/loader:1123:12)
#     at TracingChannel.traceSync (node:diagnostics_channel:322:14)
#     at wrapModuleLoad (node:internal/modules/cjs/loader:217:24)
#     at Module.require (node:internal/modules/cjs/loader:1335:12)
# Node.js v22.13.0
# Subtest: test\\crm-outbound\\crm-assisted-draft-boundary.test.js
not ok 41 - test\\crm-outbound\\crm-assisted-draft-boundary.test.js
  ---
  duration_ms: 117.4783
  location: 'C:\\Users\\User PC\\Documents\\GitHub\\MarkOS\\test\\crm-outbound\\crm-assisted-draft-boundary.test.js:1:1'
  failureType: 'testCodeFailure'
  exitCode: 1
  signal: ~
  error: 'test failed'
  code: 'ERR_TEST_FAILURE'
  ...
# file:///C:/Users/User%20PC/Documents/GitHub/MarkOS/lib/markos/outbound/consent.ts:1
# import type { Stats } from 'node:fs';
#             ^
# SyntaxError: Unexpected token '{'
#     at compileSourceTextModule (node:internal/modules/esm/utils:338:16)
#     at ModuleLoader.importSyncForRequire (node:internal/modules/esm/loader:322:18)
#     at loadESMFromCJS (node:internal/modules/cjs/loader:1411:24)
#     at Module._compile (node:internal/modules/cjs/loader:1544:5)
#     at Object..js (node:internal/modules/cjs/loader:1699:10)
#     at Module.load (node:internal/modules/cjs/loader:1313:32)
#     at Function._load (node:internal/modules/cjs/loader:1123:12)
#     at TracingChannel.traceSync (node:diagnostics_channel:322:14)
#     at wrapModuleLoad (node:internal/modules/cjs/loader:217:24)
#     at Module.require (node:internal/modules/cjs/loader:1335:12)
# Node.js v22.13.0
# Subtest: test\\crm-outbound\\crm-bulk-send-guardrails.test.js
not ok 42 - test\\crm-outbound\\crm-bulk-send-guardrails.test.js
  ---
  duration_ms: 167.2568
  location: 'C:\\Users\\User PC\\Documents\\GitHub\\MarkOS\\test\\crm-outbound\\crm-bulk-send-guardrails.test.js:1:1'
  failureType: 'testCodeFailure'
  exitCode: 1
  signal: ~
  error: 'test failed'
  code: 'ERR_TEST_FAILURE'
  ...
# file:///C:/Users/User%20PC/Documents/GitHub/MarkOS/lib/markos/outbound/consent.ts:1
# import type { Stats } from 'node:fs';
#             ^
# SyntaxError: Unexpected token '{'
#     at compileSourceTextModule (node:internal/modules/esm/utils:338:16)
#     at ModuleLoader.importSyncForRequire (node:internal/modules/esm/loader:322:18)
#     at loadESMFromCJS (node:internal/modules/cjs/loader:1411:24)
#     at Module._compile (node:internal/modules/cjs/loader:1544:5)
#     at Object..js (node:internal/modules/cjs/loader:1699:10)
#     at Module.load (node:internal/modules/cjs/loader:1313:32)
#     at Function._load (node:internal/modules/cjs/loader:1123:12)
#     at TracingChannel.traceSync (node:diagnostics_channel:322:14)
#     at wrapModuleLoad (node:internal/modules/cjs/loader:217:24)
#     at Module.require (node:internal/modules/cjs/loader:1335:12)
# Node.js v22.13.0
# Subtest: test\\crm-outbound\\crm-consent-eligibility.test.js
not ok 43 - test\\crm-outbound\\crm-consent-eligibility.test.js
  ---
  duration_ms: 88.8969
  location: 'C:\\Users\\User PC\\Documents\\GitHub\\MarkOS\\test\\crm-outbound\\crm-consent-eligibility.test.js:1:1'
  failureType: 'testCodeFailure'
  exitCode: 1
  signal: ~
  error: 'test failed'
  code: 'ERR_TEST_FAILURE'
  ...
# file:///C:/Users/User%20PC/Documents/GitHub/MarkOS/lib/markos/outbound/conversations.ts:1
# import type { Stats } from 'node:fs';
#             ^
# SyntaxError: Unexpected token '{'
#     at compileSourceTextModule (node:internal/modules/esm/utils:338:16)
#     at ModuleLoader.importSyncForRequire (node:internal/modules/esm/loader:322:18)
#     at loadESMFromCJS (node:internal/modules/cjs/loader:1411:24)
#     at Module._compile (node:internal/modules/cjs/loader:1544:5)
#     at Object..js (node:internal/modules/cjs/loader:1699:10)
#     at Module.load (node:internal/modules/cjs/loader:1313:32)
#     at Function._load (node:internal/modules/cjs/loader:1123:12)
#     at TracingChannel.traceSync (node:diagnostics_channel:322:14)
#     at wrapModuleLoad (node:internal/modules/cjs/loader:217:24)
#     at Module.require (node:internal/modules/cjs/loader:1335:12)
# Node.js v22.13.0
# Subtest: test\\crm-outbound\\crm-conversation-writeback.test.js
not ok 44 - test\\crm-outbound\\crm-conversation-writeback.test.js
  ---
  duration_ms: 155.6102
  location: 'C:\\Users\\User PC\\Documents\\GitHub\\MarkOS\\test\\crm-outbound\\crm-conversation-writeback.test.js:1:1'
  failureType: 'testCodeFailure'
  exitCode: 1
  signal: ~
  error: 'test failed'
  code: 'ERR_TEST_FAILURE'
  ...
# file:///C:/Users/User%20PC/Documents/GitHub/MarkOS/lib/markos/outbound/providers/base-adapter.ts:1
# import type { Stats } from 'node:fs';
#             ^
# SyntaxError: Unexpected token '{'
#     at compileSourceTextModule (node:internal/modules/esm/utils:338:16)
#     at ModuleLoader.importSyncForRequire (node:internal/modules/esm/loader:322:18)
#     at loadESMFromCJS (node:internal/modules/cjs/loader:1411:24)
#     at Module._compile (node:internal/modules/cjs/loader:1544:5)
#     at Object..js (node:internal/modules/cjs/loader:1699:10)
#     at Module.load (node:internal/modules/cjs/loader:1313:32)
#     at Function._load (node:internal/modules/cjs/loader:1123:12)
#     at TracingChannel.traceSync (node:diagnostics_channel:322:14)
#     at wrapModuleLoad (node:internal/modules/cjs/loader:217:24)
#     at Module.require (node:internal/modules/cjs/loader:1335:12)
# Node.js v22.13.0
# Subtest: test\\crm-outbound\\crm-outbound-foundation.test.js
not ok 45 - test\\crm-outbound\\crm-outbound-foundation.test.js
  ---
  duration_ms: 90.4164
  location: 'C:\\Users\\User PC\\Documents\\GitHub\\MarkOS\\test\\crm-outbound\\crm-outbound-foundation.test.js:1:1'
  failureType: 'testCodeFailure'
  exitCode: 1
  signal: ~
  error: 'test failed'
  code: 'ERR_TEST_FAILURE'
  ...
# Subtest: CRM-06: outbound telemetry covers compose, reply, and opt-out events while preserving payload sanitization
ok 132 - CRM-06: outbound telemetry covers compose, reply, and opt-out events while preserving payload sanitization
  ---
  duration_ms: 1.6757
  ...
# Subtest: CRM-05: outbound workspace reuses CRM queue, composer, and evidence regions inside the CRM shell
ok 133 - CRM-05: outbound workspace reuses CRM queue, composer, and evidence regions inside the CRM shell
  ---
  duration_ms: 3.5661
  ...
# file:///C:/Users/User%20PC/Documents/GitHub/MarkOS/lib/markos/outbound/events.ts:1
# import type { Stats } from 'node:fs';
#             ^
# SyntaxError: Unexpected token '{'
#     at compileSourceTextModule (node:internal/modules/esm/utils:338:16)
#     at ModuleLoader.importSyncForRequire (node:internal/modules/esm/loader:322:18)
#     at loadESMFromCJS (node:internal/modules/cjs/loader:1411:24)
#     at Module._compile (node:internal/modules/cjs/loader:1544:5)
#     at Object..js (node:internal/modules/cjs/loader:1699:10)
#     at Module.load (node:internal/modules/cjs/loader:1313:32)
#     at Function._load (node:internal/modules/cjs/loader:1123:12)
#     at TracingChannel.traceSync (node:diagnostics_channel:322:14)
#     at wrapModuleLoad (node:internal/modules/cjs/loader:217:24)
#     at Module.require (node:internal/modules/cjs/loader:1335:12)
# Node.js v22.13.0
# Subtest: test\\crm-outbound\\crm-provider-webhook-normalization.test.js
not ok 48 - test\\crm-outbound\\crm-provider-webhook-normalization.test.js
  ---
  duration_ms: 130.6827
  location: 'C:\\Users\\User PC\\Documents\\GitHub\\MarkOS\\test\\crm-outbound\\crm-provider-webhook-normalization.test.js:1:1'
  failureType: 'testCodeFailure'
  exitCode: 1
  signal: ~
  error: 'test failed'
  code: 'ERR_TEST_FAILURE'
  ...
# file:///C:/Users/User%20PC/Documents/GitHub/MarkOS/lib/markos/outbound/consent.ts:1
# import type { Stats } from 'node:fs';
#             ^
# SyntaxError: Unexpected token '{'
#     at compileSourceTextModule (node:internal/modules/esm/utils:338:16)
#     at ModuleLoader.importSyncForRequire (node:internal/modules/esm/loader:322:18)
#     at loadESMFromCJS (node:internal/modules/cjs/loader:1411:24)
#     at Module._compile (node:internal/modules/cjs/loader:1544:5)
#     at Object..js (node:internal/modules/cjs/loader:1699:10)
#     at Module.load (node:internal/modules/cjs/loader:1313:32)
#     at Function._load (node:internal/modules/cjs/loader:1123:12)
#     at TracingChannel.traceSync (node:diagnostics_channel:322:14)
#     at wrapModuleLoad (node:internal/modules/cjs/loader:217:24)
#     at Module.require (node:internal/modules/cjs/loader:1335:12)
# Node.js v22.13.0
# Subtest: test\\crm-outbound\\crm-sequence-approval.test.js
not ok 49 - test\\crm-outbound\\crm-sequence-approval.test.js
  ---
  duration_ms: 100.644
  location: 'C:\\Users\\User PC\\Documents\\GitHub\\MarkOS\\test\\crm-outbound\\crm-sequence-approval.test.js:1:1'
  failureType: 'testCodeFailure'
  exitCode: 1
  signal: ~
  error: 'test failed'
  code: 'ERR_TEST_FAILURE'
  ...
# Subtest: ATT-01: attribution contract codifies fixed CRM-native weights and evidence lineage
ok 136 - ATT-01: attribution contract codifies fixed CRM-native weights and evidence lineage
  ---
  duration_ms: 3.3217
  ...
# Subtest: ATT-01: weighted attribution stays deterministic and inspectable across CRM activity families
ok 137 - ATT-01: weighted attribution stays deterministic and inspectable across CRM activity families
  ---
  duration_ms: 3.5663
  ...
# Subtest: ATT-01: attribution only credits stitched anonymous activity after accepted identity linkage
ok 138 - ATT-01: attribution only credits stitched anonymous activity after accepted identity linkage
  ---
  duration_ms: 1.3415
  ...
# Subtest: REP-01: central rollups stay role-gated and explicit about tenant labels
ok 139 - REP-01: central rollups stay role-gated and explicit about tenant labels
  ---
  duration_ms: 28.8913
  ...
# Subtest: REP-01: unauthorized roles fail closed for central rollups
ok 140 - REP-01: unauthorized roles fail closed for central rollups
  ---
  duration_ms: 0.2941
  ...
# Subtest: ATT-01 and REP-01: v3.3 live-check artifacts exist with closeout commands and evidence fields
ok 141 - ATT-01 and REP-01: v3.3 live-check artifacts exist with closeout commands and evidence fields
  ---
  duration_ms: 3.4114
  ...
# Subtest: ATT-01 and REP-01: governance evidence packaging includes Phase 64 closeout artifacts and promotion targets
ok 142 - ATT-01 and REP-01: governance evidence packaging includes Phase 64 closeout artifacts and promotion targets
  ---
  duration_ms: 3.6753
  ...
# Subtest: ATT-01 and REP-01: closure matrix tracks Phase 64 requirement status explicitly
ok 143 - ATT-01 and REP-01: closure matrix tracks Phase 64 requirement status explicitly
  ---
  duration_ms: 1.7614
  ...
# Subtest: REP-01: dashboard API returns unified cockpit metrics and executive summary from the same truth layer
ok 144 - REP-01: dashboard API returns unified cockpit metrics and executive summary from the same truth layer
  ---
  duration_ms: 28.3367
  ...
# Subtest: REP-01: readiness panel makes degraded and healthy data states visible inside the reporting shell
ok 145 - REP-01: readiness panel makes degraded and healthy data states visible inside the reporting shell
  ---
  duration_ms: 2.3687
  ...
# Subtest: REP-01: reporting contract makes readiness, freshness, productivity, and executive summary explicit
ok 146 - REP-01: reporting contract makes readiness, freshness, productivity, and executive summary explicit
  ---
  duration_ms: 4.5799
  ...
# Subtest: REP-01: readiness report degrades honestly when identity, tracking, or outbound coverage is partial
ok 147 - REP-01: readiness report degrades honestly when identity, tracking, or outbound coverage is partial
  ---
  duration_ms: 13.1088
  ...
# Subtest: REP-01: readiness API returns deterministic degraded-state reporting payload and telemetry vocabulary exists
ok 148 - REP-01: readiness API returns deterministic degraded-state reporting payload and telemetry vocabulary exists
  ---
  duration_ms: 25.6259
  ...
# Subtest: REP-01: CRM reporting cockpit route lives in the MarkOS shell with one coherent reporting surface
ok 149 - REP-01: CRM reporting cockpit route lives in the MarkOS shell with one coherent reporting surface
  ---
  duration_ms: 3.2931
  ...
# Subtest: REP-01: reporting store tracks one truth layer across role, time range, pipeline, drilldown, and evidence context
ok 150 - REP-01: reporting store tracks one truth layer across role, time range, pipeline, drilldown, and evidence context
  ---
  duration_ms: 2.3054
  ...
# Subtest: REP-01: reporting cockpit components expose dashboard, evidence rail, executive summary, and governed rollups
ok 151 - REP-01: reporting cockpit components expose dashboard, evidence rail, executive summary, and governed rollups
  ---
  duration_ms: 3.3462
  ...
# Subtest: REP-01: verification route keeps live checks and evidence capture inside the CRM reporting shell
ok 152 - REP-01: verification route keeps live checks and evidence capture inside the CRM reporting shell
  ---
  duration_ms: 2.6776
  ...
# Subtest: REP-01: verification API returns checklist state, readiness review, and requirement-promotion metadata
ok 153 - REP-01: verification API returns checklist state, readiness review, and requirement-promotion metadata
  ---
  duration_ms: 4.0743
  ...
# Subtest: CRM-01: Wave 1 artifacts exist
ok 154 - CRM-01: Wave 1 artifacts exist
  ---
  duration_ms: 1.7085
  ...
# Subtest: CRM-01: contracts expose first-class CRM entity families
ok 155 - CRM-01: contracts expose first-class CRM entity families
  ---
  duration_ms: 1.9576
  ...
# Subtest: CRM-01: create/update/list helpers stay tenant-bound and legacy-table independent
ok 156 - CRM-01: create/update/list helpers stay tenant-bound and legacy-table independent
  ---
  duration_ms: 3.0992
  ...
# Subtest: CRM-01: core schema migration declares all first-class CRM tables
ok 157 - CRM-01: core schema migration declares all first-class CRM tables
  ---
  duration_ms: 3.2865
  ...
# Subtest: CRM-01: custom fields stay explicit and object-scoped
ok 158 - CRM-01: custom fields stay explicit and object-scoped
  ---
  duration_ms: 4.6452
  ...
# Subtest: CRM-01: CRUD contract names canonical ids and fail-closed authorization
ok 159 - CRM-01: CRUD contract names canonical ids and fail-closed authorization
  ---
  duration_ms: 1.2454
  ...
# Subtest: CRM-03: pipeline workspace migration declares tenant-owned pipeline, stage, and object metadata tables
ok 160 - CRM-03: pipeline workspace migration declares tenant-owned pipeline, stage, and object metadata tables
  ---
  duration_ms: 3.2267
  ...
# Subtest: CRM-03: CRM contracts expose workspace views, pipeline validation, and custom-object eligibility
ok 161 - CRM-03: CRM contracts expose workspace views, pipeline validation, and custom-object eligibility
  ---
  duration_ms: 1.8674
  ...
# Subtest: REP-01: pipeline and object contracts name simple stage semantics and view-capability rules explicitly
ok 162 - REP-01: pipeline and object contracts name simple stage semantics and view-capability rules explicitly
  ---
  duration_ms: 0.6664
  ...
# Subtest: CRM-02: timeline helper orders newest activity first and preserves source references
ok 163 - CRM-02: timeline helper orders newest activity first and preserves source references
  ---
  duration_ms: 4.5393
  ...
# Subtest: CRM-02: timeline contract and migration encode MarkOS-owned ledger semantics
ok 164 - CRM-02: timeline contract and migration encode MarkOS-owned ledger semantics
  ---
  duration_ms: 2.3668
  ...
# Subtest: CRM-03: calendar view only renders explicitly eligible objects and approved date fields
ok 165 - CRM-03: calendar view only renders explicitly eligible objects and approved date fields
  ---
  duration_ms: 23.6992
  ...
# Subtest: CRM-03: calendar API lists eligible entries and persists reschedules with audit evidence
ok 166 - CRM-03: calendar API lists eligible entries and persists reschedules with audit evidence
  ---
  duration_ms: 7.2017
  ...
# Subtest: CRM-03: workspace shell exposes all six required views
ok 167 - CRM-03: workspace shell exposes all six required views
  ---
  duration_ms: 4.4762
  ...
# Subtest: CRM-03: cross-view state keeps filters, pipeline context, and mutations coherent across all six views
ok 168 - CRM-03: cross-view state keeps filters, pipeline context, and mutations coherent across all six views
  ---
  duration_ms: 3.7787
  ...
# Subtest: REP-01: funnel view computes simple stage count and value totals from canonical records
ok 169 - REP-01: funnel view computes simple stage count and value totals from canonical records
  ---
  duration_ms: 23.9283
  ...
# Subtest: REP-01: funnel API derives rows from active stage config and canonical deal values
ok 170 - REP-01: funnel API derives rows from active stage config and canonical deal values
  ---
  duration_ms: 6.9884
  ...
# Subtest: CRM-03: record-detail hub surfaces canonical fields, ordered timeline, tasks, and notes
ok 171 - CRM-03: record-detail hub surfaces canonical fields, ordered timeline, tasks, and notes
  ---
  duration_ms: 4.5254
  ...
# Subtest: CRM-03: workspace routes and shell replace placeholder pages with a CRM workspace entry family
ok 172 - CRM-03: workspace routes and shell replace placeholder pages with a CRM workspace entry family
  ---
  duration_ms: 2.9241
  ...
# Subtest: CRM-03: protected CRM routes hydrate canonical records, pipeline context, and detail timeline state
ok 173 - CRM-03: protected CRM routes hydrate canonical records, pipeline context, and detail timeline state
  ---
  duration_ms: 15.4456
  ...
# Subtest: CRM-03: kanban and table views read from the same canonical workspace record layer
ok 174 - CRM-03: kanban and table views read from the same canonical workspace record layer
  ---
  duration_ms: 21.7978
  ...
# Subtest: CRM-03: workspace filter state survives view switching and remains serializable
ok 175 - CRM-03: workspace filter state survives view switching and remains serializable
  ---
  duration_ms: 1.178
  ...
# Subtest: 42-02-01 route db:setup through CLI command parser
ok 176 - 42-02-01 route db:setup through CLI command parser
  ---
  duration_ms: 1.5139
  ...
# Collected credentials (redacted):
# {
#   "SUPABASE_URL": "https://supabase.example.com",
#   "SUPABASE_SERVICE_ROLE_KEY": "sup***lue",
#   "UPSTASH_VECTOR_REST_URL": "https://upstash.example.com",
#   "UPSTASH_VECTOR_REST_TOKEN": "ups***lue"
# }
# Collected credentials (redacted):
# {
#   "SUPABASE_URL": "https://supabase.example.com",
#   "SUPABASE_SERVICE_ROLE_KEY": "sup***lue",
#   "UPSTASH_VECTOR_REST_URL": "https://upstash.example.com",
#   "UPSTASH_VECTOR_REST_TOKEN": "ups***lue"
# }
# Subtest: 42-02-02 interactive credential wizard captures required keys and redacts secrets
ok 177 - 42-02-02 interactive credential wizard captures required keys and redacts secrets
  ---
  duration_ms: 4581.8576
  ...
# Collected credentials (redacted):
# {
#   "SUPABASE_URL": "https://supabase.example.com",
#   "SUPABASE_SERVICE_ROLE_KEY": "sup***e-2",
#   "UPSTASH_VECTOR_REST_URL": "https://upstash.example.com",
#   "UPSTASH_VECTOR_REST_TOKEN": "ups***e-2"
# }
# Collected credentials (redacted):
# {
#   "SUPABASE_URL": "https://supabase.example.com",
#   "SUPABASE_SERVICE_ROLE_KEY": "sup***lue",
#   "UPSTASH_VECTOR_REST_URL": "https://upstash.example.com",
#   "UPSTASH_VECTOR_REST_TOKEN": "ups***lue"
# }
# Collected credentials (redacted):
# {
#   "SUPABASE_URL": "https://supabase.example.com",
#   "SUPABASE_SERVICE_ROLE_KEY": "sup***lue",
#   "UPSTASH_VECTOR_REST_URL": "https://upstash.example.com",
#   "UPSTASH_VECTOR_REST_TOKEN": "ups***lue"
# }
# Subtest: 42-02-03 provider probes gate .env persistence and enforce idempotent rerun
ok 178 - 42-02-03 provider probes gate .env persistence and enforce idempotent rerun
  ---
  duration_ms: 8816.83
  ...
# Subtest: 42-02-04 db:setup checks .gitignore protections for .env secrets
ok 179 - 42-02-04 db:setup checks .gitignore protections for .env secrets
  ---
  duration_ms: 1.6311
  ...
# Subtest: 42-04-03 db:setup fails with actionable diagnostics when security auditors fail
ok 180 - 42-04-03 db:setup fails with actionable diagnostics when security auditors fail
  ---
  duration_ms: 2.0575
  ...
# Subtest: 42-05-01 runDbSetup emits consolidated health snapshot without secret leakage
ok 181 - 42-05-01 runDbSetup emits consolidated health snapshot without secret leakage
  ---
  duration_ms: 1.758
  ...
# [dotenv@17.3.1] injecting env (0) from .env -- tip: ÔÜí´©Å secrets for agents: https://dotenvx.com/as2
# Subtest: resolveLegacyApiRoute resolves billing API modules and onboarding aliases
ok 182 - resolveLegacyApiRoute resolves billing API modules and onboarding aliases
  ---
  duration_ms: 1.7847
  ...
# Subtest: resolveOnboardingAssetPath keeps onboarding assets reachable under unified dev server
ok 183 - resolveOnboardingAssetPath keeps onboarding assets reachable under unified dev server
  ---
  duration_ms: 1.1542
  ...
# Subtest: buildPluginTenantContext defaults plugin access on for local runtime probes
ok 184 - buildPluginTenantContext defaults plugin access on for local runtime probes
  ---
  duration_ms: 0.4509
  ...
# Subtest: requireHostedSupabaseAuth local fallback inherits active tenant and role
ok 185 - requireHostedSupabaseAuth local fallback inherits active tenant and role
  ---
  duration_ms: 0.7969
  ...
# Subtest: buildLocalAuthContext exposes stable local operator defaults
ok 186 - buildLocalAuthContext exposes stable local operator defaults
  ---
  duration_ms: 0.2218
  ...
# Subtest: plugin: digitalAgencyPlugin exports a valid plugin contract
ok 187 - plugin: digitalAgencyPlugin exports a valid plugin contract
  ---
  duration_ms: 2.1201
  ...
# Subtest: plugin: all routes have path, method, handler, and requiredCapability
ok 188 - plugin: all routes have path, method, handler, and requiredCapability
  ---
  duration_ms: 0.5825
  ...
# Subtest: plugin: plugin id matches digital-agency-v1
ok 189 - plugin: plugin id matches digital-agency-v1
  ---
  duration_ms: 0.1824
  ...
# Subtest: route: GET /plugins/digital-agency/dashboard returns 200 for authorized tenant
ok 190 - route: GET /plugins/digital-agency/dashboard returns 200 for authorized tenant
  ---
  duration_ms: 2.9453
  ...
# Subtest: route: GET /plugins/digital-agency/drafts returns 200 for authorized tenant
ok 191 - route: GET /plugins/digital-agency/drafts returns 200 for authorized tenant
  ---
  duration_ms: 0.471
  ...
# Subtest: route: POST /plugins/digital-agency/campaigns/assemble returns 200 for authorized tenant
ok 192 - route: POST /plugins/digital-agency/campaigns/assemble returns 200 for authorized tenant
  ---
  duration_ms: 0.9542
  ...
# Subtest: authorization: handleDashboard returns 404 when plugin is disabled for tenant
ok 193 - authorization: handleDashboard returns 404 when plugin is disabled for tenant
  ---
  duration_ms: 0.2734
  ...
# Subtest: authorization: handleAssembleCampaign returns 403 when capability not granted
ok 194 - authorization: handleAssembleCampaign returns 403 when capability not granted
  ---
  duration_ms: 0.2567
  ...
# Subtest: authorization: handlePublishCampaign returns 403 when capability not granted
ok 195 - authorization: handlePublishCampaign returns 403 when capability not granted
  ---
  duration_ms: 3.2103
  ...
# Subtest: workflow: handleAssembleCampaign returns campaign with draft_ids and pending_approval state
ok 196 - workflow: handleAssembleCampaign returns campaign with draft_ids and pending_approval state
  ---
  duration_ms: 1.5301
  ...
# Subtest: workflow: handlePublishCampaign returns campaign with published state for authorized tenant
ok 197 - workflow: handlePublishCampaign returns campaign with published state for authorized tenant
  ---
  duration_ms: 0.8709
  ...
# Subtest: workflow: handlePublishCampaign denied attempt does not mutate campaign state
ok 198 - workflow: handlePublishCampaign denied attempt does not mutate campaign state
  ---
  duration_ms: 0.2705
  ...
# Subtest: events: handleApprovalGranted records approval event with tenant_id and correlation_id
ok 199 - events: handleApprovalGranted records approval event with tenant_id and correlation_id
  ---
  duration_ms: 0.2739
  ...
# Subtest: events: handleCampaignPublished records publish event with state and tenant_id
ok 200 - events: handleCampaignPublished records publish event with state and tenant_id
  ---
  duration_ms: 0.1888
  ...
# Subtest: rankDisciplines maps active_channels into deterministic discipline order
ok 201 - rankDisciplines maps active_channels into deterministic discipline order
  ---
  duration_ms: 4.2301
  ...
# Subtest: rankDisciplines boosts taxonomy-matched pain points without using business_model
ok 202 - rankDisciplines boosts taxonomy-matched pain points without using business_model
  ---
  duration_ms: 0.4795
  ...
# Subtest: rankDisciplines falls back to Paid_Media, Content_SEO, Lifecycle_Email when signals are empty
ok 203 - rankDisciplines falls back to Paid_Media, Content_SEO, Lifecycle_Email when signals are empty
  ---
  duration_ms: 0.2225
  ...
# Subtest: rankDisciplines ignores business_model when routing signals are absent
ok 204 - rankDisciplines ignores business_model when routing signals are absent
  ---
  duration_ms: 0.3495
  ...
# Subtest: Suite 6: example-resolver
    # Subtest: 6.1 resolves correct file for known model slug
    ok 1 - 6.1 resolves correct file for known model slug
      ---
      duration_ms: 4.8706
      ...
    # Subtest: 6.2 normalizes model slugs (Agents-aaS ÔåÆ agents-aas)
    ok 2 - 6.2 normalizes model slugs (Agents-aaS ÔåÆ agents-aas)
      ---
      duration_ms: 3.7753
      ...
    # Subtest: 6.3 returns empty string for missing file (graceful degradation)
    ok 3 - 6.3 returns empty string for missing file (graceful degradation)
      ---
      duration_ms: 1.4161
      ...
    # Subtest: 6.4 returns empty string for unknown business model
    ok 4 - 6.4 returns empty string for unknown business model
      ---
      duration_ms: 0.8259
      ...
    # Subtest: 6.5 returns empty string when templateName is missing
    ok 5 - 6.5 returns empty string when templateName is missing
      ---
      duration_ms: 2.2686
      ...
    # Subtest: 6.6 injection block has correct format
    ok 6 - 6.6 injection block has correct format
      ---
      duration_ms: 2.8329
      ...
    # Subtest: 6.7 handles all 7 canonical models without throwing
    ok 7 - 6.7 handles all 7 canonical models without throwing
      ---
      duration_ms: 9.5889
      ...
    1..7
ok 205 - Suite 6: example-resolver
  ---
  duration_ms: 29.0153
  ...
# Subtest: GOV-01: governance contracts export evidence, retention, and vendor inventory shapes
ok 206 - GOV-01: governance contracts export evidence, retention, and vendor inventory shapes
  ---
  duration_ms: 2.5825
  ...
# Subtest: GOV-01: evidence-pack fixture is derived from immutable billing and identity evidence sources
ok 207 - GOV-01: evidence-pack fixture is derived from immutable billing and identity evidence sources
  ---
  duration_ms: 1.2905
  ...
# Subtest: GOV-01: retention export fixture tracks immutable export status and retention window
ok 208 - GOV-01: retention export fixture tracks immutable export status and retention window
  ---
  duration_ms: 0.2248
  ...
# Subtest: SEC-02: deletion workflow fixture captures request, export-before-delete, and resulting evidence
ok 209 - SEC-02: deletion workflow fixture captures request, export-before-delete, and resulting evidence
  ---
  duration_ms: 0.3626
  ...
# Subtest: SEC-02: governance evidence endpoint exposes deletion workflow beside retention export
ok 210 - SEC-02: governance evidence endpoint exposes deletion workflow beside retention export
  ---
  duration_ms: 0.3435
  ...
# Subtest: GOV-01: vendor inventory report includes AI and billing subprocessors from immutable ledgers
ok 211 - GOV-01: vendor inventory report includes AI and billing subprocessors from immutable ledgers
  ---
  duration_ms: 2.4591
  ...
# Subtest: GOV-01: vendor inventory report rejects operator-authored notes as source of truth
ok 212 - GOV-01: vendor inventory report rejects operator-authored notes as source of truth
  ---
  duration_ms: 0.6258
  ...
# {
#   "claude_md_path": "C:\\\\Users\\\\USERPC~1\\\\AppData\\\\Local\\\\Temp\\\\markos-test-bKqybx\\\\copilot-instructions.md",
#   "action": "updated",
#   "sections_generated": [
#     "workflow"
#   ],
#   "sections_fallback": [
#     "project",
#     "stack",
#     "conventions",
#     "architecture",
#     "skills"
#   ],
#   "sections_skipped": [],
#   "sections_total": 6,
#   "profile_status": "placeholder_added",
#   "message": "Generated 1/6 sections. Fallback: project, stack, conventions, architecture, skills. Run /gsd-profile-user to unlock Developer Profile."
# }
# {
#   "claude_md_path": "C:\\\\Users\\\\USERPC~1\\\\AppData\\\\Local\\\\Temp\\\\markos-test-bKqybx\\\\CLAUDE.md",
#   "action": "updated",
#   "sections_generated": [
#     "workflow"
#   ],
#   "sections_fallback": [
#     "project",
#     "stack",
#     "conventions",
#     "architecture",
#     "skills"
#   ],
#   "sections_skipped": [],
#   "sections_total": 6,
#   "profile_status": "placeholder_added",
#   "message": "Generated 1/6 sections. Fallback: project, stack, conventions, architecture, skills. Run /gsd-profile-user to unlock Developer Profile."
# }
# Subtest: 64.2 dual-root instruction generation keeps both root artifacts intentional
ok 213 - 64.2 dual-root instruction generation keeps both root artifacts intentional
  ---
  duration_ms: 11.5618
  ...
# Subtest: 64.2 instruction surfaces preserve the shared versus localized ownership split
ok 214 - 64.2 instruction surfaces preserve the shared versus localized ownership split
  ---
  duration_ms: 49.2784
  ...
# Subtest: 64.3 inserted decimal phases remain discoverable through roadmap get-phase
ok 215 - 64.3 inserted decimal phases remain discoverable through roadmap get-phase
  ---
  duration_ms: 254.112
  ...
# C:\\Users\\User PC\\Documents\\GitHub\\MarkOS\\tools\\gsd-refresh-manifest.cjs:113
#       throw new Error(`Manifest hash mismatch for ${key}: ${path.relative(repoRoot, target.manifestPath)}`);
#       ^
# Error: Manifest hash mismatch for bin/lib/core.cjs: .github\\gsd-file-manifest.json
#     at verifyManifest (C:\\Users\\User PC\\Documents\\GitHub\\MarkOS\\tools\\gsd-refresh-manifest.cjs:113:13)
#     at main (C:\\Users\\User PC\\Documents\\GitHub\\MarkOS\\tools\\gsd-refresh-manifest.cjs:134:7)
#     at Object.<anonymous> (C:\\Users\\User PC\\Documents\\GitHub\\MarkOS\\tools\\gsd-refresh-manifest.cjs:147:3)
#     at Module._compile (node:internal/modules/cjs/loader:1562:14)
#     at Object..js (node:internal/modules/cjs/loader:1699:10)
#     at Module.load (node:internal/modules/cjs/loader:1313:32)
#     at Function._load (node:internal/modules/cjs/loader:1123:12)
#     at TracingChannel.traceSync (node:diagnostics_channel:322:14)
#     at wrapModuleLoad (node:internal/modules/cjs/loader:217:24)
#     at Function.executeUserEntryPoint [as runMain] (node:internal/modules/run_main:170:5)
# Node.js v22.13.0
# Subtest: 64.3 GSD manifests stay fresh for every tracked shared and localized file
not ok 216 - 64.3 GSD manifests stay fresh for every tracked shared and localized file
  ---
  duration_ms: 196.9085
  location: 'C:\\Users\\User PC\\Documents\\GitHub\\MarkOS\\test\\gsd\\manifest-freshness.test.js:13:1'
  failureType: 'testCodeFailure'
  error: |-
    Command failed: C:\Program Files\nodejs\node.exe tools/gsd-refresh-manifest.cjs --check
    C:\Users\User PC\Documents\GitHub\MarkOS\tools\gsd-refresh-manifest.cjs:113
          throw new Error(`Manifest hash mismatch for ${key}: ${path.relative(repoRoot, target.manifestPath)}`);
          ^
    
    Error: Manifest hash mismatch for bin/lib/core.cjs: .github\gsd-file-manifest.json
        at verifyManifest (C:\Users\User PC\Documents\GitHub\MarkOS\tools\gsd-refresh-manifest.cjs:113:13)
        at main (C:\Users\User PC\Documents\GitHub\MarkOS\tools\gsd-refresh-manifest.cjs:134:7)
        at Object.<anonymous> (C:\Users\User PC\Documents\GitHub\MarkOS\tools\gsd-refresh-manifest.cjs:147:3)
        at Module._compile (node:internal/modules/cjs/loader:1562:14)
        at Object..js (node:internal/modules/cjs/loader:1699:10)
        at Module.load (node:internal/modules/cjs/loader:1313:32)
        at Function._load (node:internal/modules/cjs/loader:1123:12)
        at TracingChannel.traceSync (node:diagnostics_channel:322:14)
        at wrapModuleLoad (node:internal/modules/cjs/loader:217:24)
        at Function.executeUserEntryPoint [as runMain] (node:internal/modules/run_main:170:5)
    
    Node.js v22.13.0
    
  code: 'ERR_TEST_FAILURE'
  stack: |-
    verifyManifest (C:\Users\User PC\Documents\GitHub\MarkOS\tools\gsd-refresh-manifest.cjs:113:13)
    main (C:\Users\User PC\Documents\GitHub\MarkOS\tools\gsd-refresh-manifest.cjs:134:7)
    Object.<anonymous> (C:\Users\User PC\Documents\GitHub\MarkOS\tools\gsd-refresh-manifest.cjs:147:3)
    Module._compile (node:internal/modules/cjs/loader:1562:14)
    Object..js (node:internal/modules/cjs/loader:1699:10)
    Module.load (node:internal/modules/cjs/loader:1313:32)
    Function._load (node:internal/modules/cjs/loader:1123:12)
    TracingChannel.traceSync (node:diagnostics_channel:322:14)
    wrapModuleLoad (node:internal/modules/cjs/loader:217:24)
    Function.executeUserEntryPoint [as runMain] (node:internal/modules/run_main:170:5)
    genericNodeError (node:internal/errors:983:15)
    wrappedFn (node:internal/errors:537:14)
    checkExecSyncError (node:child_process:882:11)
    Object.execFileSync (node:child_process:918:15)
    TestContext.<anonymous> (C:\Users\User PC\Documents\GitHub\MarkOS\test\gsd\manifest-freshness.test.js:14:16)
    Test.runInAsyncScope (node:async_hooks:211:14)
    Test.run (node:internal/test_runner/test:931:25)
    Test.start (node:internal/test_runner/test:829:17)
    startSubtestAfterBootstrap (node:internal/test_runner/harness:296:17)
  ...
# ÔöüÔöüÔöüÔöüÔöüÔöüÔöüÔöüÔöüÔöüÔöüÔöüÔöüÔöüÔöüÔöüÔöüÔöüÔöüÔöüÔöüÔöüÔöüÔöüÔöüÔöüÔöüÔöüÔöüÔöüÔöüÔöüÔöüÔöüÔöüÔöüÔöüÔöüÔöüÔöüÔöüÔöüÔöüÔöüÔöüÔöü
#  MarkOS Legacy Importer
# ÔöüÔöüÔöüÔöüÔöüÔöüÔöüÔöüÔöüÔöüÔöüÔöüÔöüÔöüÔöüÔöüÔöüÔöüÔöüÔöüÔöüÔöüÔöüÔöüÔöüÔöüÔöüÔöüÔöüÔöüÔöüÔöüÔöüÔöüÔöüÔöüÔöüÔöüÔöüÔöüÔöüÔöüÔöüÔöüÔöüÔöü
# ÔöüÔöüÔöüÔöüÔöüÔöüÔöüÔöüÔöüÔöüÔöüÔöüÔöüÔöüÔöüÔöüÔöüÔöüÔöüÔöüÔöüÔöüÔöüÔöüÔöüÔöüÔöüÔöüÔöüÔöüÔöüÔöüÔöüÔöüÔöüÔöüÔöüÔöüÔöüÔöüÔöüÔöüÔöüÔöüÔöüÔöü
#  MarkOS Legacy Importer
# ÔöüÔöüÔöüÔöüÔöüÔöüÔöüÔöüÔöüÔöüÔöüÔöüÔöüÔöüÔöüÔöüÔöüÔöüÔöüÔöüÔöüÔöüÔöüÔöüÔöüÔöüÔöüÔöüÔöüÔöüÔöüÔöüÔöüÔöüÔöüÔöüÔöüÔöüÔöüÔöüÔöüÔöüÔöüÔöüÔöüÔöü
# Subtest: import:legacy is routed through the CLI parser with scan-only default
ok 217 - import:legacy is routed through the CLI parser with scan-only default
  ---
  duration_ms: 1.3714
  ...
# Subtest: import:legacy parser accepts apply mode and project slug override
ok 218 - import:legacy parser accepts apply mode and project slug override
  ---
  duration_ms: 0.3622
  ...
# Subtest: CLI importer prints scan preview by default without applying writes
ok 219 - CLI importer prints scan preview by default without applying writes
  ---
  duration_ms: 31.1508
  ...
# Subtest: CLI importer apply mode reports totals and durable report note path
ok 220 - CLI importer apply mode reports totals and durable report note path
  ---
  duration_ms: 0.8155
  ...
# Subtest: install entrypoint delegates import:legacy to the dedicated CLI adapter
ok 221 - install entrypoint delegates import:legacy to the dedicated CLI adapter
  ---
  duration_ms: 9.3261
  ...
# Subtest: install parser resolves profile aliases and conflicts deterministically
ok 222 - install parser resolves profile aliases and conflicts deterministically
  ---
  duration_ms: 1.763
  ...
# Subtest: Suite 1: Interactive Install Wizard
    # Subtest: 1.0 Node runtime guard rejects versions below 20.16.0
    ok 1 - 1.0 Node runtime guard rejects versions below 20.16.0
      ---
      duration_ms: 94.5009
      ...
    # Subtest: 1.1 Standalone Clean Install
    ok 2 - 1.1 Standalone Clean Install
      ---
      duration_ms: 1999.9497
      ...
    # Subtest: 1.1.1 CLI flags override defaults cleanly
    ok 3 - 1.1.1 CLI flags override defaults cleanly
      ---
      duration_ms: 2046.5346
      ...
    # Subtest: 1.1.4 profile flags persist explicit component contract in manifest
    ok 4 - 1.1.4 profile flags persist explicit component contract in manifest
      ---
      duration_ms: 2468.6231
      ...
    # Subtest: 1.1.2 Existing .gitignore receives managed block once
    ok 5 - 1.1.2 Existing .gitignore receives managed block once
      ---
      duration_ms: 1960.6433
      ...
    # Subtest: 1.1.3 Existing root copilot instructions file is preserved and annotated
    ok 6 - 1.1.3 Existing root copilot instructions file is preserved and annotated
      ---
      duration_ms: 866.1059
      ...
    # Subtest: 1.2 GSD Co-existence Install
    ok 7 - 1.2 GSD Co-existence Install
      ---
      duration_ms: 779.0184
      ...
    # Subtest: 1.3 Existing MarkOS Detection
    ok 8 - 1.3 Existing MarkOS Detection
      ---
      duration_ms: 61.9651
      ...
    # Subtest: 1.4 Existing install auto-hands off to update in non-interactive mode
    ok 9 - 1.4 Existing install auto-hands off to update in non-interactive mode
      ---
      duration_ms: 500.1287
      ...
    1..9
ok 223 - Suite 1: Interactive Install Wizard
  ---
  duration_ms: 10780.9865
  ...
# Subtest: SOP-01: Valid seed structure
ok 224 - SOP-01: Valid seed structure
  ---
  duration_ms: 1.4856
  ...
# Subtest: SOP-02: Invalid seed detected
ok 225 - SOP-02: Invalid seed detected
  ---
  duration_ms: 0.9626
  ...
# Subtest: SOP-03: Slug collision detection ready
ok 226 - SOP-03: Slug collision detection ready
  ---
  duration_ms: 0.265
  ...
# Subtest: SOP-04: Orchestrator error handling structure
ok 227 - SOP-04: Orchestrator error handling structure
  ---
  duration_ms: 0.301
  ...
# Subtest: LINK-01: buildLinearTasks produces proper payload
ok 228 - LINK-01: buildLinearTasks produces proper payload
  ---
  duration_ms: 4.4758
  ...
# Subtest: LINK-02: Linear task includes client name and stage
ok 229 - LINK-02: Linear task includes client name and stage
  ---
  duration_ms: 0.3608
  ...
# Subtest: LINK-03: Token whitelist enforced
ok 230 - LINK-03: Token whitelist enforced
  ---
  duration_ms: 0.2445
  ...
# Subtest: LINK-04: Both tasks have required fields
ok 231 - LINK-04: Both tasks have required fields
  ---
  duration_ms: 0.2319
  ...
# Subtest: LINK-05: INT-01 task has validation timestamp
ok 232 - LINK-05: INT-01 task has validation timestamp
  ---
  duration_ms: 0.4344
  ...
# Subtest: ORCH-01: ensureUniqueSlug returns same slug if not taken
ok 233 - ORCH-01: ensureUniqueSlug returns same slug if not taken
  ---
  duration_ms: 3.1648
  ...
# Subtest: ORCH-02: ensureUniqueSlug appends on collision
ok 234 - ORCH-02: ensureUniqueSlug appends on collision
  ---
  duration_ms: 1.0914
  ...
# Subtest: ORCH-03: Slug suffix format is correct
ok 235 - ORCH-03: Slug suffix format is correct
  ---
  duration_ms: 0.2708
  ...
# Subtest: ORCH-04: vectorMemory.exists is called
ok 236 - ORCH-04: vectorMemory.exists is called
  ---
  duration_ms: 0.3291
  ...
# Subtest: R001: company.name required, non-empty, max 100 chars
ok 237 - R001: company.name required, non-empty, max 100 chars
  ---
  duration_ms: 1.9581
  ...
# Subtest: R001: valid company name passes
ok 238 - R001: valid company name passes
  ---
  duration_ms: 0.2211
  ...
# Subtest: R002: company.stage must be in enum
ok 239 - R002: company.stage must be in enum
  ---
  duration_ms: 0.1986
  ...
# Subtest: R003: product.name required
ok 240 - R003: product.name required
  ---
  duration_ms: 0.2749
  ...
# Subtest: R004: audience.pain_points min 2
ok 241 - R004: audience.pain_points min 2
  ---
  duration_ms: 0.3565
  ...
# Subtest: R005: market.competitors min 2
ok 242 - R005: market.competitors min 2
  ---
  duration_ms: 0.2618
  ...
# Subtest: R006: market.market_trends min 1
ok 243 - R006: market.market_trends min 1
  ---
  duration_ms: 0.3301
  ...
# Subtest: R007: content.content_maturity in enum
ok 244 - R007: content.content_maturity in enum
  ---
  duration_ms: 0.207
  ...
# Subtest: R008: slug format validation
ok 245 - R008: slug format validation
  ---
  duration_ms: 0.6846
  ...
# Subtest: Valid seed passes all checks
ok 246 - Valid seed passes all checks
  ---
  duration_ms: 0.6222
  ...
# Subtest: legacy importer plans and applies one-way canonical writes while preserving legacy files
ok 247 - legacy importer plans and applies one-way canonical writes while preserving legacy files
  ---
  duration_ms: 368.2932
  ...
# Subtest: legacy importer blocks conflicting canonical destinations without mutating the existing note
ok 248 - legacy importer blocks conflicting canonical destinations without mutating the existing note
  ---
  duration_ms: 395.8937
  ...
# Ô£ô onboarding-seed.json written to: C:\\Users\\USERPC~1\\AppData\\Local\\Temp\\markos-test-7MHM55\\mock-onboarding-seed.json
# ­ƒñû Running MarkOS AI draft generation for: markos-client-5f39ec2b
# [discipline-router] taxonomy.json not found, using DEFAULT_DISCIPLINE_FALLBACK parent map
# [Phase 78] Bundle creation denied: BRAND_GOV_MISSING_LANE
# Subtest: Phase 44 literacy e2e contracts (Wave 0 stubs)
    # Subtest: [44-01-03] fixture corpus includes deterministic docs for 3 disciplines
    ok 1 - [44-01-03] fixture corpus includes deterministic docs for 3 disciplines
      ---
      duration_ms: 1.4708
      ...
    # Subtest: [44-01-01 LIT-16] lifecycle contract: ingest -> submit -> orchestrate -> standards_context
    ok 2 - [44-01-01 LIT-16] lifecycle contract: ingest -> submit -> orchestrate -> standards_context
      ---
      duration_ms: 446.1144
      ...
    # Subtest: [44-01-02 LIT-17] coverage contract: GET /api/literacy/coverage returns shape and unconfigured branch
    ok 3 - [44-01-02 LIT-17] coverage contract: GET /api/literacy/coverage returns shape and unconfigured branch
      ---
      duration_ms: 515.2557
      ...
    # Subtest: [44-02-03 LIT-17] vector coverage helper returns deterministic unconfigured structure
    ok 4 - [44-02-03 LIT-17] vector coverage helper returns deterministic unconfigured structure
      ---
      duration_ms: 6.4466
      ...
    # Subtest: [44-03-03 LIT-17] coverage endpoint reflects fixture corpus counts for ingested disciplines
    ok 5 - [44-03-03 LIT-17] coverage endpoint reflects fixture corpus counts for ingested disciplines
      ---
      duration_ms: 622.5248
      ...
    # Subtest: [44-04-01 LIT-18] populated corpus must not produce zero retrieval hits
    ok 6 - [44-04-01 LIT-18] populated corpus must not produce zero retrieval hits
      ---
      duration_ms: 0.6904
      ...
    # Subtest: [44-04-03 LIT-18] zero-hit diagnostics include missing disciplines and fixture expectation
    ok 7 - [44-04-03 LIT-18] zero-hit diagnostics include missing disciplines and fixture expectation
      ---
      duration_ms: 0.3109
      ...
    1..7
ok 249 - Phase 44 literacy e2e contracts (Wave 0 stubs)
  ---
  duration_ms: 1600.2122
  ...
# Subtest: Literacy chunker parses fenced yaml arrays
ok 250 - Literacy chunker parses fenced yaml arrays
  ---
  duration_ms: 5.627
  ...
# Subtest: Literacy chunker splits tactics and vocabulary deterministically
ok 251 - Literacy chunker splits tactics and vocabulary deterministically
  ---
  duration_ms: 4.3728
  ...
# Subtest: Ingest CLI script exists and is executable entrypoint
ok 252 - Ingest CLI script exists and is executable entrypoint
  ---
  duration_ms: 0.7398
  ...
# Subtest: Literacy chunker parses pain_point_tags as an array
ok 253 - Literacy chunker parses pain_point_tags as an array
  ---
  duration_ms: 1.1923
  ...
# Subtest: Literacy chunker propagates pain_point_tags onto each chunk
ok 254 - Literacy chunker propagates pain_point_tags onto each chunk
  ---
  duration_ms: 1.1956
  ...
# Subtest: buildLiteracyFilter adds pain_point_tags CONTAINS clause
ok 255 - buildLiteracyFilter adds pain_point_tags CONTAINS clause
  ---
  duration_ms: 2.135
  ...
# Subtest: ingest-literacy script contains pain_point_tags validation error string
ok 256 - ingest-literacy script contains pain_point_tags validation error string
  ---
  duration_ms: 0.5187
  ...
# Subtest: activation evidence includes MIR inputs and purchased-service rationale for selected and unselected disciplines
ok 257 - activation evidence includes MIR inputs and purchased-service rationale for selected and unselected disciplines
  ---
  duration_ms: 9.4569
  ...
# Subtest: rejects discipline activation when service context is missing
ok 258 - rejects discipline activation when service context is missing
  ---
  duration_ms: 0.6999
  ...
# Subtest: fails unexplained deactivation attempts for previously active disciplines
ok 259 - fails unexplained deactivation attempts for previously active disciplines
  ---
  duration_ms: 0.8528
  ...
# Subtest: Phase 47 Wave 1: provider registry compiles and exposes defaults
ok 260 - Phase 47 Wave 1: provider registry compiles and exposes defaults
  ---
  duration_ms: 3202.7021
  ...
# Subtest: Phase 47 Wave 3: adapter executes fallback chain and surfaces exhaustion without API keys
ok 261 - Phase 47 Wave 3: adapter executes fallback chain and surfaces exhaustion without API keys
  ---
  duration_ms: 357.9583
  ...
# Subtest: Phase 47 Wave 2: adapter validates maxTokens before provider execution
ok 262 - Phase 47 Wave 2: adapter validates maxTokens before provider execution
  ---
  duration_ms: 0.3593
  ...
# Subtest: Phase 47 Wave 1: invalid provider is rejected before runtime execution
ok 263 - Phase 47 Wave 1: invalid provider is rejected before runtime execution
  ---
  duration_ms: 0.8509
  ...
# [dotenv@17.3.1] injecting env (0) from .env -- tip: ÔÜí´©Å secrets for agents: https://dotenvx.com/as2
# [dotenv@17.3.1] injecting env (0) from .env -- tip: ­ƒñû agentic secret storage: https://dotenvx.com/as2
# [dotenv@17.3.1] injecting env (0) from .env -- tip: ÔÜÖ´©Å  specify custom .env file path with { path: '/custom/path/.env' }
# Subtest: Phase 47-09: legacy wrapper uses modern adapter bridge when available
ok 264 - Phase 47-09: legacy wrapper uses modern adapter bridge when available
  ---
  duration_ms: 194.3109
  ...
# Subtest: Phase 47-09: legacy wrapper falls back to static response on modern adapter failure
ok 265 - Phase 47-09: legacy wrapper falls back to static response on modern adapter failure
  ---
  duration_ms: 5.0566
  ...
# Subtest: Phase 53-04: legacy wrapper honors primary-provider-first bounded fallback at runtime
ok 266 - Phase 53-04: legacy wrapper honors primary-provider-first bounded fallback at runtime
  ---
  duration_ms: 3.7901
  ...
# Subtest: Phase 47-03: callClaude maps usage and response text
ok 267 - Phase 47-03: callClaude maps usage and response text
  ---
  duration_ms: 3260.4319
  ...
# Subtest: Phase 47-03: callClaude maps provider auth and rate limit failures
ok 268 - Phase 47-03: callClaude maps provider auth and rate limit failures
  ---
  duration_ms: 0.8153
  ...
# Subtest: Phase 47 Wave 4: llm config parse accepts provider aliases
ok 269 - Phase 47 Wave 4: llm config parse accepts provider aliases
  ---
  duration_ms: 1.6254
  ...
# Subtest: Phase 47 Wave 4: llm config validates budget parsing
ok 270 - Phase 47 Wave 4: llm config validates budget parsing
  ---
  duration_ms: 0.9016
  ...
# Subtest: Phase 47 Wave 4: llm config encrypts key and stores preferences before success
ok 271 - Phase 47 Wave 4: llm config encrypts key and stores preferences before success
  ---
  duration_ms: 4.0809
  ...
# Subtest: Phase 47 Wave 4: llm config test mode invokes provider smoke test
ok 272 - Phase 47 Wave 4: llm config test mode invokes provider smoke test
  ---
  duration_ms: 1.3204
  ...
# Subtest: Phase 47 Wave 4: llm status defaults month and validates exports
ok 273 - Phase 47 Wave 4: llm status defaults month and validates exports
  ---
  duration_ms: 1.5712
  ...
# Subtest: Phase 47 Wave 4: llm status table and budget percent are computed correctly
ok 274 - Phase 47 Wave 4: llm status table and budget percent are computed correctly
  ---
  duration_ms: 1.9903
  ...
# Subtest: Phase 47 Wave 4: llm status csv export returns valid csv rows
ok 275 - Phase 47 Wave 4: llm status csv export returns valid csv rows
  ---
  duration_ms: 1.15
  ...
# Subtest: Phase 47 Wave 4: llm status providers mode shows provider validation state
ok 276 - Phase 47 Wave 4: llm status providers mode shows provider validation state
  ---
  duration_ms: 0.6949
  ...
# Subtest: Phase 47 Wave 4: llm status surfaces Supabase errors clearly
ok 277 - Phase 47 Wave 4: llm status surfaces Supabase errors clearly
  ---
  duration_ms: 0.7555
  ...
# Subtest: Phase 47-06: calculateCostUsd returns expected provider cost
ok 278 - Phase 47-06: calculateCostUsd returns expected provider cost
  ---
  duration_ms: 3765.4665
  ...
# Subtest: Phase 47-06: aggregateCostByProvider groups calls and token usage
ok 279 - Phase 47-06: aggregateCostByProvider groups calls and token usage
  ---
  duration_ms: 0.5691
  ...
# Subtest: Phase 47-06: calculateMonthlyBudgetUsage computes totals and percentage
ok 280 - Phase 47-06: calculateMonthlyBudgetUsage computes totals and percentage
  ---
  duration_ms: 0.5113
  ...
# Subtest: Phase 47-10: e2e flow covers config -> call telemetry -> status
ok 281 - Phase 47-10: e2e flow covers config -> call telemetry -> status
  ---
  duration_ms: 7.676
  ...
# Subtest: Phase 47-07: fallback chain succeeds on second provider
ok 282 - Phase 47-07: fallback chain succeeds on second provider
  ---
  duration_ms: 3189.1414
  ...
# Subtest: Phase 47-07: noFallback stops after primary failure
ok 283 - Phase 47-07: noFallback stops after primary failure
  ---
  duration_ms: 0.3949
  ...
# Subtest: Phase 47-07: fallback chain enforces max attempts
ok 284 - Phase 47-07: fallback chain enforces max attempts
  ---
  duration_ms: 0.5578
  ...
# Subtest: Phase 47-05: callGemini maps text and usage metadata
ok 285 - Phase 47-05: callGemini maps text and usage metadata
  ---
  duration_ms: 3754.1102
  ...
# Subtest: Phase 47-05: callGemini maps auth-style provider errors
ok 286 - Phase 47-05: callGemini maps auth-style provider errors
  ---
  duration_ms: 0.799
  ...
# Subtest: Phase 47-04: callOpenAI maps usage and content
ok 287 - Phase 47-04: callOpenAI maps usage and content
  ---
  duration_ms: 3491.3421
  ...
# Subtest: Phase 47-04: callOpenAI maps timeout errors
ok 288 - Phase 47-04: callOpenAI maps timeout errors
  ---
  duration_ms: 4.4409
  ...
# Subtest: Phase 47 Wave 1: encryption round-trip is reversible with the same operator context
ok 289 - Phase 47 Wave 1: encryption round-trip is reversible with the same operator context
  ---
  duration_ms: 3751.0158
  ...
# Subtest: Phase 47 Wave 1: redaction preserves shape without leaking the full key
ok 290 - Phase 47 Wave 1: redaction preserves shape without leaking the full key
  ---
  duration_ms: 0.4292
  ...
# Subtest: Phase 47 Wave 1: settings validation accepts a normalized configuration
ok 291 - Phase 47 Wave 1: settings validation accepts a normalized configuration
  ---
  duration_ms: 3.5722
  ...
# Subtest: Phase 47 Wave 1: settings validation rejects unsupported providers
ok 292 - Phase 47 Wave 1: settings validation rejects unsupported providers
  ---
  duration_ms: 0.9365
  ...
# Subtest: Phase 47 Wave 1: loadOperatorSettings falls back to environment defaults
ok 293 - Phase 47 Wave 1: loadOperatorSettings falls back to environment defaults
  ---
  duration_ms: 2.0281
  ...
# Subtest: Phase 47 Wave 1: loadOperatorSettings maps stored database records
ok 294 - Phase 47 Wave 1: loadOperatorSettings maps stored database records
  ---
  duration_ms: 0.4869
  ...
# Subtest: Phase 47-06: telemetry event includes LLM call shape and sanitizes secrets
ok 295 - Phase 47-06: telemetry event includes LLM call shape and sanitizes secrets
  ---
  duration_ms: 3240.8682
  ...
# Subtest: Phase 47-06: emitLLMCallCompleted sends event and returns id
ok 296 - Phase 47-06: emitLLMCallCompleted sends event and returns id
  ---
  duration_ms: 0.5567
  ...
# Subtest: 42-03-01 applies SQL migrations in deterministic lexical order
ok 297 - 42-03-01 applies SQL migrations in deterministic lexical order
  ---
  duration_ms: 45.0151
  ...
# Subtest: 42-03-02 writes markos_migrations ledger and skips already applied files on rerun
ok 298 - 42-03-02 writes markos_migrations ledger and skips already applied files on rerun
  ---
  duration_ms: 7.1846
  ...
# Subtest: 42-03-03 stops on first failing migration and reports failing file
ok 299 - 42-03-03 stops on first failing migration and reports failing file
  ---
  duration_ms: 5.5201
  ...
# Subtest: 42-05-03 blocks destructive SQL patterns in migration execution path
ok 300 - 42-05-03 blocks destructive SQL patterns in migration execution path
  ---
  duration_ms: 0.2392
  ...
# Subtest: blocks MSP activation until all required MIR Gate 1 entities are complete
ok 301 - blocks MSP activation until all required MIR Gate 1 entities are complete
  ---
  duration_ms: 4.5543
  ...
# Subtest: returns ready activation state only when Gate 1 is complete and persists initialization inputs
ok 302 - returns ready activation state only when Gate 1 is complete and persists initialization inputs
  ---
  duration_ms: 0.3449
  ...
# Subtest: critical MIR edits without rationale are rejected deterministically
ok 303 - critical MIR edits without rationale are rejected deterministically
  ---
  duration_ms: 2.0733
  ...
# Subtest: historical MIR lineage cannot be updated or deleted through runtime helpers
ok 304 - historical MIR lineage cannot be updated or deleted through runtime helpers
  ---
  duration_ms: 2.9338
  ...
# Subtest: tenant and date range history queries return immutable lineage snapshots
ok 305 - tenant and date range history queries return immutable lineage snapshots
  ---
  duration_ms: 2.1721
  ...
# Subtest: 42-04-02 validates client namespace isolation and standards namespace invariants
ok 306 - 42-04-02 validates client namespace isolation and standards namespace invariants
  ---
  duration_ms: 4.7092
  ...
# Subtest: 42-04-03 namespace audit report is consumable by db:setup workflow diagnostics
ok 307 - 42-04-03 namespace audit report is consumable by db:setup workflow diagnostics
  ---
  duration_ms: 0.5522
  ...
# Ô£ô Vault notes written: MarkOS-Vault/Strategy/company.md
#   Report note: MarkOS-Vault/Memory/Migration Reports/2026-04-12T15-24-26-791Z-onboarding_approve.md
# Subtest: approve handler writes canonical notes and durable report metadata
ok 308 - approve handler writes canonical notes and durable report metadata
  ---
  duration_ms: 447.8298
  ...
# Subtest: importer scan previews eligible canonical destinations
ok 309 - importer scan previews eligible canonical destinations
  ---
  duration_ms: 513.3745
  ...
# Subtest: importer apply returns report note path and preserves blocked canonical notes
ok 310 - importer apply returns report note path and preserves blocked canonical notes
  ---
  duration_ms: 484.205
  ...
# Subtest: importer page exposes scan/apply controls and links the dedicated client script
ok 311 - importer page exposes scan/apply controls and links the dedicated client script
  ---
  duration_ms: 3.1719
  ...
# Subtest: importer client targets the scan and apply backend routes
ok 312 - importer client targets the scan and apply backend routes
  ---
  duration_ms: 0.8688
  ...
# Subtest: runtime config separates canonical vault metadata from legacy migration outputs
ok 313 - runtime config separates canonical vault metadata from legacy migration outputs
  ---
  duration_ms: 1.855
  ...
# Subtest: Suite 3: Web-Based Onboarding Engine
    # Subtest: 3.1 & 3.2 Server Port Fallback and Static Serving
    ok 1 - 3.1 & 3.2 Server Port Fallback and Static Serving
      ---
      duration_ms: 809.1211
      ...
# child err: [discipline-router] taxonomy.json not found, using DEFAULT_DISCIPLINE_FALLBACK parent map
# child err: [orchestrator] Failed to store company_profile: SUPABASE_UNCONFIGURED; UPSTASH_UNCONFIGURED
# child err: [orchestrator] Failed to store mission_values: SUPABASE_UNCONFIGURED; UPSTASH_UNCONFIGURED
# [orchestrator] Failed to store audience: SUPABASE_UNCONFIGURED; UPSTASH_UNCONFIGURED
# child err: [orchestrator] Failed to store competitive: SUPABASE_UNCONFIGURED; UPSTASH_UNCONFIGURED
# [orchestrator] Failed to store brand_voice: SUPABASE_UNCONFIGURED; UPSTASH_UNCONFIGURED
# [orchestrator] Failed to store channel_strategy: SUPABASE_UNCONFIGURED; UPSTASH_UNCONFIGURED
# child err: [Phase 78] Bundle creation denied: BRAND_GOV_MISSING_LANE
# Ô£ô Vault notes written: MarkOS-Vault/Strategy/company.md
#   Report note: MarkOS-Vault/Memory/Migration Reports/mock.md
# [orchestrator] Starting draft generation for: acme-slug
# [discipline-router] taxonomy.json not found, using DEFAULT_DISCIPLINE_FALLBACK parent map
# [orchestrator] Literacy context skipped: vectorStore.getLiteracyContext is not a function
# [orchestrator] Seed stored in vector memory (0 sections)
# [orchestrator] Generating MIR drafts...
# [orchestrator] Audience Profile failed, retrying in 1500ms...
    # Subtest: 3.3 Data Form Submission
    ok 2 - 3.3 Data Form Submission
      ---
      duration_ms: 628.1244
      ...
    # Subtest: 3.4 API wrappers enforce hosted auth and guard hosted writes
    ok 3 - 3.4 API wrappers enforce hosted auth and guard hosted writes
      ---
      duration_ms: 313.9871
      ...
    # Subtest: 3.5 Extract-and-score fixtures cover URL, file, and mixed-source inputs
    ok 4 - 3.5 Extract-and-score fixtures cover URL, file, and mixed-source inputs
      ---
      duration_ms: 320.8186
      ...
    # Subtest: 3.6 Confidence edge cases drive missing-field routing contract
    ok 5 - 3.6 Confidence edge cases drive missing-field routing contract
      ---
      duration_ms: 339.8745
      ...
# [orchestrator] Audience Profile failed, retrying in 3000ms...
# [orchestrator] Audience Profile failed after retries: skip neuro path
# [orchestrator] Generating MSP drafts...
# [orchestrator] Running Neuro-Auditor verification...
# [orchestrator] Failed to store company_profile: mock returned vector persistence error
# [orchestrator] Failed to store mission_values: mock returned vector persistence error
# [orchestrator] Failed to store audience: mock returned vector persistence error
# [orchestrator] Failed to store competitive: mock returned vector persistence error
# [orchestrator] Failed to store brand_voice: mock returned vector persistence error
# [orchestrator] Failed to store channel_strategy: mock returned vector persistence error
# [orchestrator] Done. Errors: 7
# Ô£ô Vault notes written: MarkOS-Vault/Strategy/company.md
#   Report note: MarkOS-Vault/Memory/Migration Reports/mock.md
# Ô£ô Vault notes written: Custom-MarkOS-Vault/Strategy/company.md, Custom-MarkOS-Vault/Strategy/positioning.md, Custom-MarkOS-Vault/Strategy/audience.md, Custom-MarkOS-Vault/Strategy/competitive.md, Custom-MarkOS-Vault/Strategy/messaging.md, Custom-MarkOS-Vault/Execution/channel-system.md
#   Report note: Custom-MarkOS-Vault/Memory/Migration Reports/2026-04-12T15-24-34-692Z-onboarding_approve.md
# Ô£ô onboarding-seed.json written to: C:\\Users\\USERPC~1\\AppData\\Local\\Temp\\markos-test-IeNOfI\\mock-onboarding-seed.json
# ­ƒñû Running MarkOS AI draft generation for: acme
# [Phase 78] Bundle creation denied: BRAND_GOV_MISSING_LANE
# Ô£ô Vault notes written: MarkOS-Vault/Strategy/company.md
#   Report note: MarkOS-Vault/Memory/Migration Reports/mock.md
# Ô£ô onboarding-seed.json written to: C:\\Users\\USERPC~1\\AppData\\Local\\Temp\\markos-test-Aq8lYA\\mock-onboarding-seed.json
# ­ƒñû Running MarkOS AI draft generation for: markos-client-78533820
# [Phase 78] Bundle creation denied: BRAND_GOV_MISSING_LANE
# Ô£ô onboarding-seed.json written to: C:\\Users\\USERPC~1\\AppData\\Local\\Temp\\markos-test-pxxeqR\\mock-onboarding-seed.json
# ­ƒñû Running MarkOS AI draft generation for: markos-client-4ef96ed2
# [Phase 78] Bundle creation denied: BRAND_GOV_MISSING_LANE
# Ô£ô onboarding-seed.json written to: C:\\Users\\USERPC~1\\AppData\\Local\\Temp\\markos-test-T2Wj2u\\mock-onboarding-seed.json
# ­ƒñû Running MarkOS AI draft generation for: markos-client-1e746148
# [Phase 78] Bundle creation denied: BRAND_GOV_MISSING_LANE
# Ô£ô onboarding-seed.json written to: C:\\Users\\USERPC~1\\AppData\\Local\\Temp\\markos-test-thTbP7\\mock-onboarding-seed.json
# ­ƒñû Running MarkOS AI draft generation for: markos-client-800a78d2
# [Phase 78] Bundle creation denied: BRAND_GOV_MISSING_LANE
# Ô£ô onboarding-seed.json written to: C:\\Users\\USERPC~1\\AppData\\Local\\Temp\\markos-test-8OlTWE\\mock-onboarding-seed.json
# ­ƒñû Running MarkOS AI draft generation for: markos-client-b9adf8ec
# [Phase 78] Bundle creation denied: BRAND_GOV_MISSING_LANE
# Ô£ô onboarding-seed.json written to: C:\\Users\\USERPC~1\\AppData\\Local\\Temp\\markos-test-vf5La2\\mock-onboarding-seed.json
# ­ƒñû Running MarkOS AI draft generation for: markos-client-1b093f37
# [Phase 78] Bundle creation denied: BRAND_GOV_MISSING_LANE
# Ô£ô onboarding-seed.json written to: C:\\Users\\USERPC~1\\AppData\\Local\\Temp\\markos-test-3AXdqY\\mock-onboarding-seed.json
# ­ƒñû Running MarkOS AI draft generation for: markos-client-238f608c
# [Phase 78] Bundle creation denied: BRAND_GOV_MISSING_LANE
# Ô£ô onboarding-seed.json written to: C:\\Users\\USERPC~1\\AppData\\Local\\Temp\\markos-test-cIgPBC\\mock-onboarding-seed.json
# ­ƒñû Running MarkOS AI draft generation for: markos-client-2159d0df
# [Phase 78] Bundle creation denied: BRAND_GOV_MISSING_LANE
# Ô£ô onboarding-seed.json written to: C:\\Users\\USERPC~1\\AppData\\Local\\Temp\\markos-test-Y0kKN1\\mock-onboarding-seed.json
# ­ƒñû Running MarkOS AI draft generation for: markos-client-772c886b
# [Phase 78] Bundle creation denied: BRAND_GOV_MISSING_LANE
# Ô£ô onboarding-seed.json written to: C:\\Users\\USERPC~1\\AppData\\Local\\Temp\\markos-test-oGdff9\\mock-onboarding-seed.json
# ­ƒñû Running MarkOS AI draft generation for: markos-client-a193109c
# [discipline-router] taxonomy.json not found, using DEFAULT_DISCIPLINE_FALLBACK parent map
# [Phase 78] Bundle creation denied: BRAND_GOV_MISSING_LANE
# Ô£ô onboarding-seed.json written to: C:\\Users\\USERPC~1\\AppData\\Local\\Temp\\markos-test-mLF0tP\\mock-onboarding-seed.json
# ­ƒñû Running MarkOS AI draft generation for: markos-client-3c63af9d
# [discipline-router] taxonomy.json not found, using DEFAULT_DISCIPLINE_FALLBACK parent map
# [Phase 78] Bundle creation denied: BRAND_GOV_MISSING_LANE
# Ô£ô onboarding-seed.json written to: C:\\Users\\USERPC~1\\AppData\\Local\\Temp\\markos-test-Z0TiO7\\mock-onboarding-seed.json
# ­ƒñû Running MarkOS AI draft generation for: markos-client-4ece4b7e
# [Phase 78] Bundle creation denied: BRAND_GOV_MISSING_LANE
# [discipline-router] taxonomy.json not found, using DEFAULT_DISCIPLINE_FALLBACK parent map
# Ô£ô onboarding-seed.json written to: C:\\Users\\USERPC~1\\AppData\\Local\\Temp\\markos-test-qLvzJZ\\mock-onboarding-seed.json
# ­ƒñû Running MarkOS AI draft generation for: markos-client-4a9014c9
# [Phase 78] Bundle creation denied: BRAND_GOV_MISSING_LANE
# Ô£ô onboarding-seed.json written to: C:\\Users\\USERPC~1\\AppData\\Local\\Temp\\markos-test-d0tW7V\\mock-onboarding-seed.json
# ­ƒñû Running MarkOS AI draft generation for: markos-client-3bd4f9cb
# [discipline-router] taxonomy.json not found, using DEFAULT_DISCIPLINE_FALLBACK parent map
# [Phase 78] Bundle creation denied: BRAND_GOV_MISSING_LANE
    # Subtest: 3.7 Regenerate and approve expose structured outcome states
    ok 6 - 3.7 Regenerate and approve expose structured outcome states
      ---
      duration_ms: 4833.8294
      ...
    # Subtest: 3.8 Status endpoint exposes memory mode semantics
    ok 7 - 3.8 Status endpoint exposes memory mode semantics
      ---
      duration_ms: 198.3958
      ...
    # Subtest: 3.9 Approve success emits readiness-ready and loop-completed checkpoints
    ok 8 - 3.9 Approve success emits readiness-ready and loop-completed checkpoints
      ---
      duration_ms: 190.0305
      ...
    # Subtest: 3.10 Approve rejects out-of-bounds canonical vault paths and allows in-root custom vault paths
    ok 9 - 3.10 Approve rejects out-of-bounds canonical vault paths and allows in-root custom vault paths
      ---
      duration_ms: 201.9651
      ...
    # Subtest: 3.11 Generate-question enforces five-question cap
    ok 10 - 3.11 Generate-question enforces five-question cap
      ---
      duration_ms: 188.8238
      ...
    # Subtest: 3.12 Linear sync returns deterministic issues and setup errors
    ok 11 - 3.12 Linear sync returns deterministic issues and setup errors
      ---
      duration_ms: 197.9601
      ...
    # Subtest: 3.13 Campaign result appends winners catalog and stores classification metadata
    ok 12 - 3.13 Campaign result appends winners catalog and stores classification metadata
      ---
      duration_ms: 184.1707
      ...
    # Subtest: 3.11 MarkOSDB migration dry-run is deterministic and replay is idempotent
    ok 13 - 3.11 MarkOSDB migration dry-run is deterministic and replay is idempotent
      ---
      duration_ms: 225.0846
      ...
    # Subtest: 3.12 Hosted migration wrapper enforces scoped project access
    ok 14 - 3.12 Hosted migration wrapper enforces scoped project access
      ---
      duration_ms: 265.2163
      ...
    # Subtest: 3.14 Rollout endpoint telemetry emits stable payload for four endpoints
    ok 15 - 3.14 Rollout endpoint telemetry emits stable payload for four endpoints
      ---
      duration_ms: 224.6655
      ...
    # Subtest: 3.15 Migration promotion controls enforce checkpoint progression
    ok 16 - 3.15 Migration promotion controls enforce checkpoint progression
      ---
      duration_ms: 189.9467
      ...
    # Subtest: 3.16 Literacy admin endpoints require secret and return diagnostics
    ok 17 - 3.16 Literacy admin endpoints require secret and return diagnostics
      ---
      duration_ms: 187.4004
      ...
    # Subtest: 3.17 Phase 34: Intake Validation Rule R001 - company.name required
    ok 18 - 3.17 Phase 34: Intake Validation Rule R001 - company.name required
      ---
      duration_ms: 181.6295
      ...
    # Subtest: 3.18 Phase 34: Intake Validation Rule R002 - company.stage enum
    ok 19 - 3.18 Phase 34: Intake Validation Rule R002 - company.stage enum
      ---
      duration_ms: 202.269
      ...
    # Subtest: 3.19 Phase 34: Intake Validation Rule R004 - audience.pain_points min 2
    ok 20 - 3.19 Phase 34: Intake Validation Rule R004 - audience.pain_points min 2
      ---
      duration_ms: 188.6779
      ...
    # Subtest: 3.20 Phase 34: Intake Validation Rule R005 - market.competitors min 2 with positioning
    ok 21 - 3.20 Phase 34: Intake Validation Rule R005 - market.competitors min 2 with positioning
      ---
      duration_ms: 184.6694
      ...
    # Subtest: 3.21 Phase 34: Linear automation creates intake tickets when configured
    ok 22 - 3.21 Phase 34: Linear automation creates intake tickets when configured
      ---
      duration_ms: 188.546
      ...
    # Subtest: 3.22 Phase 34: Linear automation degrades gracefully when unavailable
    ok 23 - 3.22 Phase 34: Linear automation degrades gracefully when unavailable
      ---
      duration_ms: 190.0944
      ...
    # Subtest: 3.23 Phase 34: submit response includes validation, drafts, and session url
    ok 24 - 3.23 Phase 34: submit response includes validation, drafts, and session url
      ---
      duration_ms: 189.7364
      ...
    # Subtest: 3.24 Phase 34: legacy intake payload remains compatible (validation not applied)
    ok 25 - 3.24 Phase 34: legacy intake payload remains compatible (validation not applied)
      ---
      duration_ms: 185.6703
      ...
    # Subtest: 3.25 Phase 34: end-to-end intake response includes automation contract fields
    ok 26 - 3.25 Phase 34: end-to-end intake response includes automation contract fields
      ---
      duration_ms: 182.6154
      ...
    # Subtest: [43-02-01 LIT-13] submit returns literacy.readiness=ready when providers healthy
    ok 27 - [43-02-01 LIT-13] submit returns literacy.readiness=ready when providers healthy
      ---
      duration_ms: 181.6477
      ...
    # Subtest: [43-03-01 LIT-13] submit returns literacy.readiness=partial when some disciplines empty
    ok 28 - [43-03-01 LIT-13] submit returns literacy.readiness=partial when some disciplines empty
      ---
      duration_ms: 186.6523
      ...
    # Subtest: [43-03-03 LIT-13] submit remains successful when literacy is unconfigured
    ok 29 - [43-03-03 LIT-13] submit remains successful when literacy is unconfigured
      ---
      duration_ms: 184.8431
      ...
    # Subtest: [43-04-01 LIT-14] status response includes literacy block with correct field shapes
    ok 30 - [43-04-01 LIT-14] status response includes literacy block with correct field shapes
      ---
      duration_ms: 180.0066
      ...
    # Subtest: [43-04-02 LIT-14] submit and status produce same readiness under identical mocked conditions
    ok 31 - [43-04-02 LIT-14] submit and status produce same readiness under identical mocked conditions
      ---
      duration_ms: 183.11
      ...
    # Subtest: [43-05-03 LIT-15] submit emits one literacy_activation_observed event with normalized payload
    ok 32 - [43-05-03 LIT-15] submit emits one literacy_activation_observed event with normalized payload
      ---
      duration_ms: 178.7434
      ...
    1..32
ok 314 - Suite 3: Web-Based Onboarding Engine
  ---
  duration_ms: 12298.4829
  ...
# [orchestrator] Starting draft generation for: acme-slug
# [orchestrator] Seed stored in vector memory (0 sections)
# [orchestrator] Generating MIR drafts...
# [orchestrator] Generating MSP drafts...
# [orchestrator] Running Neuro-Auditor verification...
# [orchestrator] Done. Errors: 0
# [orchestrator] Starting draft generation for: acme-slug
# [orchestrator] Seed stored in vector memory (0 sections)
# [orchestrator] Generating MIR drafts...
# [orchestrator] Generating MSP drafts...
# [orchestrator] Running Neuro-Auditor verification...
# [orchestrator] Done. Errors: 0
# [orchestrator] Starting draft generation for: acme-slug
# [orchestrator] Seed stored in vector memory (0 sections)
# [orchestrator] Generating MIR drafts...
# [orchestrator] Generating MSP drafts...
# [orchestrator] Running Neuro-Auditor verification...
# [orchestrator] Done. Errors: 0
# [orchestrator] Starting draft generation for: acme-slug
# [orchestrator] Seed stored in vector memory (0 sections)
# [orchestrator] Generating MIR drafts...
# [orchestrator] Generating MSP drafts...
# [orchestrator] Running Neuro-Auditor verification...
# [orchestrator] Done. Errors: 0
# Subtest: orchestrate queries top three ranked disciplines with dual-query merge and doc_id dedupe
ok 315 - orchestrate queries top three ranked disciplines with dual-query merge and doc_id dedupe
  ---
  duration_ms: 39.7146
  ...
# Subtest: orchestrate caps standards_context by literacy.max_context_chunks with default 6
ok 316 - orchestrate caps standards_context by literacy.max_context_chunks with default 6
  ---
  duration_ms: 12.4126
  ...
# Subtest: orchestrate leaves standards_context empty when literacy retrieval returns zero hits
ok 317 - orchestrate leaves standards_context empty when literacy retrieval returns zero hits
  ---
  duration_ms: 5.3349
  ...
# Subtest: tenant-safety: identical keys for same tenant+segment+fingerprint (idempotent)
ok 318 - tenant-safety: identical keys for same tenant+segment+fingerprint (idempotent)
  ---
  duration_ms: 2.8227
  ...
# Subtest: tenant-safety: different tenants generate different keys (cross-tenant collision prevention)
ok 319 - tenant-safety: different tenants generate different keys (cross-tenant collision prevention)
  ---
  duration_ms: 0.4305
  ...
# Subtest: tenant-safety: different segments generate different keys
ok 320 - tenant-safety: different segments generate different keys
  ---
  duration_ms: 0.4229
  ...
# Subtest: tenant-safety: different fingerprints generate different keys
ok 321 - tenant-safety: different fingerprints generate different keys
  ---
  duration_ms: 0.27
  ...
# Subtest: tenant-safety: idempotent upsert with same key returns created=false on second call
ok 322 - tenant-safety: idempotent upsert with same key returns created=false on second call
  ---
  duration_ms: 2.2013
  ...
# Subtest: tenant-safety: upsert count increments on each replay (deterministic idempotence)
ok 323 - tenant-safety: upsert count increments on each replay (deterministic idempotence)
  ---
  duration_ms: 1.5647
  ...
# Subtest: tenant-safety: different tenants can have same segment without collision
ok 324 - tenant-safety: different tenants can have same segment without collision
  ---
  duration_ms: 0.4033
  ...
# Subtest: tenant-safety: tenant isolation via getNodesByTenant filter
ok 325 - tenant-safety: tenant isolation via getNodesByTenant filter
  ---
  duration_ms: 0.4962
  ...
# Subtest: tenant-safety: segment-level query respects tenant boundary
ok 326 - tenant-safety: segment-level query respects tenant boundary
  ---
  duration_ms: 0.7076
  ...
# Subtest: tenant-safety: real fixture can be isolated per tenant
ok 327 - tenant-safety: real fixture can be isolated per tenant
  ---
  duration_ms: 1.5444
  ...
# Subtest: schema: valid brand input with 3 segments passes validation
ok 328 - schema: valid brand input with 3 segments passes validation
  ---
  duration_ms: 4.2284
  ...
# Subtest: schema: D-01 rejects < 2 segments
ok 329 - schema: D-01 rejects < 2 segments
  ---
  duration_ms: 0.8524
  ...
# Subtest: schema: D-01 rejects > 5 segments
ok 330 - schema: D-01 rejects > 5 segments
  ---
  duration_ms: 0.3971
  ...
# Subtest: schema: D-01 accepts 2 segments (boundary)
ok 331 - schema: D-01 accepts 2 segments (boundary)
  ---
  duration_ms: 0.3344
  ...
# Subtest: schema: D-01 accepts 5 segments (boundary)
ok 332 - schema: D-01 accepts 5 segments (boundary)
  ---
  duration_ms: 0.4879
  ...
# Subtest: schema: D-02 requires rationale on all pain/need/expectation items
ok 333 - schema: D-02 requires rationale on all pain/need/expectation items
  ---
  duration_ms: 2.4504
  ...
# Subtest: schema: D-03 enforces structured typed fields (pain/need/expectation)
ok 334 - schema: D-03 enforces structured typed fields (pain/need/expectation)
  ---
  duration_ms: 0.4507
  ...
# Subtest: schema: all pains in valid fixture have rationale (D-02)
ok 335 - schema: all pains in valid fixture have rationale (D-02)
  ---
  duration_ms: 0.4781
  ...
# Subtest: schema: all needs in valid fixture have rationale (D-02)
ok 336 - schema: all needs in valid fixture have rationale (D-02)
  ---
  duration_ms: 0.8333
  ...
# Subtest: schema: all expectations in valid fixture have rationale (D-02)
ok 337 - schema: all expectations in valid fixture have rationale (D-02)
  ---
  duration_ms: 0.8551
  ...
# Subtest: determinism: canonical serialization produces identical output for same input
ok 338 - determinism: canonical serialization produces identical output for same input
  ---
  duration_ms: 4.2008
  ...
# Subtest: determinism: fingerprint is stable across multiple runs (D-06)
ok 339 - determinism: fingerprint is stable across multiple runs (D-06)
  ---
  duration_ms: 1.8654
  ...
# Subtest: determinism: identical payload produces identical fingerprint despite key order (D-06)
ok 340 - determinism: identical payload produces identical fingerprint despite key order (D-06)
  ---
  duration_ms: 0.3983
  ...
# Subtest: determinism: small content change produces different fingerprint
ok 341 - determinism: small content change produces different fingerprint
  ---
  duration_ms: 0.5165
  ...
# Subtest: determinism: whitespace variations do not affect canonical form
ok 342 - determinism: whitespace variations do not affect canonical form
  ---
  duration_ms: 0.3054
  ...
# Subtest: determinism: segment normalization is stable (D-06)
ok 343 - determinism: segment normalization is stable (D-06)
  ---
  duration_ms: 1.3891
  ...
# Subtest: determinism: empty arrays normalize consistently
ok 344 - determinism: empty arrays normalize consistently
  ---
  duration_ms: 0.5577
  ...
# Subtest: determinism: all segments in valid fixture have deterministic fingerprints
ok 345 - determinism: all segments in valid fixture have deterministic fingerprints
  ---
  duration_ms: 1.1973
  ...
# Subtest: retention: minimal evidence extracts metadata counts without raw text
ok 346 - retention: minimal evidence extracts metadata counts without raw text
  ---
  duration_ms: 2.5896
  ...
# Subtest: retention: redaction masks API keys and secrets
ok 347 - retention: redaction masks API keys and secrets
  ---
  duration_ms: 0.8921
  ...
# Subtest: retention: redaction masks email addresses
ok 348 - retention: redaction masks email addresses
  ---
  duration_ms: 0.7286
  ...
# Subtest: retention: redaction masks phone numbers
ok 349 - retention: redaction masks phone numbers
  ---
  duration_ms: 0.2551
  ...
# Subtest: retention: redaction masks credit card numbers
ok 350 - retention: redaction masks credit card numbers
  ---
  duration_ms: 0.3378
  ...
# Subtest: retention: canonical node creates metadata-first structure (D-07, D-08)
ok 351 - retention: canonical node creates metadata-first structure (D-07, D-08)
  ---
  duration_ms: 13.1225
  ...
# Subtest: retention: canonical node redacts sensitive content from rationale hashes
ok 352 - retention: canonical node redacts sensitive content from rationale hashes
  ---
  duration_ms: 0.7932
  ...
# Subtest: retention: all segments in fixture can create canonical nodes without data leakage
ok 353 - retention: all segments in fixture can create canonical nodes without data leakage
  ---
  duration_ms: 1.4054
  ...
# Subtest: retention: lineage tracking preserves tenant scope without bulk text
ok 354 - retention: lineage tracking preserves tenant scope without bulk text
  ---
  duration_ms: 0.7384
  ...
# Subtest: retention: redacted content provides audit trail without exposing secrets
ok 355 - retention: redacted content provides audit trail without exposing secrets
  ---
  duration_ms: 1.1771
  ...
# Subtest: retention: minimal retention policy metadata is tagged correctly
ok 356 - retention: minimal retention policy metadata is tagged correctly
  ---
  duration_ms: 0.6988
  ...
# Subtest: handlers: INTAKE_VALIDATION_RULES includes brand input rules (R_BRAND_01, R_BRAND_02, R_BRAND_03)
ok 357 - handlers: INTAKE_VALIDATION_RULES includes brand input rules (R_BRAND_01, R_BRAND_02, R_BRAND_03)
  ---
  duration_ms: 1.8248
  ...
# Subtest: schema: onboarding-seed.schema.json includes brand_input extension
ok 358 - schema: onboarding-seed.schema.json includes brand_input extension
  ---
  duration_ms: 1.5119
  ...
# Subtest: messaging compiler: every channel inherits one canonical voice profile
ok 359 - messaging compiler: every channel inherits one canonical voice profile
  ---
  duration_ms: 22.2318
  ...
# Subtest: messaging compiler: contradiction annotations are consistent across channels
ok 360 - messaging compiler: contradiction annotations are consistent across channels
  ---
  duration_ms: 4.0191
  ...
# Subtest: messaging rules: bounded enums and canonical channels are enforced
ok 361 - messaging rules: bounded enums and canonical channels are enforced
  ---
  duration_ms: 3.412
  ...
# Subtest: messaging rules: invalid enums are rejected
ok 362 - messaging rules: invalid enums are rejected
  ---
  duration_ms: 1.347
  ...
# Subtest: messaging rules: channel inheritance resolves from canonical voice profile
ok 363 - messaging rules: channel inheritance resolves from canonical voice profile
  ---
  duration_ms: 0.7034
  ...
# Subtest: role projector: deterministic role outputs from one canonical artifact
ok 364 - role projector: deterministic role outputs from one canonical artifact
  ---
  duration_ms: 36.064
  ...
# Subtest: role projector: projected guidance keeps lineage and do/do-not examples
ok 365 - role projector: projected guidance keeps lineage and do/do-not examples
  ---
  duration_ms: 2.1134
  ...
# Subtest: strategy artifact: required canonical sections are enforced
ok 366 - strategy artifact: required canonical sections are enforced
  ---
  duration_ms: 4.1533
  ...
# Subtest: strategy artifact: missing canonical section fails deterministically
ok 367 - strategy artifact: missing canonical section fails deterministically
  ---
  duration_ms: 0.8933
  ...
# Subtest: strategy artifact: tests remain tied to existing submit surface (D-09)
ok 368 - strategy artifact: tests remain tied to existing submit surface (D-09)
  ---
  duration_ms: 1.0559
  ...
# Subtest: contradiction detector: emits explicit annotations for conflicting evidence
ok 369 - contradiction detector: emits explicit annotations for conflicting evidence
  ---
  duration_ms: 19.8825
  ...
# Subtest: contradiction detector: deterministic output ordering is stable
ok 370 - contradiction detector: deterministic output ordering is stable
  ---
  duration_ms: 6.1481
  ...
# Subtest: strategy synthesis: repeated runs produce stable ranking and fingerprint
ok 371 - strategy synthesis: repeated runs produce stable ranking and fingerprint
  ---
  duration_ms: 30.5834
  ...
# Subtest: strategy synthesis: required canonical sections always exist
ok 372 - strategy synthesis: required canonical sections always exist
  ---
  duration_ms: 2.8886
  ...
# Subtest: lineage: every strategy and messaging claim has non-empty evidence_node_ids
ok 373 - lineage: every strategy and messaging claim has non-empty evidence_node_ids
  ---
  duration_ms: 2.0488
  ...
# Subtest: lineage: missing evidence_node_ids is rejected
ok 374 - lineage: missing evidence_node_ids is rejected
  ---
  duration_ms: 0.5347
  ...
# Subtest: lineage: empty evidence arrays are rejected even when claim text exists
ok 375 - lineage: empty evidence arrays are rejected even when claim text exists
  ---
  duration_ms: 0.4537
  ...
# Subtest: gate schema: identity validator is available for deterministic contract checks
ok 376 - gate schema: identity validator is available for deterministic contract checks
  ---
  duration_ms: 4.112
  ...
# Subtest: gate schema: required check matrix and diagnostics shape are enforced
ok 377 - gate schema: required check matrix and diagnostics shape are enforced
  ---
  duration_ms: 1.6908
  ...
# Subtest: gate schema: missing observed ratio fails deterministically
ok 378 - gate schema: missing observed ratio fails deterministically
  ---
  duration_ms: 0.328
  ...
# Subtest: gate schema: blocking failure forces blocked gate status
ok 379 - gate schema: blocking failure forces blocked gate status
  ---
  duration_ms: 0.2459
  ...
# Subtest: gate schema: tests remain tied to existing submit surface (D-08)
ok 380 - gate schema: tests remain tied to existing submit surface (D-08)
  ---
  duration_ms: 1.2173
  ...
# Subtest: accessibility gates: deterministic pass report for canonical artifact
ok 381 - accessibility gates: deterministic pass report for canonical artifact
  ---
  duration_ms: 30.0014
  ...
# Subtest: accessibility gates: failing required checks deterministically block readiness
ok 382 - accessibility gates: failing required checks deterministically block readiness
  ---
  duration_ms: 5.5218
  ...
# Subtest: accessibility gates: diagnostics payload includes deterministic threshold details
ok 383 - accessibility gates: diagnostics payload includes deterministic threshold details
  ---
  duration_ms: 1.8369
  ...
# Subtest: identity compiler: repeated compilation yields same artifact and fingerprint
ok 384 - identity compiler: repeated compilation yields same artifact and fingerprint
  ---
  duration_ms: 26.2678
  ...
# Subtest: identity compiler: canonical role structure and lineage are present
ok 385 - identity compiler: canonical role structure and lineage are present
  ---
  duration_ms: 4.2337
  ...
# Subtest: identity writer: tenant-scoped additive upsert is replay-safe
ok 386 - identity writer: tenant-scoped additive upsert is replay-safe
  ---
  duration_ms: 5.3348
  ...
# Ô£ô Phase 73: Brand input normalized for tenant local-submit
#   Determinism verified: PASS
#   Graph writes: 2 segments, 2 edges
#   Phase 74 strategy artifact: local-submit:strategy:c89ae87e3615bcf59db294c65f6bf39c991e7ec7ca1a0abc6dbc5cdf35192b1b
# Ô£ô onboarding-seed.json written to: C:\\Users\\USERPC~1\\AppData\\Local\\Temp\\markos-test-YD6yD4\\mock-onboarding-seed.json
# ­ƒñû Running MarkOS AI draft generation for: phase-75-identity-integration
# [Phase 78] Bundle creation denied: BRAND_GOV_MISSING_LANE
# Subtest: 75-03-02: submit returns additive identity metadata and accessibility report without contract regression
ok 387 - 75-03-02: submit returns additive identity metadata and accessibility report without contract regression
  ---
  duration_ms: 407.2468
  ...
# Subtest: identity artifact: required canonical sections are enforced
ok 388 - identity artifact: required canonical sections are enforced
  ---
  duration_ms: 2.9843
  ...
# Subtest: identity artifact: failing fixture is rejected with deterministic errors
ok 389 - identity artifact: failing fixture is rejected with deterministic errors
  ---
  duration_ms: 1.0028
  ...
# Subtest: identity artifact: missing canonical section fails fast
ok 390 - identity artifact: missing canonical section fails fast
  ---
  duration_ms: 0.6718
  ...
# Subtest: identity artifact: tests remain tied to existing submit surface (D-08)
ok 391 - identity artifact: tests remain tied to existing submit surface (D-08)
  ---
  duration_ms: 0.9417
  ...
# Ô£ô Phase 73: Brand input normalized for tenant local-submit
#   Determinism verified: PASS
#   Graph writes: 2 segments, 2 edges
#   Phase 74 strategy artifact: local-submit:strategy:4c50be9d9fce6044853c568fed8a6fcc27e1dcf608f92fb56bd1c71300542f75
# Ô£ô onboarding-seed.json written to: C:\\Users\\USERPC~1\\AppData\\Local\\Temp\\markos-test-jb0w3g\\mock-onboarding-seed.json
# ­ƒñû Running MarkOS AI draft generation for: phase-75-publish-block
# [Phase 78] Bundle creation denied: BRAND_GOV_MISSING_LANE
# Subtest: 75-03-01: submit blocks publish readiness when required accessibility checks fail
ok 392 - 75-03-01: submit blocks publish readiness when required accessibility checks fail
  ---
  duration_ms: 403.6307
  ...
# Ô£ô Phase 73: Brand input normalized for tenant local-submit
#   Determinism verified: PASS
#   Graph writes: 2 segments, 2 edges
#   Phase 74 strategy artifact: local-submit:strategy:949ca0266316cb045cfdf14f01fbfa683cbd2b3b08115eb47e0eec483ee7c1c1
# Ô£ô onboarding-seed.json written to: C:\\Users\\USERPC~1\\AppData\\Local\\Temp\\markos-test-pXmSfK\\mock-onboarding-seed.json
# ­ƒñû Running MarkOS AI draft generation for: phase-76-contract-diagnostics
# [Phase 78] Bundle creation denied: BRAND_GOV_MISSING_LANE
# Subtest: 76-03-02: missing required token categories/states block readiness with deterministic diagnostics
ok 393 - 76-03-02: missing required token categories/states block readiness with deterministic diagnostics
  ---
  duration_ms: 398.6641
  ...
# Ô£ô Phase 73: Brand input normalized for tenant local-submit
#   Determinism verified: PASS
#   Graph writes: 2 segments, 2 edges
#   Phase 74 strategy artifact: local-submit:strategy:625aa5a719115afafcf223b4fa7cee691500cffe61ea6d97d5af9d6d93469600
# Ô£ô onboarding-seed.json written to: C:\\Users\\USERPC~1\\AppData\\Local\\Temp\\markos-test-r0Ilxm\\mock-onboarding-seed.json
# ­ƒñû Running MarkOS AI draft generation for: phase-76-contract-integration
# Ô£ô Phase 78 governance: bundle 0381ca26... verified for tenant local-submit
# Ô£ô Phase 73: Brand input normalized for tenant local-submit
#   Determinism verified: PASS
#   Graph writes: 2 segments, 2 edges
#   Phase 74 strategy artifact: local-submit:strategy:625aa5a719115afafcf223b4fa7cee691500cffe61ea6d97d5af9d6d93469600
# Ô£ô onboarding-seed.json written to: C:\\Users\\USERPC~1\\AppData\\Local\\Temp\\markos-test-r0Ilxm\\mock-onboarding-seed.json
# ­ƒñû Running MarkOS AI draft generation for: phase-76-contract-integration
# Ô£ô Phase 78 governance: bundle 0381ca26... verified for tenant local-submit
# Subtest: 76-03-01: submit returns additive token/component contracts and replay-safe artifact write metadata
ok 394 - 76-03-01: submit returns additive token/component contracts and replay-safe artifact write metadata
  ---
  duration_ms: 413.8821
  ...
# Subtest: component contract compiler: fixed fixtures produce deterministic ordering and fingerprint
ok 395 - component contract compiler: fixed fixtures produce deterministic ordering and fingerprint
  ---
  duration_ms: 22.0397
  ...
# Subtest: component contract compiler: manifest validates and carries rationale and lineage
ok 396 - component contract compiler: manifest validates and carries rationale and lineage
  ---
  duration_ms: 3.2116
  ...
# Subtest: component contract compiler: missing primitive/state coverage returns deterministic diagnostics
ok 397 - component contract compiler: missing primitive/state coverage returns deterministic diagnostics
  ---
  duration_ms: 1.3028
  ...
# Subtest: component contract manifest: required primitives and interaction states are enforced
ok 398 - component contract manifest: required primitives and interaction states are enforced
  ---
  duration_ms: 3.0085
  ...
# Subtest: component contract manifest: failing fixture is rejected with deterministic diagnostics
ok 399 - component contract manifest: failing fixture is rejected with deterministic diagnostics
  ---
  duration_ms: 1.0009
  ...
# Subtest: component contract manifest: missing required primitive fails deterministically
ok 400 - component contract manifest: missing required primitive fails deterministically
  ---
  duration_ms: 0.525
  ...
# Subtest: component contract manifest: tests remain tied to existing submit surface (D-09)
ok 401 - component contract manifest: tests remain tied to existing submit surface (D-09)
  ---
  duration_ms: 0.9222
  ...
# Subtest: token compiler: fixed fixtures produce deterministic fingerprint and canonical ordering
ok 402 - token compiler: fixed fixtures produce deterministic fingerprint and canonical ordering
  ---
  duration_ms: 18.5987
  ...
# Subtest: token compiler: canonical contract validates and includes lineage metadata
ok 403 - token compiler: canonical contract validates and includes lineage metadata
  ---
  duration_ms: 0.5926
  ...
# Subtest: token compiler: missing identity sections fail with deterministic diagnostics
ok 404 - token compiler: missing identity sections fail with deterministic diagnostics
  ---
  duration_ms: 0.3806
  ...
# Subtest: token contract: required categories and tailwind mapping sections are enforced
ok 405 - token contract: required categories and tailwind mapping sections are enforced
  ---
  duration_ms: 3.0038
  ...
# Subtest: token contract: failing fixture is rejected with deterministic diagnostics
ok 406 - token contract: failing fixture is rejected with deterministic diagnostics
  ---
  duration_ms: 1.0499
  ...
# Subtest: token contract: missing required category fails deterministically
ok 407 - token contract: missing required category fails deterministically
  ---
  duration_ms: 0.3858
  ...
# Subtest: token contract: tests remain tied to existing submit surface (D-09)
ok 408 - token contract: tests remain tied to existing submit surface (D-09)
  ---
  duration_ms: 0.7805
  ...
# Subtest: role pack determinism: repeated projection from one descriptor is byte-stable
ok 409 - role pack determinism: repeated projection from one descriptor is byte-stable
  ---
  duration_ms: 21.6736
  ...
# Subtest: role pack determinism: all role actions and checks preserve lineage pointers
ok 410 - role pack determinism: all role actions and checks preserve lineage pointers
  ---
  duration_ms: 0.8142
  ...
# Subtest: role pack determinism: invalid starter descriptor fails with explicit diagnostics
ok 411 - role pack determinism: invalid starter descriptor fails with explicit diagnostics
  ---
  duration_ms: 0.5649
  ...
# Ô£ô Phase 73: Brand input normalized for tenant local-submit
#   Determinism verified: PASS
#   Graph writes: 2 segments, 2 edges
#   Phase 74 strategy artifact: local-submit:strategy:a832eb6100c4a43f1d3946892eb42145f223a51bcef286c767c27b895ee72d0e
# Ô£ô onboarding-seed.json written to: C:\\Users\\USERPC~1\\AppData\\Local\\Temp\\markos-test-A1x5MQ\\mock-onboarding-seed.json
# ­ƒñû Running MarkOS AI draft generation for: phase-77-role-pack-starter-diagnostics
# [Phase 78] Bundle creation denied: BRAND_GOV_MISSING_LANE
# Ô£ô Phase 73: Brand input normalized for tenant local-submit
#   Determinism verified: PASS
#   Graph writes: 2 segments, 2 edges
#   Phase 74 strategy artifact: local-submit:strategy:a832eb6100c4a43f1d3946892eb42145f223a51bcef286c767c27b895ee72d0e
# Ô£ô onboarding-seed.json written to: C:\\Users\\USERPC~1\\AppData\\Local\\Temp\\markos-test-ktjBzz\\mock-onboarding-seed.json
# ­ƒñû Running MarkOS AI draft generation for: phase-77-role-pack-obligation-diagnostics
# [Phase 78] Bundle creation denied: BRAND_GOV_MISSING_LANE
# Subtest: 77-03-02: missing starter descriptor sections emits deterministic diagnostics and blocked readiness
ok 412 - 77-03-02: missing starter descriptor sections emits deterministic diagnostics and blocked readiness
  ---
  duration_ms: 345.1961
  ...
# Subtest: 77-03-02: missing role-pack obligations emits deterministic diagnostics and blocked readiness
ok 413 - 77-03-02: missing role-pack obligations emits deterministic diagnostics and blocked readiness
  ---
  duration_ms: 359.4922
  ...
# Subtest: role handoff pack: required roles and sections are enforced
ok 414 - role handoff pack: required roles and sections are enforced
  ---
  duration_ms: 3.0956
  ...
# Subtest: role handoff pack: failing fixture is rejected with deterministic diagnostics
ok 415 - role handoff pack: failing fixture is rejected with deterministic diagnostics
  ---
  duration_ms: 15.4025
  ...
# Subtest: role handoff pack: missing required role fails deterministically
ok 416 - role handoff pack: missing required role fails deterministically
  ---
  duration_ms: 0.5359
  ...
# Subtest: role handoff pack: tests remain tied to existing submit surface (D-08)
ok 417 - role handoff pack: tests remain tied to existing submit surface (D-08)
  ---
  duration_ms: 0.6825
  ...
# Subtest: starter descriptor determinism: fixed lineage input yields byte-stable fingerprint and ordering
ok 418 - starter descriptor determinism: fixed lineage input yields byte-stable fingerprint and ordering
  ---
  duration_ms: 20.6528
  ...
# Subtest: starter descriptor determinism: missing required sections fail closed with stable reason codes
ok 419 - starter descriptor determinism: missing required sections fail closed with stable reason codes
  ---
  duration_ms: 0.3246
  ...
# Ô£ô Phase 73: Brand input normalized for tenant local-submit
#   Determinism verified: PASS
#   Graph writes: 2 segments, 2 edges
#   Phase 74 strategy artifact: local-submit:strategy:60a38deca2c9b2fc1ee63037426fe6865e10e29ccb820fcfe98afb91a954cfe1
# Ô£ô onboarding-seed.json written to: C:\\Users\\USERPC~1\\AppData\\Local\\Temp\\markos-test-o0zHQq\\mock-onboarding-seed.json
# ­ƒñû Running MarkOS AI draft generation for: phase-77-starter-integration
# Ô£ô Phase 78 governance: bundle 9880e8bb... verified for tenant local-submit
# Ô£ô Phase 73: Brand input normalized for tenant local-submit
#   Determinism verified: PASS
#   Graph writes: 2 segments, 2 edges
#   Phase 74 strategy artifact: local-submit:strategy:60a38deca2c9b2fc1ee63037426fe6865e10e29ccb820fcfe98afb91a954cfe1
# Ô£ô onboarding-seed.json written to: C:\\Users\\USERPC~1\\AppData\\Local\\Temp\\markos-test-o0zHQq\\mock-onboarding-seed.json
# ­ƒñû Running MarkOS AI draft generation for: phase-77-starter-integration
# Ô£ô Phase 78 governance: bundle 9880e8bb... verified for tenant local-submit
# Subtest: 77-03-01: submit returns additive nextjs starter outputs with replay-safe persistence metadata
ok 420 - 77-03-01: submit returns additive nextjs starter outputs with replay-safe persistence metadata
  ---
  duration_ms: 353.5583
  ...
# Subtest: starter descriptor: required sections are enforced
ok 421 - starter descriptor: required sections are enforced
  ---
  duration_ms: 2.4593
  ...
# Subtest: starter descriptor: failing fixture is rejected with deterministic diagnostics
ok 422 - starter descriptor: failing fixture is rejected with deterministic diagnostics
  ---
  duration_ms: 15.8776
  ...
# Subtest: starter descriptor: missing app shell field fails deterministically
ok 423 - starter descriptor: missing app shell field fails deterministically
  ---
  duration_ms: 0.6762
  ...
# Subtest: starter descriptor: tests remain tied to existing submit surface (D-08)
ok 424 - starter descriptor: tests remain tied to existing submit surface (D-08)
  ---
  duration_ms: 0.8835
  ...
# Subtest: closure gates: valid bundle with matching bundle_id passes all three gates
ok 425 - closure gates: valid bundle with matching bundle_id passes all three gates
  ---
  duration_ms: 2.6226
  ...
# Subtest: closure gates: pass fixture bundle_id is the correct sha256 of sorted payload
ok 426 - closure gates: pass fixture bundle_id is the correct sha256 of sorted payload
  ---
  duration_ms: 0.4874
  ...
# Subtest: closure gates: determinism gate fails when bundle_id does not match expected sha256 digest
ok 427 - closure gates: determinism gate fails when bundle_id does not match expected sha256 digest
  ---
  duration_ms: 0.591
  ...
# Subtest: closure gates: tampered bundle_id triggers determinism gate failure
ok 428 - closure gates: tampered bundle_id triggers determinism gate failure
  ---
  duration_ms: 0.3392
  ...
# Subtest: closure gates: tenant isolation gate fails when request tenant_id mismatches bundle.tenant_id
ok 429 - closure gates: tenant isolation gate fails when request tenant_id mismatches bundle.tenant_id
  ---
  duration_ms: 0.5563
  ...
# Subtest: closure gates: contract integrity gate fails when a lineage_fingerprints lane is null
ok 430 - closure gates: contract integrity gate fails when a lineage_fingerprints lane is null
  ---
  duration_ms: 0.2737
  ...
# Subtest: closure gates: contract integrity gate fails when a lineage_fingerprints lane is absent
ok 431 - closure gates: contract integrity gate fails when a lineage_fingerprints lane is absent
  ---
  duration_ms: 0.4394
  ...
# Subtest: closure gates: all three gates are always evaluated (no short-circuit) when multiple fail
ok 432 - closure gates: all three gates are always evaluated (no short-circuit) when multiple fail
  ---
  duration_ms: 0.2616
  ...
# Subtest: closure gates: all reason_code values come from DENY_CODES (governance-diagnostics)
ok 433 - closure gates: all reason_code values come from DENY_CODES (governance-diagnostics)
  ---
  duration_ms: 0.6747
  ...
# Subtest: closure gates: no standalone governance route added to handlers (D-07)
ok 434 - closure gates: no standalone governance route added to handlers (D-07)
  ---
  duration_ms: 1.2963
  ...
# Subtest: contract integrity: gate fails when lineage_fingerprints.strategy is null
ok 435 - contract integrity: gate fails when lineage_fingerprints.strategy is null
  ---
  duration_ms: 1.835
  ...
# Subtest: contract integrity: gate fails when lineage_fingerprints.identity is null
ok 436 - contract integrity: gate fails when lineage_fingerprints.identity is null
  ---
  duration_ms: 0.2482
  ...
# Subtest: contract integrity: gate fails when lineage_fingerprints.design_system is null
ok 437 - contract integrity: gate fails when lineage_fingerprints.design_system is null
  ---
  duration_ms: 0.193
  ...
# Subtest: contract integrity: gate fails when lineage_fingerprints.starter is null
ok 438 - contract integrity: gate fails when lineage_fingerprints.starter is null
  ---
  duration_ms: 0.2119
  ...
# Subtest: contract integrity: gate passes when all lineage_fingerprints lanes are present and non-null
ok 439 - contract integrity: gate passes when all lineage_fingerprints lanes are present and non-null
  ---
  duration_ms: 0.346
  ...
# Subtest: contract integrity: gate fails when lineage_fingerprints.strategy is absent (undefined)
ok 440 - contract integrity: gate fails when lineage_fingerprints.strategy is absent (undefined)
  ---
  duration_ms: 0.1845
  ...
# Subtest: contract integrity: gate fails when lineage_fingerprints.identity is absent (undefined)
ok 441 - contract integrity: gate fails when lineage_fingerprints.identity is absent (undefined)
  ---
  duration_ms: 0.2769
  ...
# Subtest: contract integrity: gate fails when lineage_fingerprints.design_system is absent (undefined)
ok 442 - contract integrity: gate fails when lineage_fingerprints.design_system is absent (undefined)
  ---
  duration_ms: 0.2391
  ...
# Subtest: contract integrity: gate fails when lineage_fingerprints.starter is absent (undefined)
ok 443 - contract integrity: gate fails when lineage_fingerprints.starter is absent (undefined)
  ---
  duration_ms: 0.5895
  ...
# Subtest: contract integrity: all three gates are evaluated (no short-circuit) even when contract integrity fails
ok 444 - contract integrity: all three gates are evaluated (no short-circuit) even when contract integrity fails
  ---
  duration_ms: 0.4897
  ...
# Subtest: auditDrift: returns has_drift false when canonical artifacts match active bundle
ok 445 - auditDrift: returns has_drift false when canonical artifacts match active bundle
  ---
  duration_ms: 19.4653
  ...
# Subtest: auditDrift: returns has_drift true when canonical artifacts diverge from active bundle
ok 446 - auditDrift: returns has_drift true when canonical artifacts diverge from active bundle
  ---
  duration_ms: 1.169
  ...
# Subtest: auditDrift: returns has_drift true when no active pointer exists for tenant
ok 447 - auditDrift: returns has_drift true when no active pointer exists for tenant
  ---
  duration_ms: 0.3705
  ...
# Subtest: governance bundle: valid bundle passes schema validation
ok 448 - governance bundle: valid bundle passes schema validation
  ---
  duration_ms: 3.0207
  ...
# Subtest: governance bundle: incomplete bundle is denied with canonical reason codes
ok 449 - governance bundle: incomplete bundle is denied with canonical reason codes
  ---
  duration_ms: 0.8443
  ...
# Subtest: governance bundle: missing tenant_id triggers denial
ok 450 - governance bundle: missing tenant_id triggers denial
  ---
  duration_ms: 0.5348
  ...
# Subtest: governance bundle: missing bundle_id triggers denial
ok 451 - governance bundle: missing bundle_id triggers denial
  ---
  duration_ms: 0.4897
  ...
# Subtest: governance bundle: missing strategy lineage lane reference triggers denial
ok 452 - governance bundle: missing strategy lineage lane reference triggers denial
  ---
  duration_ms: 0.4913
  ...
# Subtest: governance bundle: missing identity lineage lane reference triggers denial
ok 453 - governance bundle: missing identity lineage lane reference triggers denial
  ---
  duration_ms: 0.3541
  ...
# Subtest: governance bundle: missing design_system lineage lane reference triggers denial
ok 454 - governance bundle: missing design_system lineage lane reference triggers denial
  ---
  duration_ms: 0.4196
  ...
# Subtest: governance bundle: missing starter lineage lane reference triggers denial
ok 455 - governance bundle: missing starter lineage lane reference triggers denial
  ---
  duration_ms: 0.3088
  ...
# Subtest: governance bundle: missing publish_readiness triggers denial
ok 456 - governance bundle: missing publish_readiness triggers denial
  ---
  duration_ms: 0.6062
  ...
# Subtest: governance bundle: missing lineage_fingerprints field triggers denial
ok 457 - governance bundle: missing lineage_fingerprints field triggers denial
  ---
  duration_ms: 0.5746
  ...
# Subtest: governance bundle: missing strategy fingerprint lane triggers denial
ok 458 - governance bundle: missing strategy fingerprint lane triggers denial
  ---
  duration_ms: 0.6582
  ...
# Subtest: governance bundle: null lineage fingerprint lane triggers denial
ok 459 - governance bundle: null lineage fingerprint lane triggers denial
  ---
  duration_ms: 0.2869
  ...
# Subtest: governance-diagnostics: normalizeDiagnostic returns machine_readable shape
ok 460 - governance-diagnostics: normalizeDiagnostic returns machine_readable shape
  ---
  duration_ms: 1.0031
  ...
# Subtest: governance-diagnostics: DENY_CODES has all required constants
ok 461 - governance-diagnostics: DENY_CODES has all required constants
  ---
  duration_ms: 0.1256
  ...
# Subtest: governance bundle: no standalone governance route added to handlers (D-07)
ok 462 - governance bundle: no standalone governance route added to handlers (D-07)
  ---
  duration_ms: 0.8034
  ...
# Subtest: publishBundle: denies with BRAND_GOV_CLOSURE_GATE_FAIL when a closure gate fails
ok 463 - publishBundle: denies with BRAND_GOV_CLOSURE_GATE_FAIL when a closure gate fails
  ---
  duration_ms: 2.1173
  ...
# Subtest: publishBundle: switches active pointer and appends traceability entry on gate pass
ok 464 - publishBundle: switches active pointer and appends traceability entry on gate pass
  ---
  duration_ms: 1.1078
  ...
# Subtest: rollbackBundle: denies with BRAND_GOV_BUNDLE_NOT_VERIFIED when target lacks verification_evidence_hash
ok 465 - rollbackBundle: denies with BRAND_GOV_BUNDLE_NOT_VERIFIED when target lacks verification_evidence_hash
  ---
  duration_ms: 0.3173
  ...
# Subtest: rollbackBundle: switches active pointer to verified bundle with traceability entry action rollback
ok 466 - rollbackBundle: switches active pointer to verified bundle with traceability entry action rollback
  ---
  duration_ms: 0.3434
  ...
# Subtest: bundle-registry: exposes no mutate or delete operation
ok 467 - bundle-registry: exposes no mutate or delete operation
  ---
  duration_ms: 0.237
  ...
# Subtest: tenant isolation: getBundle(tenant_A, bundle_id_from_tenant_B) returns null (deny-not-data pattern)
ok 468 - tenant isolation: getBundle(tenant_A, bundle_id_from_tenant_B) returns null (deny-not-data pattern)
  ---
  duration_ms: 2.0649
  ...
# Subtest: tenant isolation: getActiveBundle(tenant_A) returns null after setActive for tenant_B (deny-not-data)
ok 469 - tenant isolation: getActiveBundle(tenant_A) returns null after setActive for tenant_B (deny-not-data)
  ---
  duration_ms: 1.6578
  ...
# Subtest: tenant isolation: auditDrift(tenant_A) returns has_drift: true when active pointer belongs to tenant_B only
ok 470 - tenant isolation: auditDrift(tenant_A) returns has_drift: true when active pointer belongs to tenant_B only
  ---
  duration_ms: 14.6205
  ...
# Subtest: tenant isolation: publishBundle denies cross-tenant attempts (fail-closed per D-06)
ok 471 - tenant isolation: publishBundle denies cross-tenant attempts (fail-closed per D-06)
  ---
  duration_ms: 0.4314
  ...
# Subtest: tenant isolation: all governance operations enforce tenant scoping per D-06
ok 472 - tenant isolation: all governance operations enforce tenant scoping per D-06
  ---
  duration_ms: 0.5268
  ...
# Subtest: lineage handoff: maps writer metadata into canonical artifacts with fixed lane keys
ok 473 - lineage handoff: maps writer metadata into canonical artifacts with fixed lane keys
  ---
  duration_ms: 1.9166
  ...
# Subtest: lineage handoff: preserves all lanes with null when source fingerprints are missing
ok 474 - lineage handoff: preserves all lanes with null when source fingerprints are missing
  ---
  duration_ms: 0.1541
  ...
# Subtest: lineage handoff: forwards metadata values without recomputing or overriding fingerprints
ok 475 - lineage handoff: forwards metadata values without recomputing or overriding fingerprints
  ---
  duration_ms: 0.1594
  ...
# Ô£ô Phase 73: Brand input normalized for tenant local-submit
#   Determinism verified: PASS
#   Graph writes: 0 segments, 0 edges
#   Phase 74 strategy artifact: tenant:strategy:1
# Ô£ô onboarding-seed.json written to: C:\\Users\\USERPC~1\\AppData\\Local\\Temp\\markos-test-NGrYvi\\mock-onboarding-seed.json
# ­ƒñû Running MarkOS AI draft generation for: phase-79-boundary
# [Phase 78] Bundle creation denied: BRAND_GOV_MISSING_LANE
# Subtest: 79-03: publish_readiness remains accessibility-scoped while governance denials stay in branding_governance
ok 476 - 79-03: publish_readiness remains accessibility-scoped while governance denials stay in branding_governance
  ---
  duration_ms: 364.3503
  ...
# Ô£ô Phase 73: Brand input normalized for tenant local-submit
#   Determinism verified: PASS
#   Graph writes: 0 segments, 0 edges
#   Phase 74 strategy artifact: tenant:strategy:1
# Ô£ô onboarding-seed.json written to: C:\\Users\\USERPC~1\\AppData\\Local\\Temp\\markos-test-v7b1jd\\mock-onboarding-seed.json
# ­ƒñû Running MarkOS AI draft generation for: phase-79-gate-recovery
# Ô£ô Phase 78 governance: bundle bundle-1... verified for tenant local-submit
# Subtest: 79-02: submit payload includes closure gate evidence after successful bundle creation
ok 477 - 79-02: submit payload includes closure gate evidence after successful bundle creation
  ---
  duration_ms: 361.0098
  ...
# Ô£ô Phase 73: Brand input normalized for tenant local-submit
#   Determinism verified: PASS
#   Graph writes: 0 segments, 0 edges
#   Phase 74 strategy artifact: tenant:strategy:1
# Ô£ô onboarding-seed.json written to: C:\\Users\\USERPC~1\\AppData\\Local\\Temp\\markos-test-ACVK4Y\\mock-onboarding-seed.json
# ­ƒñû Running MarkOS AI draft generation for: phase-79-submit
# Ô£ô Phase 78 governance: bundle bundle-1... verified for tenant local-submit
# Ô£ô Phase 73: Brand input normalized for tenant local-submit
#   Determinism verified: PASS
#   Graph writes: 0 segments, 0 edges
#   Phase 74 strategy artifact: not-written
# Ô£ô onboarding-seed.json written to: C:\\Users\\USERPC~1\\AppData\\Local\\Temp\\markos-test-PdLv5H\\mock-onboarding-seed.json
# ­ƒñû Running MarkOS AI draft generation for: phase-79-submit
# [Phase 78] Bundle creation denied: BRAND_GOV_MISSING_LANE
# Subtest: 79-02: submit handoff forwards lineage_fingerprints to governance bundle creation
ok 478 - 79-02: submit handoff forwards lineage_fingerprints to governance bundle creation
  ---
  duration_ms: 356.5034
  ...
# Subtest: 79-02: governance deny remains additive and machine-readable while submit succeeds
ok 479 - 79-02: governance deny remains additive and machine-readable while submit succeeds
  ---
  duration_ms: 339.9802
  ...
# Ô£ô Phase 73: Brand input normalized for tenant local-submit
#   Determinism verified: PASS
#   Graph writes: 0 segments, 0 edges
#   Phase 74 strategy artifact: tenant:strategy:80
# Ô£ô onboarding-seed.json written to: C:\\Users\\USERPC~1\\AppData\\Local\\Temp\\markos-test-vx671A\\mock-onboarding-seed.json
# ­ƒñû Running MarkOS AI draft generation for: phase-80-boundary-regression
# [Phase 78] Bundle creation denied: BRAND_GOV_MISSING_LANE
# Subtest: 80-01: publish_readiness remains accessibility-only when downstream diagnostic lanes and governance denial are present
ok 480 - 80-01: publish_readiness remains accessibility-only when downstream diagnostic lanes and governance denial are present
  ---
  duration_ms: 367.1019
  ...
# Subtest: brand-publish: success returns 200 with published + traceability_entry
ok 481 - brand-publish: success returns 200 with published + traceability_entry
  ---
  duration_ms: 11.4828
  ...
# Subtest: brand-publish: gate failure returns 422 with denied payload pass-through
ok 482 - brand-publish: gate failure returns 422 with denied payload pass-through
  ---
  duration_ms: 2.6821
  ...
# Subtest: brand-publish: RBAC denial returns 403 for readonly role
ok 483 - brand-publish: RBAC denial returns 403 for readonly role
  ---
  duration_ms: 1.1594
  ...
# Subtest: brand-publish: auth denied returns 401
ok 484 - brand-publish: auth denied returns 401
  ---
  duration_ms: 0.8337
  ...
# Subtest: brand-publish: method guard returns 405 for GET
ok 485 - brand-publish: method guard returns 405 for GET
  ---
  duration_ms: 1.1781
  ...
# Subtest: brand-publish: missing bundle_id returns 400
ok 486 - brand-publish: missing bundle_id returns 400
  ---
  duration_ms: 1.0987
  ...
# Subtest: brand-rollback: success returns 200 with rolled_back + traceability_entry
ok 487 - brand-rollback: success returns 200 with rolled_back + traceability_entry
  ---
  duration_ms: 11.1761
  ...
# Subtest: brand-rollback: bundle without verification evidence returns 422
ok 488 - brand-rollback: bundle without verification evidence returns 422
  ---
  duration_ms: 2.0513
  ...
# Subtest: brand-rollback: unknown bundle returns 422 with BRAND_GOV_BUNDLE_NOT_VERIFIED
ok 489 - brand-rollback: unknown bundle returns 422 with BRAND_GOV_BUNDLE_NOT_VERIFIED
  ---
  duration_ms: 1.0962
  ...
# Subtest: brand-rollback: RBAC denial returns 403 for readonly role
ok 490 - brand-rollback: RBAC denial returns 403 for readonly role
  ---
  duration_ms: 1.0586
  ...
# Subtest: brand-rollback: auth denied returns 401
ok 491 - brand-rollback: auth denied returns 401
  ---
  duration_ms: 1.4225
  ...
# Subtest: brand-rollback: method guard returns 405 for GET
ok 492 - brand-rollback: method guard returns 405 for GET
  ---
  duration_ms: 0.766
  ...
# Subtest: brand-rollback: missing bundle_id returns 400
ok 493 - brand-rollback: missing bundle_id returns 400
  ---
  duration_ms: 0.7508
  ...
# Subtest: brand-status: no active bundle returns 200 with null active_bundle and empty traceability_log
ok 494 - brand-status: no active bundle returns 200 with null active_bundle and empty traceability_log
  ---
  duration_ms: 11.2916
  ...
# Subtest: brand-status: active bundle returns 200 with active_bundle and traceability log
ok 495 - brand-status: active bundle returns 200 with active_bundle and traceability log
  ---
  duration_ms: 6.3337
  ...
# Subtest: brand-status: traceability_log is tenant-filtered
ok 496 - brand-status: traceability_log is tenant-filtered
  ---
  duration_ms: 2.3942
  ...
# Subtest: brand-status: RBAC denial returns 403 for readonly role
ok 497 - brand-status: RBAC denial returns 403 for readonly role
  ---
  duration_ms: 1.3376
  ...
# Subtest: brand-status: auth denied returns 401
ok 498 - brand-status: auth denied returns 401
  ---
  duration_ms: 1.3461
  ...
# Subtest: brand-status: method guard returns 405 for POST
ok 499 - brand-status: method guard returns 405 for POST
  ---
  duration_ms: 0.9379
  ...
# Subtest: brand: getPluginBrandContext returns tenantId and pluginNamespace
ok 500 - brand: getPluginBrandContext returns tenantId and pluginNamespace
  ---
  duration_ms: 1.602
  ...
# Subtest: brand: getPluginBrandContext inherits primaryColor from brand-pack overrides
ok 501 - brand: getPluginBrandContext inherits primaryColor from brand-pack overrides
  ---
  duration_ms: 0.1848
  ...
# Subtest: brand: getPluginBrandContext includes logo from brand-pack
ok 502 - brand: getPluginBrandContext includes logo from brand-pack
  ---
  duration_ms: 0.1579
  ...
# Subtest: brand: getPluginBrandContext falls back to default accent when no overrides provided
ok 503 - brand: getPluginBrandContext falls back to default accent when no overrides provided
  ---
  duration_ms: 0.1864
  ...
# Subtest: brand: getPluginBrandContext does not expose raw brand-pack overrides directly
ok 504 - brand: getPluginBrandContext does not expose raw brand-pack overrides directly
  ---
  duration_ms: 0.2524
  ...
# Subtest: brand: buildPluginNotificationPayload includes primary and logoUrl from brand context
ok 505 - brand: buildPluginNotificationPayload includes primary and logoUrl from brand context
  ---
  duration_ms: 0.2247
  ...
# Subtest: brand: buildPluginNotificationPayload preserves original notification content
ok 506 - brand: buildPluginNotificationPayload preserves original notification content
  ---
  duration_ms: 0.2651
  ...
# Subtest: domain: shared subdomain resolves to correct tenant
ok 507 - domain: shared subdomain resolves to correct tenant
  ---
  duration_ms: 0.1747
  ...
# Subtest: domain: custom domain resolves to correct tenant
ok 508 - domain: custom domain resolves to correct tenant
  ---
  duration_ms: 0.498
  ...
# Subtest: domain: shared and custom domain for same tenant resolve to same tenant_id
ok 509 - domain: shared and custom domain for same tenant resolve to same tenant_id
  ---
  duration_ms: 0.526
  ...
# Subtest: domain: unknown domain returns null (fail-closed)
ok 510 - domain: unknown domain returns null (fail-closed)
  ---
  duration_ms: 1.8556
  ...
# Subtest: domain: empty hostname returns null (fail-closed)
ok 511 - domain: empty hostname returns null (fail-closed)
  ---
  duration_ms: 0.1979
  ...
# Subtest: domain: different tenants on different subdomains are isolated
ok 512 - domain: different tenants on different subdomains are isolated
  ---
  duration_ms: 0.1981
  ...
# Subtest: isTenantPluginEnabled: returns false for tenant with no config
ok 513 - isTenantPluginEnabled: returns false for tenant with no config
  ---
  duration_ms: 1.2833
  ...
# Subtest: isTenantPluginEnabled: returns true only for the exact tenant that enabled the plugin
ok 514 - isTenantPluginEnabled: returns true only for the exact tenant that enabled the plugin
  ---
  duration_ms: 0.1441
  ...
# Subtest: getGrantedCapabilities: returns empty array for unknown tenant
ok 515 - getGrantedCapabilities: returns empty array for unknown tenant
  ---
  duration_ms: 0.6423
  ...
# Subtest: getGrantedCapabilities: Tenant A capabilities not visible to Tenant B
ok 516 - getGrantedCapabilities: Tenant A capabilities not visible to Tenant B
  ---
  duration_ms: 0.3426
  ...
# Subtest: assertPluginCapability: throws PLUGIN_DISABLED when plugin is not enabled
ok 517 - assertPluginCapability: throws PLUGIN_DISABLED when plugin is not enabled
  ---
  duration_ms: 0.881
  ...
# Subtest: assertPluginCapability: throws PLUGIN_DISABLED for tenant with no config row (default off)
ok 518 - assertPluginCapability: throws PLUGIN_DISABLED for tenant with no config row (default off)
  ---
  duration_ms: 0.3634
  ...
# Subtest: assertPluginCapability: throws CAPABILITY_NOT_GRANTED when plugin enabled but capability absent
ok 519 - assertPluginCapability: throws CAPABILITY_NOT_GRANTED when plugin enabled but capability absent
  ---
  duration_ms: 0.4182
  ...
# Subtest: assertPluginCapability: does not throw when plugin enabled and capability granted
ok 520 - assertPluginCapability: does not throw when plugin enabled and capability granted
  ---
  duration_ms: 0.4267
  ...
# Subtest: recordCapabilityGrant: adds new capability to tenant config
ok 521 - recordCapabilityGrant: adds new capability to tenant config
  ---
  duration_ms: 0.6617
  ...
# Subtest: recordCapabilityGrant: duplicate grant is idempotent (no duplicates stored)
ok 522 - recordCapabilityGrant: duplicate grant is idempotent (no duplicates stored)
  ---
  duration_ms: 0.6148
  ...
# Subtest: recordCapabilityGrant: Tenant A grant does not modify Tenant B store
ok 523 - recordCapabilityGrant: Tenant A grant does not modify Tenant B store
  ---
  duration_ms: 0.2972
  ...
# Subtest: recordCapabilityGrant: throws for unknown tenant (fail-closed)
ok 524 - recordCapabilityGrant: throws for unknown tenant (fail-closed)
  ---
  duration_ms: 0.2515
  ...
# Subtest: settings: owner can enable plugin and update capabilities
ok 525 - settings: owner can enable plugin and update capabilities
  ---
  duration_ms: 2.1002
  ...
# Subtest: settings: tenant-admin can enable plugin
ok 526 - settings: tenant-admin can enable plugin
  ---
  duration_ms: 0.3427
  ...
# Subtest: settings: non-admin role is denied with 403
ok 527 - settings: non-admin role is denied with 403
  ---
  duration_ms: 0.2204
  ...
# Subtest: settings: readonly role is denied with 403
ok 528 - settings: readonly role is denied with 403
  ---
  duration_ms: 0.1384
  ...
# Subtest: settings: missing plugin_id returns 400
ok 529 - settings: missing plugin_id returns 400
  ---
  duration_ms: 0.1464
  ...
# Subtest: settings: capability update is tenant-scoped (does not bleed to Tenant B)
ok 530 - settings: capability update is tenant-scoped (does not bleed to Tenant B)
  ---
  duration_ms: 0.397
  ...
# Subtest: settings: owner can restore plugin settings while prepaid token budget is exhausted
ok 531 - settings: owner can restore plugin settings while prepaid token budget is exhausted
  ---
  duration_ms: 0.6793
  ...
# Subtest: SEC-01 governance evidence: tenant configuration family cites plugin settings change evidence
ok 532 - SEC-01 governance evidence: tenant configuration family cites plugin settings change evidence
  ---
  duration_ms: 1.0995
  ...
# Subtest: PLUGIN_CONTRACT_VERSION exported as non-empty string
ok 533 - PLUGIN_CONTRACT_VERSION exported as non-empty string
  ---
  duration_ms: 1.6641
  ...
# Subtest: validatePluginContract: valid manifest returns ok=true
ok 534 - validatePluginContract: valid manifest returns ok=true
  ---
  duration_ms: 0.3942
  ...
# Subtest: validatePluginContract: missing id returns ok=false with MISSING_PLUGIN_ID code
ok 535 - validatePluginContract: missing id returns ok=false with MISSING_PLUGIN_ID code
  ---
  duration_ms: 0.2999
  ...
# Subtest: validatePluginContract: missing requiredCapabilities returns ok=false with MISSING_CAPABILITIES code
ok 536 - validatePluginContract: missing requiredCapabilities returns ok=false with MISSING_CAPABILITIES code
  ---
  duration_ms: 0.1811
  ...
# Subtest: validatePluginContract: missing routes array returns ok=false with MISSING_ROUTES code
ok 537 - validatePluginContract: missing routes array returns ok=false with MISSING_ROUTES code
  ---
  duration_ms: 0.2967
  ...
# Subtest: validatePluginContract: null/undefined input returns ok=false with INVALID_MANIFEST code
ok 538 - validatePluginContract: null/undefined input returns ok=false with INVALID_MANIFEST code
  ---
  duration_ms: 0.1558
  ...
# Subtest: registerPlugin: valid contract registers successfully and is listable
ok 539 - registerPlugin: valid contract registers successfully and is listable
  ---
  duration_ms: 0.491
  ...
# Subtest: registerPlugin: duplicate id registration is idempotent (same contract)
ok 540 - registerPlugin: duplicate id registration is idempotent (same contract)
  ---
  duration_ms: 0.2086
  ...
# Subtest: registerPlugin: invalid contract throws with INVALID_PLUGIN_CONTRACT error
ok 541 - registerPlugin: invalid contract throws with INVALID_PLUGIN_CONTRACT error
  ---
  duration_ms: 0.9733
  ...
# Subtest: registerPlugin: registration order is deterministic (insertion order preserved)
ok 542 - registerPlugin: registration order is deterministic (insertion order preserved)
  ---
  duration_ms: 0.6928
  ...
# Subtest: resolvePlugin: returns registered plugin by id
ok 543 - resolvePlugin: returns registered plugin by id
  ---
  duration_ms: 0.2909
  ...
# Subtest: resolvePlugin: returns null for unknown plugin id
ok 544 - resolvePlugin: returns null for unknown plugin id
  ---
  duration_ms: 0.1664
  ...
# Subtest: resolved plugin metadata is immutable (frozen)
ok 545 - resolved plugin metadata is immutable (frozen)
  ---
  duration_ms: 0.2048
  ...
# Subtest: loadPlugins: valid plugin array boots without error
ok 546 - loadPlugins: valid plugin array boots without error
  ---
  duration_ms: 0.2312
  ...
# Subtest: loadPlugins: invalid plugin does not halt boot (error boundary)
ok 547 - loadPlugins: invalid plugin does not halt boot (error boundary)
  ---
  duration_ms: 0.224
  ...
# Subtest: loadPlugins: empty array returns empty registry with no failures
ok 548 - loadPlugins: empty array returns empty registry with no failures
  ---
  duration_ms: 0.1333
  ...
# Subtest: loadPlugins: marketplace/third-party plugin install flag is explicitly unsupported
ok 549 - loadPlugins: marketplace/third-party plugin install flag is explicitly unsupported
  ---
  duration_ms: 0.2195
  ...
# Subtest: telemetry: emitPluginOperation returns frozen event with required fields
ok 550 - telemetry: emitPluginOperation returns frozen event with required fields
  ---
  duration_ms: 3.0478
  ...
# Subtest: telemetry: emitPluginOperation sanitizes secret keys in payload
ok 551 - telemetry: emitPluginOperation sanitizes secret keys in payload
  ---
  duration_ms: 0.3497
  ...
# Subtest: telemetry: emitPluginOperation records brand_pack_version in event
ok 552 - telemetry: emitPluginOperation records brand_pack_version in event
  ---
  duration_ms: 0.3773
  ...
# Subtest: telemetry: emitPluginOperation falls back to "unversioned" when no brandPackVersion given
ok 553 - telemetry: emitPluginOperation falls back to "unversioned" when no brandPackVersion given
  ---
  duration_ms: 0.2985
  ...
# Subtest: telemetry: emitPluginDeny returns frozen deny event with reason and action
ok 554 - telemetry: emitPluginDeny returns frozen deny event with reason and action
  ---
  duration_ms: 2.3671
  ...
# Subtest: telemetry: emitPluginDeny does not expose secret values
ok 555 - telemetry: emitPluginDeny does not expose secret values
  ---
  duration_ms: 0.7372
  ...
# Subtest: telemetry: rollback_from and rollback_to are captured when brand-pack changes
ok 556 - telemetry: rollback_from and rollback_to are captured when brand-pack changes
  ---
  duration_ms: 0.2629
  ...
# Subtest: telemetry: subsequent operations with updated brand-pack version are traceable
ok 557 - telemetry: subsequent operations with updated brand-pack version are traceable
  ---
  duration_ms: 0.3023
  ...
# Subtest: DA telemetry: emitCampaignPublished produces event with plugin_id and operation_name
ok 558 - DA telemetry: emitCampaignPublished produces event with plugin_id and operation_name
  ---
  duration_ms: 0.6222
  ...
# Subtest: DA telemetry: emitDraftRead produces event with draft correlation_id
ok 559 - DA telemetry: emitDraftRead produces event with draft correlation_id
  ---
  duration_ms: 1.2616
  ...
# Subtest: DA telemetry: draft-to-publish lineage events share same correlation_id
ok 560 - DA telemetry: draft-to-publish lineage events share same correlation_id
  ---
  duration_ms: 0.5493
  ...
# Subtest: Suite 4: Protocol Integrity Checks
    # Subtest: 4.0 Package Identity & Version
    ok 1 - 4.0 Package Identity & Version
      ---
      duration_ms: 2.6572
      ...
    # Subtest: 4.1 Required Components Exist
    ok 2 - 4.1 Required Components Exist
      ---
      duration_ms: 1.1594
      ...
    # Subtest: 4.2 Documentation Linking (Relative Markdown Paths)
    ok 3 - 4.2 Documentation Linking (Relative Markdown Paths)
      ---
      duration_ms: 74.7434
      ...
    # Subtest: 4.3 Phase 23 Identity Artifacts Exist
    not ok 4 - 4.3 Phase 23 Identity Artifacts Exist
      ---
      duration_ms: 0.8651
      location: 'C:\\Users\\User PC\\Documents\\GitHub\\MarkOS\\test\\protocol.test.js:101:11'
      failureType: 'testCodeFailure'
      error: 'Missing Phase 23 artifact: .planning/phases/23-identity-normalization/23-IDENTITY-AUDIT.md'
      code: 'ERR_ASSERTION'
      name: 'AssertionError'
      expected: true
      actual: false
      operator: '=='
      stack: |-
        TestContext.<anonymous> (C:\Users\User PC\Documents\GitHub\MarkOS\test\protocol.test.js:108:14)
        Test.runInAsyncScope (node:async_hooks:211:14)
        Test.run (node:internal/test_runner/test:931:25)
        Test.start (node:internal/test_runner/test:829:17)
        TestContext.test (node:internal/test_runner/test:313:20)
        TestContext.<anonymous> (C:\Users\User PC\Documents\GitHub\MarkOS\test\protocol.test.js:101:11)
        async Test.run (node:internal/test_runner/test:932:9)
        async startSubtestAfterBootstrap (node:internal/test_runner/harness:296:3)
      ...
    # Subtest: 4.4 Public Identity Stays MarkOS-First
    ok 5 - 4.4 Public Identity Stays MarkOS-First
      ---
      duration_ms: 1.8111
      ...
    # Subtest: 4.5 Residual onboarding fallback behavior is documented
    ok 6 - 4.5 Residual onboarding fallback behavior is documented
      ---
      duration_ms: 0.7813
      ...
    # Subtest: 4.6 Execution prompts require local-state injection and winners anchors
    ok 7 - 4.6 Execution prompts require local-state injection and winners anchors
      ---
      duration_ms: 0.7356
      ...
    # Subtest: 4.7 Compatibility retirement ledger exists with required schema
    not ok 8 - 4.7 Compatibility retirement ledger exists with required schema
      ---
      duration_ms: 0.4497
      location: 'C:\\Users\\User PC\\Documents\\GitHub\\MarkOS\\test\\protocol.test.js:180:11'
      failureType: 'testCodeFailure'
      error: 'Compatibility decision ledger must exist'
      code: 'ERR_ASSERTION'
      name: 'AssertionError'
      expected: true
      actual: false
      operator: '=='
      stack: |-
        TestContext.<anonymous> (C:\Users\User PC\Documents\GitHub\MarkOS\test\protocol.test.js:182:12)
        Test.runInAsyncScope (node:async_hooks:211:14)
        Test.run (node:internal/test_runner/test:931:25)
        Test.start (node:internal/test_runner/test:829:17)
        TestContext.test (node:internal/test_runner/test:313:20)
        TestContext.<anonymous> (C:\Users\User PC\Documents\GitHub\MarkOS\test\protocol.test.js:180:11)
        async Test.run (node:internal/test_runner/test:932:9)
        async startSubtestAfterBootstrap (node:internal/test_runner/harness:296:3)
      ...
    # Subtest: 4.8 Compatibility policy stays manual-discretion across docs
    not ok 9 - 4.8 Compatibility policy stays manual-discretion across docs
      ---
      duration_ms: 1.825
      location: 'C:\\Users\\User PC\\Documents\\GitHub\\MarkOS\\test\\protocol.test.js:197:11'
      failureType: 'testCodeFailure'
      error: "ENOENT: no such file or directory, open 'C:\\Users\\User PC\\Documents\\GitHub\\MarkOS\\.planning\\phases\\31-rollout-hardening\\31-UAT.md'"
      code: 'ENOENT'
      stack: |-
        Object.readFileSync (node:fs:442:20)
        read (C:\Users\User PC\Documents\GitHub\MarkOS\test\protocol.test.js:198:34)
        TestContext.<anonymous> (C:\Users\User PC\Documents\GitHub\MarkOS\test\protocol.test.js:204:22)
        Test.runInAsyncScope (node:async_hooks:211:14)
        Test.run (node:internal/test_runner/test:931:25)
        Test.start (node:internal/test_runner/test:829:17)
        TestContext.test (node:internal/test_runner/test:313:20)
        TestContext.<anonymous> (C:\Users\User PC\Documents\GitHub\MarkOS\test\protocol.test.js:197:11)
        async Test.run (node:internal/test_runner/test:932:9)
        async startSubtestAfterBootstrap (node:internal/test_runner/harness:296:3)
      ...
    # Subtest: 4.9 Canonical codebase map exists and summary docs delegate to it
    ok 10 - 4.9 Canonical codebase map exists and summary docs delegate to it
      ---
      duration_ms: 2.0475
      ...
    # Subtest: 4.10 Route and wrapper documentation parity checks
    ok 11 - 4.10 Route and wrapper documentation parity checks
      ---
      duration_ms: 0.5365
      ...
    # Subtest: 4.11 Entrypoint documentation covers command surfaces
    ok 12 - 4.11 Entrypoint documentation covers command surfaces
      ---
      duration_ms: 0.9134
      ...
    1..12
not ok 561 - Suite 4: Protocol Integrity Checks
  ---
  duration_ms: 92.8929
  location: 'C:\\Users\\User PC\\Documents\\GitHub\\MarkOS\\test\\protocol.test.js:9:1'
  failureType: 'subtestsFailed'
  error: '3 subtests failed'
  code: 'ERR_TEST_FAILURE'
  ...
# Subtest: 53-02-01: approve_task allows reviewer-authorized IAM roles only
ok 562 - 53-02-01: approve_task allows reviewer-authorized IAM roles only
  ---
  duration_ms: 2.1488
  ...
# Subtest: 53-02-01: IAM policy check remains fail-closed for unknown actions and roles
ok 563 - 53-02-01: IAM policy check remains fail-closed for unknown actions and roles
  ---
  duration_ms: 0.2659
  ...
# Subtest: 42-04-01 verifies required literacy tables have RLS enabled and anon access denied
ok 564 - 42-04-01 verifies required literacy tables have RLS enabled and anon access denied
  ---
  duration_ms: 1.9921
  ...
# Subtest: 42-04-01 fails closed when any table is missing RLS or anon denial check fails
ok 565 - 42-04-01 fails closed when any table is missing RLS or anon denial check fails
  ---
  duration_ms: 0.5535
  ...
# Ô£ô Vault notes written: MarkOS-Vault/Strategy/company.md
#   Report note: MarkOS-Vault/Memory/Migration Reports/mock.md
# Ô£ô Vault notes written: MarkOS-Vault/Strategy/company.md
#   Report note: MarkOS-Vault/Memory/Migration Reports/mock.md
# Subtest: resolveSkeleton resolves correct base template for known discipline + model
ok 566 - resolveSkeleton resolves correct base template for known discipline + model
  ---
  duration_ms: 5.1404
  ...
# Subtest: resolveSkeleton returns empty string for unknown business model
ok 567 - resolveSkeleton returns empty string for unknown business model
  ---
  duration_ms: 1.036
  ...
# Subtest: resolveSkeleton returns empty string for missing template file
ok 568 - resolveSkeleton returns empty string for missing template file
  ---
  duration_ms: 0.7799
  ...
# Subtest: resolveSkeleton resolves Agents-aaS slug (agents-aas)
ok 569 - resolveSkeleton resolves Agents-aaS slug (agents-aas)
  ---
  duration_ms: 2.8695
  ...
# Subtest: generateSkeletons writes 5 output files for a valid seed
ok 570 - generateSkeletons writes 5 output files for a valid seed
  ---
  duration_ms: 22.7213
  ...
# Subtest: interpolatePainPoints replaces all slots and removes orphans
ok 571 - interpolatePainPoints replaces all slots and removes orphans
  ---
  duration_ms: 0.2366
  ...
# Subtest: handleApprove response includes skeletons block
ok 572 - handleApprove response includes skeletons block
  ---
  duration_ms: 44.5132
  ...
# Subtest: skeleton generation failure does not affect HTTP 200 response
ok 573 - skeleton generation failure does not affect HTTP 200 response
  ---
  duration_ms: 7.3215
  ...
# Subtest: CRM tenant isolation: copilot context hides foreign-tenant records and summaries
ok 574 - CRM tenant isolation: copilot context hides foreign-tenant records and summaries
  ---
  duration_ms: 7.365
  ...
# Subtest: CRM tenant isolation: copilot APIs fail closed without tenant context
ok 575 - CRM tenant isolation: copilot APIs fail closed without tenant context
  ---
  duration_ms: 0.2973
  ...
# Subtest: CRM tenant isolation: cross-tenant copilot review requires explicit owner authorization
ok 576 - CRM tenant isolation: cross-tenant copilot review requires explicit owner authorization
  ---
  duration_ms: 0.676
  ...
# Subtest: CRM tenant isolation: execution recommendations hide foreign-tenant records
ok 577 - CRM tenant isolation: execution recommendations hide foreign-tenant records
  ---
  duration_ms: 6.7136
  ...
# Subtest: CRM tenant isolation: execution queues fail closed without tenant context
ok 578 - CRM tenant isolation: execution queues fail closed without tenant context
  ---
  duration_ms: 0.5742
  ...
# Subtest: CRM tenant isolation: queue scope stays tenant-bound even for manager or team mode
ok 579 - CRM tenant isolation: queue scope stays tenant-bound even for manager or team mode
  ---
  duration_ms: 1.2972
  ...
# file:///C:/Users/User%20PC/Documents/GitHub/MarkOS/lib/markos/outbound/providers/base-adapter.ts:1
# import type { Stats } from 'node:fs';
#             ^
# SyntaxError: Unexpected token '{'
#     at compileSourceTextModule (node:internal/modules/esm/utils:338:16)
#     at ModuleLoader.importSyncForRequire (node:internal/modules/esm/loader:322:18)
#     at loadESMFromCJS (node:internal/modules/cjs/loader:1411:24)
#     at Module._compile (node:internal/modules/cjs/loader:1544:5)
#     at Object..js (node:internal/modules/cjs/loader:1699:10)
#     at Module.load (node:internal/modules/cjs/loader:1313:32)
#     at Function._load (node:internal/modules/cjs/loader:1123:12)
#     at TracingChannel.traceSync (node:diagnostics_channel:322:14)
#     at wrapModuleLoad (node:internal/modules/cjs/loader:217:24)
#     at Module.require (node:internal/modules/cjs/loader:1335:12)
# Node.js v22.13.0
# Subtest: test\\tenant-auth\\crm-outbound-tenant-isolation.test.js
not ok 161 - test\\tenant-auth\\crm-outbound-tenant-isolation.test.js
  ---
  duration_ms: 88.369
  location: 'C:\\Users\\User PC\\Documents\\GitHub\\MarkOS\\test\\tenant-auth\\crm-outbound-tenant-isolation.test.js:1:1'
  failureType: 'testCodeFailure'
  exitCode: 1
  signal: ~
  error: 'test failed'
  code: 'ERR_TEST_FAILURE'
  ...
# Subtest: CRM pipeline APIs fail closed without tenant auth context
ok 581 - CRM pipeline APIs fail closed without tenant auth context
  ---
  duration_ms: 1.7289
  ...
# Subtest: CRM pipeline APIs deny readonly mutation attempts
ok 582 - CRM pipeline APIs deny readonly mutation attempts
  ---
  duration_ms: 2.8628
  ...
# Subtest: CRM pipeline APIs do not bleed pipeline or object definitions across tenants
ok 583 - CRM pipeline APIs do not bleed pipeline or object definitions across tenants
  ---
  duration_ms: 3.9669
  ...
# Subtest: TEN-01 and REP-01: tenant reporting dashboard only returns tenant-scoped records
ok 584 - TEN-01 and REP-01: tenant reporting dashboard only returns tenant-scoped records
  ---
  duration_ms: 5.3692
  ...
# Subtest: CRM reporting tenant isolation: readiness fails closed without tenant auth context
ok 585 - CRM reporting tenant isolation: readiness fails closed without tenant auth context
  ---
  duration_ms: 0.2398
  ...
# Subtest: CRM reporting tenant isolation: attribution only returns tenant-owned records and activity lineage
ok 586 - CRM reporting tenant isolation: attribution only returns tenant-owned records and activity lineage
  ---
  duration_ms: 1.6614
  ...
# Subtest: CRM reporting tenant isolation: central rollup access stays explicit and denied to tenant roles
ok 587 - CRM reporting tenant isolation: central rollup access stays explicit and denied to tenant roles
  ---
  duration_ms: 0.2393
  ...
# Subtest: CRM tenant isolation: core CRM tables use membership-backed RLS with WITH CHECK clauses
ok 588 - CRM tenant isolation: core CRM tables use membership-backed RLS with WITH CHECK clauses
  ---
  duration_ms: 3.0977
  ...
# Subtest: CRM tenant isolation: custom field tables also fail closed on missing tenant membership
ok 589 - CRM tenant isolation: custom field tables also fail closed on missing tenant membership
  ---
  duration_ms: 0.4723
  ...
# Subtest: CRM tenant isolation: activity, identity, and merge lineage tables remain tenant partitioned
ok 590 - CRM tenant isolation: activity, identity, and merge lineage tables remain tenant partitioned
  ---
  duration_ms: 1.3996
  ...
# Subtest: CRM tenant isolation: entity helpers deny cross-tenant mutation and hide foreign rows
ok 591 - CRM tenant isolation: entity helpers deny cross-tenant mutation and hide foreign rows
  ---
  duration_ms: 3.0706
  ...
# Subtest: iam-v32: exports IAM_V32_ROLES array with all 7 canonical roles
ok 592 - iam-v32: exports IAM_V32_ROLES array with all 7 canonical roles
  ---
  duration_ms: 1.8012
  ...
# Subtest: iam-v32: exports ACTION_POLICY mapping actions to allowed roles
ok 593 - iam-v32: exports ACTION_POLICY mapping actions to allowed roles
  ---
  duration_ms: 0.1752
  ...
# Subtest: iam-v32: exports canPerformAction(role, action) function
ok 594 - iam-v32: exports canPerformAction(role, action) function
  ---
  duration_ms: 0.1178
  ...
# Subtest: iam-v32: owner role can perform all protected actions
ok 595 - iam-v32: owner role can perform all protected actions
  ---
  duration_ms: 0.1759
  ...
# Subtest: iam-v32: tenant-admin can perform admin and operational actions
ok 596 - iam-v32: tenant-admin can perform admin and operational actions
  ---
  duration_ms: 0.4469
  ...
# Subtest: iam-v32: manager can perform campaign and content operations
ok 597 - iam-v32: manager can perform campaign and content operations
  ---
  duration_ms: 0.2381
  ...
# Subtest: iam-v32: contributor can create and edit content but not approve
ok 598 - iam-v32: contributor can create and edit content but not approve
  ---
  duration_ms: 0.3557
  ...
# Subtest: iam-v32: reviewer can only approve and read
ok 599 - iam-v32: reviewer can only approve and read
  ---
  duration_ms: 0.2163
  ...
# Subtest: iam-v32: billing-admin can manage billing and access analytics
ok 600 - iam-v32: billing-admin can manage billing and access analytics
  ---
  duration_ms: 0.5637
  ...
# Subtest: iam-v32: readonly can only read and access analytics
ok 601 - iam-v32: readonly can only read and access analytics
  ---
  duration_ms: 0.6212
  ...
# Subtest: iam-v32: unknown roles are denied all actions
ok 602 - iam-v32: unknown roles are denied all actions
  ---
  duration_ms: 0.2333
  ...
# Subtest: iam-v32: unknown actions are denied all roles
ok 603 - iam-v32: unknown actions are denied all roles
  ---
  duration_ms: 0.1302
  ...
# Subtest: iam-v32: null or undefined inputs are denied
ok 604 - iam-v32: null or undefined inputs are denied
  ---
  duration_ms: 0.1215
  ...
# Subtest: iam-v32: canPerformAction results are deterministic
ok 605 - iam-v32: canPerformAction results are deterministic
  ---
  duration_ms: 0.1159
  ...
# Subtest: legacy-role-compat: validateLegacyRole maps all legacy roles deterministically
ok 606 - legacy-role-compat: validateLegacyRole maps all legacy roles deterministically
  ---
  duration_ms: 1.2383
  ...
# Subtest: legacy-role-compat: validateLegacyRole rejects unmapped roles with deterministic error
ok 607 - legacy-role-compat: validateLegacyRole rejects unmapped roles with deterministic error
  ---
  duration_ms: 0.727
  ...
# Subtest: legacy-role-compat: LEGACY_TO_IAM_MAPPING is frozen to prevent mutation
ok 608 - legacy-role-compat: LEGACY_TO_IAM_MAPPING is frozen to prevent mutation
  ---
  duration_ms: 0.3097
  ...
# Subtest: legacy-role-compat: legacy operator (tenant-admin) cannot access owner-only manage_billing action
ok 609 - legacy-role-compat: legacy operator (tenant-admin) cannot access owner-only manage_billing action
  ---
  duration_ms: 0.2269
  ...
# Subtest: legacy-role-compat: legacy viewer (readonly) cannot execute tasks
ok 610 - legacy-role-compat: legacy viewer (readonly) cannot execute tasks
  ---
  duration_ms: 1.3441
  ...
# Subtest: legacy-role-compat: legacy strategist (manager) cannot manage billing
ok 611 - legacy-role-compat: legacy strategist (manager) cannot manage billing
  ---
  duration_ms: 0.1697
  ...
# Subtest: legacy-role-compat: legacy operator preserves read_operations access
ok 612 - legacy-role-compat: legacy operator preserves read_operations access
  ---
  duration_ms: 0.3432
  ...
# Subtest: legacy-role-compat: legacy owner maintains all permissions equivalence
ok 613 - legacy-role-compat: legacy owner maintains all permissions equivalence
  ---
  duration_ms: 0.2732
  ...
# Subtest: legacy-role-compat: mixed tenant with legacy and IAM roles coexist
ok 614 - legacy-role-compat: mixed tenant with legacy and IAM roles coexist
  ---
  duration_ms: 0.4316
  ...
# Subtest: legacy-role-compat: validateLegacyRole rejects null with deterministic error
ok 615 - legacy-role-compat: validateLegacyRole rejects null with deterministic error
  ---
  duration_ms: 0.5364
  ...
# Subtest: legacy-role-compat: validateLegacyRole rejects undefined with deterministic error
ok 616 - legacy-role-compat: validateLegacyRole rejects undefined with deterministic error
  ---
  duration_ms: 0.2449
  ...
# Subtest: legacy-role-compat: validateLegacyRole rejects non-string types
ok 617 - legacy-role-compat: validateLegacyRole rejects non-string types
  ---
  duration_ms: 0.2196
  ...
# Subtest: migration-runner.cjs enforces tenant principal for background execution
ok 618 - migration-runner.cjs enforces tenant principal for background execution
  ---
  duration_ms: 2.018
  ...
# Subtest: migration-runner.cjs fails closed when tenant context missing
ok 619 - migration-runner.cjs fails closed when tenant context missing
  ---
  duration_ms: 0.3379
  ...
# Subtest: migration-runner.cjs rejects execution on tenant mismatch
ok 620 - migration-runner.cjs rejects execution on tenant mismatch
  ---
  duration_ms: 0.2791
  ...
# Subtest: api/migrate.js passes tenant principal to migration-runner
ok 621 - api/migrate.js passes tenant principal to migration-runner
  ---
  duration_ms: 0.3676
  ...
# Subtest: handlers.cjs builds executionContext object from req.markosAuth
ok 622 - handlers.cjs builds executionContext object from req.markosAuth
  ---
  duration_ms: 1.9762
  ...
# Subtest: handlers.cjs includes tenant_id, actor_id, role, request_id in context
ok 623 - handlers.cjs includes tenant_id, actor_id, role, request_id in context
  ---
  duration_ms: 0.7605
  ...
# Subtest: orchestrator.cjs receives executionContext parameter
ok 624 - orchestrator.cjs receives executionContext parameter
  ---
  duration_ms: 0.4912
  ...
# Subtest: orchestrator.cjs rejects execution when tenant context missing
ok 625 - orchestrator.cjs rejects execution when tenant context missing
  ---
  duration_ms: 0.4214
  ...
# Subtest: telemetry/events.ts defines markos_tenant_access_denied event
ok 626 - telemetry/events.ts defines markos_tenant_access_denied event
  ---
  duration_ms: 0.6111
  ...
# Subtest: telemetry.cjs exposes rollout and execution-checkpoint observability seams for OPS-01
ok 627 - telemetry.cjs exposes rollout and execution-checkpoint observability seams for OPS-01
  ---
  duration_ms: 0.6092
  ...
# Subtest: telemetry/events.ts implements sanitizePayload or redaction helper
ok 628 - telemetry/events.ts implements sanitizePayload or redaction helper
  ---
  duration_ms: 0.4221
  ...
# Subtest: runtime-context.cjs exports deny helper for telemetry emission
ok 629 - runtime-context.cjs exports deny helper for telemetry emission
  ---
  duration_ms: 0.4141
  ...
# Subtest: deny helper includes actor, tenant, action, reason in payload
ok 630 - deny helper includes actor, tenant, action, reason in payload
  ---
  duration_ms: 0.4774
  ...
# Subtest: tenant-background-job-propagation.test.js exists
ok 631 - tenant-background-job-propagation.test.js exists
  ---
  duration_ms: 0.3116
  ...
# Subtest: tenant-denial-audit.test.js exists
ok 632 - tenant-denial-audit.test.js exists
  ---
  duration_ms: 0.2458
  ...
# Subtest: requireHostedSupabaseAuth is exported from runtime-context.cjs
ok 633 - requireHostedSupabaseAuth is exported from runtime-context.cjs
  ---
  duration_ms: 1.587
  ...
# Subtest: requireHostedSupabaseAuth accepts tenant selector parameters
ok 634 - requireHostedSupabaseAuth accepts tenant selector parameters
  ---
  duration_ms: 1.3879
  ...
# Subtest: requireHostedSupabaseAuth returns tenant_id in success response
ok 635 - requireHostedSupabaseAuth returns tenant_id in success response
  ---
  duration_ms: 0.5071
  ...
# Subtest: requireHostedSupabaseAuth returns fail-closed 4xx for missing tenant
ok 636 - requireHostedSupabaseAuth returns fail-closed 4xx for missing tenant
  ---
  duration_ms: 0.5142
  ...
# Subtest: requireHostedSupabaseAuth detects ambiguous tenant context
ok 637 - requireHostedSupabaseAuth detects ambiguous tenant context
  ---
  duration_ms: 0.4352
  ...
# Subtest: api/status.js requires tenant scope in auth wrapper
ok 638 - api/status.js requires tenant scope in auth wrapper
  ---
  duration_ms: 0.4642
  ...
# Subtest: api/migrate.js requires tenant scope for protected endpoint
ok 639 - api/migrate.js requires tenant scope for protected endpoint
  ---
  duration_ms: 0.457
  ...
# Subtest: api/config.js supports tenant-scoped config retrieval
ok 640 - api/config.js supports tenant-scoped config retrieval
  ---
  duration_ms: 0.3466
  ...
# Subtest: app/(markos)/layout.tsx defines tenant context provider
ok 641 - app/(markos)/layout.tsx defines tenant context provider
  ---
  duration_ms: 1.2903
  ...
# Subtest: app/(markos)/operations/tasks/page.tsx mounts TaskStoreProvider for tenant context
ok 642 - app/(markos)/operations/tasks/page.tsx mounts TaskStoreProvider for tenant context
  ---
  duration_ms: 1.1137
  ...
# Subtest: tenant-auth propagation tests exist and are executable
ok 643 - tenant-auth propagation tests exist and are executable
  ---
  duration_ms: 0.5332
  ...
# Subtest: ui-security tests include tenant context propagation checks
ok 644 - ui-security tests include tenant context propagation checks
  ---
  duration_ms: 0.3304
  ...
# Subtest: telemetry events module defines markos_tenant_access_denied constant
ok 645 - telemetry events module defines markos_tenant_access_denied constant
  ---
  duration_ms: 2.1285
  ...
# Subtest: telemetry buildEvent function includes denial event handling
ok 646 - telemetry buildEvent function includes denial event handling
  ---
  duration_ms: 0.6363
  ...
# Subtest: telemetry sanitizePayload or redaction removes bearer tokens
ok 647 - telemetry sanitizePayload or redaction removes bearer tokens
  ---
  duration_ms: 0.4514
  ...
# Subtest: runtime-context.cjs implements deny helper function
ok 648 - runtime-context.cjs implements deny helper function
  ---
  duration_ms: 3.8925
  ...
# Subtest: deny helper returns structured response with status and error
ok 649 - deny helper returns structured response with status and error
  ---
  duration_ms: 0.7672
  ...
# Subtest: deny helper includes actor_id, tenant_id, reason in telemetry
ok 650 - deny helper includes actor_id, tenant_id, reason in telemetry
  ---
  duration_ms: 0.7453
  ...
# Subtest: deny helper includes correlation ID for audit traceability
ok 651 - deny helper includes correlation ID for audit traceability
  ---
  duration_ms: 0.5312
  ...
# Subtest: no authorization headers leak into telemetry payloads
ok 652 - no authorization headers leak into telemetry payloads
  ---
  duration_ms: 0.4171
  ...
# Subtest: no api keys leak into telemetry payloads
ok 653 - no api keys leak into telemetry payloads
  ---
  duration_ms: 0.7673
  ...
# Subtest: runtime-context exports deny helper for external use
ok 654 - runtime-context exports deny helper for external use
  ---
  duration_ms: 3.4731
  ...
# Subtest: handlers.cjs can import deny helper from runtime-context
ok 655 - handlers.cjs can import deny helper from runtime-context
  ---
  duration_ms: 1.2961
  ...
# Subtest: denial events capture immutable timestamp
ok 656 - denial events capture immutable timestamp
  ---
  duration_ms: 0.3932
  ...
# Subtest: denial events cannot be modified after creation
ok 657 - denial events cannot be modified after creation
  ---
  duration_ms: 0.3076
  ...
# Subtest: 51-01-01: Exports all required tenant contracts
ok 658 - 51-01-01: Exports all required tenant contracts
  ---
  duration_ms: 4.1592
  ...
# Subtest: 51-01-01: TenantMembership contract includes tenant_id as mandatory
ok 659 - 51-01-01: TenantMembership contract includes tenant_id as mandatory
  ---
  duration_ms: 1.8849
  ...
# Subtest: 51-01-01: TenantPrincipal contract includes actor_id and active_tenant_id
ok 660 - 51-01-01: TenantPrincipal contract includes actor_id and active_tenant_id
  ---
  duration_ms: 0.2061
  ...
# Subtest: 51-01-01: IamRole lists all v3.2 canonical roles
ok 661 - 51-01-01: IamRole lists all v3.2 canonical roles
  ---
  duration_ms: 0.3364
  ...
# Subtest: 51-01-01: LegacyRole lists v3.1 legacy roles
ok 662 - 51-01-01: LegacyRole lists v3.1 legacy roles
  ---
  duration_ms: 0.296
  ...
# Subtest: 51-01-01: LEGACY_TO_IAM_MAPPING covers all legacy roles
ok 663 - 51-01-01: LEGACY_TO_IAM_MAPPING covers all legacy roles
  ---
  duration_ms: 0.2468
  ...
# Subtest: 51-01-01: validateLegacyRole rejects unmapped roles with deterministic error
ok 664 - 51-01-01: validateLegacyRole rejects unmapped roles with deterministic error
  ---
  duration_ms: 0.8788
  ...
# Subtest: 51-01-01: validateLegacyRole accepts all mapped legacy roles
ok 665 - 51-01-01: validateLegacyRole accepts all mapped legacy roles
  ---
  duration_ms: 0.2267
  ...
# Subtest: 51-01-01: TenantMembership marks workspace_id as compatibility-only metadata
ok 666 - 51-01-01: TenantMembership marks workspace_id as compatibility-only metadata
  ---
  duration_ms: 0.5873
  ...
# Subtest: 51-01-02: Migration file 51_multi_tenant_foundation.sql exists
ok 667 - 51-01-02: Migration file 51_multi_tenant_foundation.sql exists
  ---
  duration_ms: 0.7657
  ...
# Subtest: 51-01-02: Migration creates markos_tenants table
ok 668 - 51-01-02: Migration creates markos_tenants table
  ---
  duration_ms: 0.4463
  ...
# Subtest: 51-01-02: Migration creates markos_tenant_memberships table
ok 669 - 51-01-02: Migration creates markos_tenant_memberships table
  ---
  duration_ms: 0.3069
  ...
# Subtest: 51-01-02: Migration adds tenant_id column to workspace-scoped tables
ok 670 - 51-01-02: Migration adds tenant_id column to workspace-scoped tables
  ---
  duration_ms: 0.2632
  ...
# Subtest: 51-01-02: Migration creates indexes on tenant_id
ok 671 - 51-01-02: Migration creates indexes on tenant_id
  ---
  duration_ms: 0.2767
  ...
# Subtest: 51-01-02: Migration enables RLS on tenant tables
ok 672 - 51-01-02: Migration enables RLS on tenant tables
  ---
  duration_ms: 0.3495
  ...
# Subtest: 51-01-02: Migration creates RLS policies with USING and WITH CHECK clauses
ok 673 - 51-01-02: Migration creates RLS policies with USING and WITH CHECK clauses
  ---
  duration_ms: 0.2973
  ...
# Subtest: 51-01-02: Migration creates policies that enforce tenant_id boundaries
ok 674 - 51-01-02: Migration creates policies that enforce tenant_id boundaries
  ---
  duration_ms: 0.3419
  ...
# Subtest: 51-01-02: Migration preserves workspace_id columns for compatibility
ok 675 - 51-01-02: Migration preserves workspace_id columns for compatibility
  ---
  duration_ms: 0.2844
  ...
# Subtest: 51-01-03: Every RLS policy uses tenant_id for tenant membership verification
ok 676 - 51-01-03: Every RLS policy uses tenant_id for tenant membership verification
  ---
  duration_ms: 1.064
  ...
# Subtest: 51-01-03: All INSERT policies include WITH CHECK clause for write protection
ok 677 - 51-01-03: All INSERT policies include WITH CHECK clause for write protection
  ---
  duration_ms: 0.8668
  ...
# Subtest: 51-01-03: All UPDATE policies include USING and WITH CHECK clauses
ok 678 - 51-01-03: All UPDATE policies include USING and WITH CHECK clauses
  ---
  duration_ms: 0.3751
  ...
# Subtest: 51-01-03: Policies enforce cross-tenant denial by checking actor membership in target tenant
ok 679 - 51-01-03: Policies enforce cross-tenant denial by checking actor membership in target tenant
  ---
  duration_ms: 0.351
  ...
# Subtest: 51-01-03: tenant_id column is present and properly typed on all tables
ok 680 - 51-01-03: tenant_id column is present and properly typed on all tables
  ---
  duration_ms: 0.7107
  ...
# Subtest: 51-01-03: Migration is idempotent (uses if not exists for all DDL)
ok 681 - 51-01-03: Migration is idempotent (uses if not exists for all DDL)
  ---
  duration_ms: 0.9549
  ...
# Subtest: 51-01-03: Contracts are properly scoped to TEN-01 and IAM-01 requirements
ok 682 - 51-01-03: Contracts are properly scoped to TEN-01 and IAM-01 requirements
  ---
  duration_ms: 0.2798
  ...
# Subtest: tracking tenant guard: protected-surface ingest fails closed without hosted auth
ok 683 - tracking tenant guard: protected-surface ingest fails closed without hosted auth
  ---
  duration_ms: 89.5804
  ...
# Subtest: tracking tenant guard: conflicting tenant context is denied for protected ingest
ok 684 - tracking tenant guard: conflicting tenant context is denied for protected ingest
  ---
  duration_ms: 2.6724
  ...
# Subtest: tracking tenant guard: conflicting tenant context is denied for protected identify
ok 685 - tracking tenant guard: conflicting tenant context is denied for protected identify
  ---
  duration_ms: 2.7019
  ...
# Subtest: ui-auth: operations page imports and exports authorization-aware component
ok 686 - ui-auth: operations page imports and exports authorization-aware component
  ---
  duration_ms: 2.374
  ...
# Subtest: ui-auth: operations tasks page mounts TaskStoreProvider for tenant context
ok 687 - ui-auth: operations tasks page mounts TaskStoreProvider for tenant context
  ---
  duration_ms: 0.4541
  ...
# Subtest: ui-auth: operations page handles readonly role rendering
ok 688 - ui-auth: operations page handles readonly role rendering
  ---
  duration_ms: 0.5793
  ...
# Subtest: ui-auth: tasks page includes disabled control patterns for unauthorized roles
ok 689 - ui-auth: tasks page includes disabled control patterns for unauthorized roles
  ---
  duration_ms: 1.77
  ...
# Subtest: ui-auth: authorization test file exists and is parseable
ok 690 - ui-auth: authorization test file exists and is parseable
  ---
  duration_ms: 0.566
  ...
# Subtest: ui-auth: readonly role cannot dispatch execute_task action
ok 691 - ui-auth: readonly role cannot dispatch execute_task action
  ---
  duration_ms: 0.182
  ...
# Subtest: ui-auth: reviewer role can view but cannot approve when not in tenure
ok 692 - ui-auth: reviewer role can view but cannot approve when not in tenure
  ---
  duration_ms: 0.3002
  ...
# Subtest: ui-auth: billing-admin cannot access execute_task button (hidden or disabled)
ok 693 - ui-auth: billing-admin cannot access execute_task button (hidden or disabled)
  ---
  duration_ms: 0.1684
  ...
# Subtest: ui-auth: tenant-admin cannot trigger manage_billing action (owner only)
ok 694 - ui-auth: tenant-admin cannot trigger manage_billing action (owner only)
  ---
  duration_ms: 0.4876
  ...
# Subtest: ui-auth: unauthorized access attempts show deterministic error state (not crash)
ok 695 - ui-auth: unauthorized access attempts show deterministic error state (not crash)
  ---
  duration_ms: 0.772
  ...
# Subtest: ui-auth: tasks page does not render blank for unauthorized users (renders disabled UI)
ok 696 - ui-auth: tasks page does not render blank for unauthorized users (renders disabled UI)
  ---
  duration_ms: 0.4609
  ...
# Subtest: ui-auth: operations layout provides auth context to child routes
ok 697 - ui-auth: operations layout provides auth context to child routes
  ---
  duration_ms: 0.7084
  ...
# Subtest: ui-auth tenant deny: layout fails closed when session tenant context is missing
not ok 698 - ui-auth tenant deny: layout fails closed when session tenant context is missing
  ---
  duration_ms: 1.4646
  location: 'C:\\Users\\User PC\\Documents\\GitHub\\MarkOS\\test\\tenant-auth\\ui-authorization-negative-path.test.js:188:1'
  failureType: 'testCodeFailure'
  error: |-
    The input did not match the regular expression /Access Denied/. Input:
    
    'import React, { type ReactNode } from "react";\r\n' +
      '\r\n' +
      'import {\r\n' +
      '  getActiveTenantContext,\r\n' +
      '  requireMarkosSession,\r\n' +
      '  SESSION_REQUIRED,\r\n' +
      '  TENANT_CONTEXT_MISSING,\r\n' +
      '} from "../../lib/markos/auth/session";\r\n' +
      'import { MarkOSAccessDeniedState, MarkOSLayoutShell } from "./layout-shell";\r\n' +
      '\r\n' +
      'type MarkOSLayoutProps = {\r\n' +
      '  children: ReactNode;\r\n' +
      '};\r\n' +
      '\r\n' +
      'export const dynamic = "force-dynamic";\r\n' +
      '\r\n' +
      '// Task 51-02-02: Tenant Context Propagation Contract\r\n' +
      '// ====================================================\r\n' +
      '// Protected MarkOS surfaces require deterministic tenant context resolution:\r\n' +
      '// - Tenant identity is resolved from authenticated session state only\r\n' +
      '// - Never inferred implicitly from URL, headers, or user preference\r\n' +
      '// - Tenant context is attached to all protected API requests\r\n' +
      '// - Missing or ambiguous tenant context causes visible denial state (fail-closed)\r\n' +
      '\r\n' +
      'function isTenantAccessError(error: unknown) {\r\n' +
      '  return error instanceof Error && (error.message === SESSION_REQUIRED || error.message === TENANT_CONTEXT_MISSING);\r\n' +
      '}\r\n' +
      '\r\n' +
      'export default async function MarkOSLayout({ children }: Readonly<MarkOSLayoutProps>) {\r\n' +
      '  try {\r\n' +
      '    const session = await requireMarkosSession();\r\n' +
      '    const tenantContext = await getActiveTenantContext(session);\r\n' +
      '\r\n' +
      '    if (!tenantContext?.tenantId) {\r\n' +
      '      return <MarkOSAccessDeniedState />;\r\n' +
      '    }\r\n' +
      '\r\n' +
      '    return <MarkOSLayoutShell tenantId={tenantContext.tenantId}>{children}</MarkOSLayoutShell>;\r\n' +
      '  } catch (error) {\r\n' +
      '    if (isTenantAccessError(error)) {\r\n' +
      '      return <MarkOSAccessDeniedState />;\r\n' +
      '    }\r\n' +
      '\r\n' +
      '    throw error;\r\n' +
      '  }\r\n' +
      '}\r\n'
    
  code: 'ERR_ASSERTION'
  name: 'AssertionError'
  expected:
  actual: |-
    import React, { type ReactNode } from "react";
    
    import {
      getActiveTenantContext,
      requireMarkosSession,
      SESSION_REQUIRED,
      TENANT_CONTEXT_MISSING,
    } from "../../lib/markos/auth/session";
    import { MarkOSAccessDeniedState, MarkOSLayoutShell } from "./layout-shell";
    
    type MarkOSLayoutProps = {
      children: ReactNode;
    };
    
    export const dynamic = "force-dynamic";
    
    // Task 51-02-02: Tenant Context Propagation Contract
    // ====================================================
    // Protected MarkOS surfaces require deterministic tenant context resolution:
    // - Tenant identity is resolved from authenticated session state only
    // - Never inferred implicitly from URL, headers, or user preference
    // - Tenant context is attached to all protected API requests
    // - Missing or ambiguous tenant context causes visible denial state (fail-closed)
    
    function isTenantAccessError(error: unknown) {
      return error instanceof Error && (error.message === SESSION_REQUIRED || error.message === TENANT_CONTEXT_MISSING);
    }
    
    export default async function MarkOSLayout({ children }: Readonly<MarkOSLayoutProps>) {
      try {
        const session = await requireMarkosSession();
        const tenantContext = await getActiveTenantContext(session);
    
        if (!tenantContext?.tenantId) {
          return <MarkOSAccessDeniedState />;
        }
    
        return <MarkOSLayoutShell tenantId={tenantContext.tenantId}>{children}</MarkOSLayoutShell>;
      } catch (error) {
        if (isTenantAccessError(error)) {
          return <MarkOSAccessDeniedState />;
        }
    
        throw error;
      }
    }
    
  operator: 'match'
  stack: |-
    TestContext.<anonymous> (C:\Users\User PC\Documents\GitHub\MarkOS\test\tenant-auth\ui-authorization-negative-path.test.js:191:10)
    Test.runInAsyncScope (node:async_hooks:211:14)
    Test.run (node:internal/test_runner/test:931:25)
    Test.processPendingSubtests (node:internal/test_runner/test:629:18)
    Test.postRun (node:internal/test_runner/test:1042:19)
    Test.run (node:internal/test_runner/test:970:12)
    async Test.processPendingSubtests (node:internal/test_runner/test:629:7)
  ...
# Subtest: ui-auth: readonly role can view operations list but not execute
ok 699 - ui-auth: readonly role can view operations list but not execute
  ---
  duration_ms: 0.1273
  ...
# Subtest: ui-auth: contributor cannot see approve controls in operations
ok 700 - ui-auth: contributor cannot see approve controls in operations
  ---
  duration_ms: 0.1111
  ...
# Subtest: ui-auth: all protected operations enforce action-level checks
ok 701 - ui-auth: all protected operations enforce action-level checks
  ---
  duration_ms: 0.8384
  ...
# Subtest: ui-auth: denied actions always return same status/message (deterministic)
ok 702 - ui-auth: denied actions always return same status/message (deterministic)
  ---
  duration_ms: 0.7059
  ...
# Subtest: ui-auth: role-action matrix is immutable (frozen) for deterministic checks
ok 703 - ui-auth: role-action matrix is immutable (frozen) for deterministic checks
  ---
  duration_ms: 0.3366
  ...
# Subtest: TRK-03: authenticated high-signal events remain CRM visible
ok 704 - TRK-03: authenticated high-signal events remain CRM visible
  ---
  duration_ms: 2.4392
  ...
# Subtest: TRK-03: low-signal authenticated UI noise is excluded from CRM timelines
ok 705 - TRK-03: low-signal authenticated UI noise is excluded from CRM timelines
  ---
  duration_ms: 0.4096
  ...
# Subtest: TRK-03: normalization translates raw tracked events into MarkOS CRM activity families
ok 706 - TRK-03: normalization translates raw tracked events into MarkOS CRM activity families
  ---
  duration_ms: 3.2265
  ...
# Subtest: TRK-03: tracked entry payload preserves destination and UTM evidence
ok 707 - TRK-03: tracked entry payload preserves destination and UTM evidence
  ---
  duration_ms: 0.4671
  ...
# Subtest: TRK-03: tracking ingest contract names normalized activity families explicitly
ok 708 - TRK-03: tracking ingest contract names normalized activity families explicitly
  ---
  duration_ms: 0.4725
  ...
# Subtest: TRK-01: onboarding browser capture targets the MarkOS-owned ingest path
ok 709 - TRK-01: onboarding browser capture targets the MarkOS-owned ingest path
  ---
  duration_ms: 2.4109
  ...
# Subtest: TRK-03: browser contract names page-view, key interaction, and form lifecycle events explicitly
ok 710 - TRK-03: browser contract names page-view, key interaction, and form lifecycle events explicitly
  ---
  duration_ms: 1.9475
  ...
# Subtest: TRK-04: onboarding browser copy frames publish as transitional instead of canonical MIR activation
not ok 711 - TRK-04: onboarding browser copy frames publish as transitional instead of canonical MIR activation
  ---
  duration_ms: 3.0025
  location: 'C:\\Users\\User PC\\Documents\\GitHub\\MarkOS\\test\\tracking\\tracking-browser-contract.test.js:32:1'
  failureType: 'testCodeFailure'
  error: |-
    The input did not match the regular expression /Publish Transitional Drafts/. Input:
    
    '<!DOCTYPE html>\n' +
      '<html lang="en">\n' +
      '<head>\n' +
      '    <meta charset="UTF-8">\n' +
      '    <meta name="viewport" content="width=device-width, initial-scale=1.0">\n' +
      '    <title>MarkOS Onboarding</title>\n' +
      '    <link rel="preconnect" href="https://fonts.googleapis.com">\n' +
      '    <link rel="preconnect" href="https://fonts.gstatic.com" crossorigin>\n' +
      '    <link rel="stylesheet" href="onboarding.css">\n' +
      '</head>\n' +
      '<body>\n' +
      '    <!-- Loading Overlay -->\n' +
      '    <div class="loading-overlay" id="loadingOverlay">\n' +
      '        <div class="loading-spinner"></div>\n' +
      '        <div class="loading-message" id="loadingMessage">Generating AI drafts...</div>\n' +
      '        <div class="loading-steps" id="loadingSteps">\n' +
      '            Storing intelligence in Supabase + Upstash Vector<br>\n' +
      '            Running legacy draft agent ÔÇö Company Profile<br>\n' +
      '            Running legacy draft agent ÔÇö Audience Persona<br>\n' +
      '            Running legacy draft agent ÔÇö Brand Voice\n' +
      '        </div>\n' +
      '    </div>\n' +
      '\n' +
      '    <div class="onboarding-wrapper">\n' +
      '        <header class="onboarding-header">\n' +
      '            <img src="" alt="Logo" class="onboarding-logo" id="brandLogo">\n' +
      '            <h1 class="onboarding-title" id="formTitle">MarkOS Intelligence Onboarding</h1>\n' +
      '            <div class="progress-bar">\n' +
      '                <div class="progress-fill" id="progressFill"></div>\n' +
      '            </div>\n' +
      '            <div class="step-indicator">Step <span id="currentStepNum">1</span> of 7</div>\n' +
      '        </header>\n' +
      '\n' +
      '        <main class="onboarding-card">\n' +
      '            \n' +
      '            <!-- Step 0: Omni-Input Gate -->\n' +
      '            <section class="step-section active" data-step="0">\n' +
      '                <div class="omni-gate">\n' +
      `                    <h2 class="step-title omni-title">Give us your website URL,<br>or drag and drop your company docs here.<br><span class="omni-subtitle">We'll figure out the rest.</span></h2>\n` +
      '                    \n' +
      '                    <input type="url" id="omniUrl" class="omni-input" placeholder="https://yourwebsite.com">\n' +
      '                    \n' +
      '                    <div id="omniDropzone" class="omni-dropzone">\n' +
      '                        <div class="omni-dropzone-icon">­ƒôä</div>\n' +
      '                        <div>Drag &amp; Drop PDFs, DOCX, CSV, or Text files here</div>\n' +
      '                        <div class="omni-dropzone-help">or click to browse</div>\n' +
      '                        <input type="file" id="omniFileInput" multiple accept=".pdf,.docx,.csv,.txt,.md" class="d-none" aria-label="Upload company documents">\n' +
      '                    </div>\n' +
      '                    \n' +
      '                    <div id="omniFilesList" class="omni-files-list"></div>\n' +
      '\n' +
      '                    <button type="button" class="btn-primary omni-action-btn" id="btnExtract">Extract Context ÔåÆ</button>\n' +
      '                    <button type="button" class="btn-secondary omni-action-btn" id="btnSkipExtract">Skip / Manual ÔåÆ</button>\n' +
      '                    \n' +
      '                    <div id="omniTerminal" class="omni-terminal">\n' +
      '                        <div id="terminalLines"></div>\n' +
      '                        <div>&gt;<span class="cursor-blink">_</span></div>\n' +
      '                    </div>\n' +
      '                </div>\n' +
      '            </section>\n' +
      '\n' +
      '            <!-- Step 1: Company & Brand -->\n' +
      '            <section class="step-section" data-step="1">\n' +
      '                <h2 class="step-title">Company &amp; Brand</h2>\n' +
      '\n' +
      '                <div class="form-group relative">\n' +
      '                    <label class="form-label" for="companyName">Company Name *</label>\n' +
      '                    <div class="flex items-center gap-xs">\n' +
      '                        <input type="text" id="companyName" class="form-input flex-grow" required placeholder="Acme Corp">\n' +
      '                        <button type="button" class="spark-btn" data-target="companyName" title="AI Spark Ô£¿">Ô£¿</button>\n' +
      '                    </div>\n' +
      '                </div>\n' +
      '\n' +
      '                <div class="form-group">\n' +
      '                    <label class="form-label" for="businessModel">Business Model *</label>\n' +
      '                    <select id="businessModel" class="form-select" required onchange="onBusinessModelChange()">\n' +
      '                        <option value="">Select your model</option>\n' +
      '                        <option value="B2B">B2B ÔÇö Business to Business</option>\n' +
      '                        <option value="B2C">B2C ÔÇö Business to Consumer</option>\n' +
      '                        <option value="B2B2C">B2B2C ÔÇö Sell to businesses that serve consumers</option>\n' +
      '                        <option value="DTC">DTC ÔÇö Direct to Consumer (e-commerce)</option>\n' +
      '                        <option value="Marketplace">Marketplace ÔÇö Two-sided platform</option>\n' +
      '                        <option value="SaaS">SaaS ÔÇö Software as a Service</option>\n' +
      '                        <option value="Agents-aaS">Agents-aaS ÔÇö Autonomous AI Agents as a Service</option>\n' +
      '                    </select>\n' +
      '                    <p class="form-helper">This helps us tailor the conversational interview.</p>\n' +
      '                </div>\n' +
      '\n' +
      '                <!-- AI Data Privacy Notice -->\n' +
      '                <div class="privacy-notice" id="privacyNotice" role="alert">\n' +
      '                    <div class="privacy-notice-icon">­ƒöÆ</div>\n' +
      '                    <div class="privacy-notice-body">\n' +
      "                        <strong>AI Data Notice</strong> ÔÇö The information you enter here is sent to your configured AI provider (OpenAI, Anthropic, or Google Gemini) via your private API key to generate MarkOS drafts. Your data is <strong>never stored on external servers</strong> beyond your own API provider's temporary processing window. API keys are stored only in your local <code>.env</code> file and never leave your machine.\n" +
      '                    </div>\n' +
      '                    <button class="privacy-notice-dismiss" id="dismissPrivacy" aria-label="Dismiss" title="Dismiss">Ô£ò</button>\n' +
      '                </div>\n' +
      '            </section>\n' +
      '\n' +
      '            <!-- Step 2: Conversational Interview -->\n' +
      '            <section class="step-section" data-step="2" id="interviewStep">\n' +
      '                <div class="draft-review-header">\n' +
      `                    <h2 class="step-title">Let's fill in the gaps...</h2>\n` +
      `                    <p class="draft-review-subtext">Our AI has mapped your existing content. Now, let's complete your profile together.</p>\n` +
      '                    <p class="draft-review-subtext" id="interviewProgress">Question 0 of 5</p>\n' +
      '                </div>\n' +
      '                \n' +
      '                <div class="chat-container" id="interviewContainer">\n' +
      `                    <div class="chat-msg agent">Hi! I'm ready to learn more about your business. Give me a moment while I review what we have so far...</div>\n` +
      '                </div>\n' +
      '                \n' +
      '                <div class="chat-input-area" id="interviewInputArea">\n' +
      '                    <textarea id="interviewInput" class="form-textarea chat-input-textarea" placeholder="Type your answer here..."></textarea>\n' +
      '                    <button type="button" class="spark-btn chat-spark-btn" data-target="interviewInput" title="AI Spark Ô£¿">Ô£¿</button>\n' +
      '                    <button type="button" class="btn-primary chat-send-btn" id="btnSendAnswer">Send ÔåÆ</button>\n' +
      '                </div>\n' +
      '                <!-- Bailout Button (Wave 5) -->\n' +
      '                <button type="button" class="btn-secondary mt-lg w-full" id="btnSkipChat">Skip chat ÔåÆ Show full form</button>\n' +
      '            </section>\n' +
      '\n' +
      '\n' +
      '\n' +
      '            <!-- Step 3: Schema Dashboard & AI Draft Review -->\n' +
      '            <section class="step-section" data-step="3" id="draftReviewStep">\n' +
      '                <div class="tabs-container">\n' +
      `                    <button class="tab-btn active" id="tabBtnSchema" onclick="switchTab('schema')">Master Schema</button>\n` +
      `                    <button class="tab-btn" id="tabBtnDrafts" onclick="switchTab('drafts')">AI Drafts</button>\n` +
      '                </div>\n' +
      '\n' +
      '                <!-- Tab 1: Schema -->\n' +
      '                <div id="tabContentSchema" class="tab-content active">\n' +
      '                    <div class="draft-review-header">\n' +
      '                        <h2 class="step-title">Master Intelligence Schema</h2>\n' +
      '                        <p class="draft-review-subtext">Review and edit your full company profile. Every update directly trains your AI agents.</p>\n' +
      '                    </div>\n' +
      '                    <div class="schema-grid" id="schemaGrid">\n' +
      '                        <!-- Populated by JS -->\n' +
      '                    </div>\n' +
      '                    <!-- Moved publish bar here so user can publish from schema tab too, or keep it per tab -->\n' +
      '                    <div class="mt-lg">\n' +
      `                         <button class="btn-primary w-full" onclick="switchTab('drafts')">Review Drafts ÔåÆ</button>\n` +
      '                    </div>\n' +
      '                </div>\n' +
      '\n' +
      '                <!-- Tab 2: Drafts -->\n' +
      '                <div id="tabContentDrafts" class="tab-content">\n' +
      '                    <div class="draft-review-header">\n' +
      '                        <h2 class="step-title">AI Draft Review</h2>\n' +
      '                        <p class="draft-review-subtext">Review, edit, and approve AI-generated content before writing canonical vault notes.</p>\n' +
      '                        <div class="draft-toolbar">\n' +
      '                            <a class="btn-secondary importer-link-btn" href="importer.html">Open Legacy Importer</a>\n' +
      '                        </div>\n' +
      '                    </div>\n' +
      '\n' +
      '                    <div class="draft-grid" id="draftGrid">\n' +
      '                        <!-- Draft cards are injected here by onboarding.js -->\n' +
      '                        <div class="text-center text-muted p-8">\n' +
      '                            <div class="text-2xl mb-md">­ƒñû</div>\n' +
      '                            <div>Your AI drafts will appear here once generated.</div>\n' +
      '                        </div>\n' +
      '                    </div>\n' +
      '\n' +
      '                    <div class="publish-bar d-none" id="publishBar">\n' +
      '                        <div class="publish-summary" id="publishSummary">Approve all sections above to enable vault writes.</div>\n' +
      '                        <button class="btn-publish" id="btnPublish" disabled>Write Approved Notes to Vault</button>\n' +
      '                        <div class="gate-status-bar" id="gateStatusBar" role="status" aria-live="polite"></div>\n' +
      '                    </div>\n' +
      '                </div>\n' +
      '            <'... 1738 more characters
    
  code: 'ERR_ASSERTION'
  name: 'AssertionError'
  expected:
  actual: |-
    <!DOCTYPE html>
    <html lang="en">
    <head>
        <meta charset="UTF-8">
        <meta name="viewport" content="width=device-width, initial-scale=1.0">
        <title>MarkOS Onboarding</title>
        <link rel="preconnect" href="https://fonts.googleapis.com">
        <link rel="preconnect" href="https://fonts.gstatic.com" crossorigin>
        <link rel="stylesheet" href="onboarding.css">
    </head>
    <body>
        <!-- Loading Overlay -->
        <div class="loading-overlay" id="loadingOverlay">
            <div class="loading-spinner"></div>
            <div class="loading-message" id="loadingMessage">Generating AI drafts...</div>
            <div class="loading-steps" id="loadingSteps">
                Storing intelligence in Supabase + Upstash Vector<br>
                Running legacy draft agent ÔÇö Company Profile<br>
                Running legacy draft agent ÔÇö Audience Persona<br>
                Running legacy draft agent ÔÇö Brand Voice
            </div>
        </div>
    
        <div class="onboarding-wrapper">
            <header class="onboarding-header">
                <img src="" alt="Logo" class="onboarding-logo" id="brandLogo">
                <h1 class="onboarding-title" id="formTitle">MarkOS Intelligence Onboarding</h1>
                <div class="progress-bar">
                    <div class="progress-fill" id="progressFill"></div>
                </div>
                <div class="step-indicator">Step <span id="currentStepNum">1</span> of 7</div>
            </header>
    
            <main class="onboarding-card">
                
                <!-- Step 0: Omni-Input Gate -->
                <section class="step-section active" data-step="0">
                    <div class="omni-gate">
                        <h2 class="step-title omni-title">Give us your website URL,<br>or drag and drop your company docs here.<br><span class="omni-subtitle">We'll figure out the rest.</span></h2>
                        
                        <input type="url" id="omniUrl" class="omni-input" placeholder="https://yourwebsite.com">
                        
                        <div id="omniDropzone" class="omni-dropzone">
                            <div class="omni-dropzone-icon">­ƒôä</div>
                            <div>Drag &amp; Drop PDFs, DOCX, CSV, or Text files here</div>
                            <div class="omni-dropzone-help">or click to browse</div>
                            <input type="file" id="omniFileInput" multiple accept=".pdf,.docx,.csv,.txt,.md" class="d-none" aria-label="Upload company documents">
                        </div>
                        
                        <div id="omniFilesList" class="omni-files-list"></div>
    
                        <button type="button" class="btn-primary omni-action-btn" id="btnExtract">Extract Context ÔåÆ</button>
                        <button type="button" class="btn-secondary omni-action-btn" id="btnSkipExtract">Skip / Manual ÔåÆ</button>
                        
                        <div id="omniTerminal" class="omni-terminal">
                            <div id="terminalLines"></div>
                            <div>&gt;<span class="cursor-blink">_</span></div>
                        </div>
                    </div>
                </section>
    
                <!-- Step 1: Company & Brand -->
                <section class="step-section" data-step="1">
                    <h2 class="step-title">Company &amp; Brand</h2>
    
                    <div class="form-group relative">
                        <label class="form-label" for="companyName">Company Name *</label>
                        <div class="flex items-center gap-xs">
                            <input type="text" id="companyName" class="form-input flex-grow" required placeholder="Acme Corp">
                            <button type="button" class="spark-btn" data-target="companyName" title="AI Spark Ô£¿">Ô£¿</button>
                        </div>
                    </div>
    
                    <div class="form-group">
                        <label class="form-label" for="businessModel">Business Model *</label>
                        <select id="businessModel" class="form-select" required onchange="onBusinessModelChange()">
                            <option value="">Select your model</option>
                            <option value="B2B">B2B ÔÇö Business to Business</option>
                            <option value="B2C">B2C ÔÇö Business to Consumer</option>
                            <option value="B2B2C">B2B2C ÔÇö Sell to businesses that serve consumers</option>
                            <option value="DTC">DTC ÔÇö Direct to Consumer (e-commerce)</option>
                            <option value="Marketplace">Marketplace ÔÇö Two-sided platform</option>
                            <option value="SaaS">SaaS ÔÇö Software as a Service</option>
                            <option value="Agents-aaS">Agents-aaS ÔÇö Autonomous AI Agents as a Service</option>
                        </select>
                        <p class="form-helper">This helps us tailor the conversational interview.</p>
                    </div>
    
                    <!-- AI Data Privacy Notice -->
                    <div class="privacy-notice" id="privacyNotice" role="alert">
                        <div class="privacy-notice-icon">­ƒöÆ</div>
                        <div class="privacy-notice-body">
                            <strong>AI Data Notice</strong> ÔÇö The information you enter here is sent to your configured AI provider (OpenAI, Anthropic, or Google Gemini) via your private API key to generate MarkOS drafts. Your data is <strong>never stored on external servers</strong> beyond your own API provider's temporary processing window. API keys are stored only in your local <code>.env</code> file and never leave your machine.
                        </div>
                        <button class="privacy-notice-dismiss" id="dismissPrivacy" aria-label="Dismiss" title="Dismiss">Ô£ò</button>
                    </div>
                </section>
    
                <!-- Step 2: Conversational Interview -->
                <section class="step-section" data-step="2" id="interviewStep">
                    <div class="draft-review-header">
                        <h2 class="step-title">Let's fill in the gaps...</h2>
                        <p class="draft-review-subtext">Our AI has mapped your existing content. Now, let's complete your profile together.</p>
                        <p class="draft-review-subtext" id="interviewProgress">Question 0 of 5</p>
                    </div>
                    
                    <div class="chat-container" id="interviewContainer">
                        <div class="chat-msg agent">Hi! I'm ready to learn more about your business. Give me a moment while I review what we have so far...</div>
                    </div>
                    
                    <div class="chat-input-area" id="interviewInputArea">
                        <textarea id="interviewInput" class="form-textarea chat-input-textarea" placeholder="Type your answer here..."></textarea>
                        <button type="button" class="spark-btn chat-spark-btn" data-target="interviewInput" title="AI Spark Ô£¿">Ô£¿</button>
                        <button type="button" class="btn-primary chat-send-btn" id="btnSendAnswer">Send ÔåÆ</button>
                    </div>
                    <!-- Bailout Button (Wave 5) -->
                    <button type="button" class="btn-secondary mt-lg w-full" id="btnSkipChat">Skip chat ÔåÆ Show full form</button>
                </section>
    
    
    
                <!-- Step 3: Schema Dashboard & AI Draft Review -->
                <section class="step-section" data-step="3" id="draftReviewStep">
                    <div class="tabs-container">
                        <button class="tab-btn active" id="tabBtnSchema" onclick="switchTab('schema')">Master Schema</button>
                        <button class="tab-btn" id="tabBtnDrafts" onclick="switchTab('drafts')">AI Drafts</button>
                    </div>
    
                    <!-- Tab 1: Schema -->
                    <div id="tabContentSchema" class="tab-content active">
                        <div class="draft-review-header">
                            <h2 class="step-title">Master Intelligence Schema</h2>
                            <p class="draft-review-subtext">Review and edit your full company profile. Every update directly trains your AI agents.</p>
                        </div>
                        <div class="schema-grid" id="schemaGrid">
                            <!-- Populated by JS -->
                        </div>
                        <!-- Moved publish bar here so user can publish from schema tab too, or keep it per tab -->
                        <div class="mt-lg">
                             <button class="btn-primary w-full" onclick="switchTab('drafts')">Review Drafts ÔåÆ</button>
                        </div>
                    </div>
    
                    <!-- Tab 2: Drafts -->
                    <div id="tabContentDrafts" class="tab-content">
                        <div class="draft-review-header">
                            <h2 class="step-title">AI Draft Review</h2>
                            <p class="draft-review-subtext">Review, edit, and approve AI-generated content before writing canonical vault notes.</p>
                            <div class="draft-toolbar">
                                <a class="btn-secondary importer-link-btn" href="importer.html">Open Legacy Importer</a>
                            </div>
                        </div>
    
                        <div class="draft-grid" id="draftGrid">
                            <!-- Draft cards are injected here by onboarding.js -->
                            <div class="text-center text-muted p-8">
                                <div class="text-2xl mb-md">­ƒñû</div>
                                <div>Your AI drafts will appear here once generated.</div>
                            </div>
                        </div>
    
                        <div class="publish-bar d-none" id="publishBar">
                            <div class="publish-summary" id="publishSummary">Approve all sections above to enable vault writes.</div>
                            <button class="btn-publish" id="btnPublish" disabled>Write Approved Notes to Vault</button>
                            <div class="gate-status-bar" id="gateStatusBar" role="status" aria-live="polite"></div>
                        </div>
                    </div>
                </section>
    
                <!-- Navigation Buttons -->
                <div class="button-group" id="navButtons">
                    <button type="button" class="btn-secondary" id="btnBack" disabled>Back</button>
                    <button type="button" class="btn-primary" id="btnNext">Save &amp; Continue</button>
                </div>
    
                <!-- Completion Screen -->
                <section class="completion-screen d-none" id="completionScreen">
                    <div class="completion-icon">
                        <svg fill="none" stroke="currentColor" viewBox="0 0 24 24" xmlns="http://www.w3.org/2000/svg"><path stroke-linecap="round" stroke-linejoin="round" stroke-width="2" d="M5 13l4 4L19 7"></path></svg>
                    </div>
                    <h2 class="completion-title" id="completionTitle">Vault Notes Ready</h2>
                    <p class="completion-message" id="completionMessage">Canonical vault notes were written successfully.</p>
                    <div class="completion-details" id="completionDetails"></div>
                    <div class="mt-lg d-flex gap-md justify-center flex-wrap" id="completionActions">
                        <a class="btn-secondary importer-link-btn" href="importer.html">Open Legacy Importer</a>
                        <button class="btn-primary d-none" id="btnCloseWindow" onclick="window.close()">Close Window</button>
                    </div>
                </section>
    
            </main>
            
            <!-- Spark Popover -->
            <div id="sparkPopover" class="spark-popover">
                <div id="sparkSuggestions" class="spark-suggestions"></div>
                <div id="sparkLoading" class="spark-loading">Ô£¿ Thinking...</div>
            </div>
        </div>
        
        <script src="onboarding.js"></script>
    </body>
    </html>
    
    
  operator: 'match'
  stack: |-
    TestContext.<anonymous> (C:\Users\User PC\Documents\GitHub\MarkOS\test\tracking\tracking-browser-contract.test.js:36:10)
    Test.runInAsyncScope (node:async_hooks:211:14)
    Test.run (node:internal/test_runner/test:931:25)
    Test.processPendingSubtests (node:internal/test_runner/test:629:18)
    Test.postRun (node:internal/test_runner/test:1042:19)
    Test.run (node:internal/test_runner/test:970:12)
    async Test.processPendingSubtests (node:internal/test_runner/test:629:7)
  ...
# Subtest: TRK-04: accepted identity assertions attach anonymous history to known CRM timelines
ok 712 - TRK-04: accepted identity assertions attach anonymous history to known CRM timelines
  ---
  duration_ms: 20.1189
  ...
# Subtest: TRK-04: review-only identity candidates do not attach anonymous history yet
ok 713 - TRK-04: review-only identity candidates do not attach anonymous history yet
  ---
  duration_ms: 2.4793
  ...
# Subtest: TRK-01: first-party ingest sanitizes payloads and appends CRM-readable activity rows
ok 714 - TRK-01: first-party ingest sanitizes payloads and appends CRM-readable activity rows
  ---
  duration_ms: 97.806
  ...
# Subtest: TRK-03: ingest rejects malformed event batches with explicit failure semantics
ok 715 - TRK-03: ingest rejects malformed event batches with explicit failure semantics
  ---
  duration_ms: 0.8413
  ...
# Subtest: TRK-02: tracked redirect preserves UTM and affiliate context as CRM evidence
ok 716 - TRK-02: tracked redirect preserves UTM and affiliate context as CRM evidence
  ---
  duration_ms: 16.0838
  ...
# Subtest: TRK-02: tracked redirect encodes degraded fallback state when primary destination is missing
ok 717 - TRK-02: tracked redirect encodes degraded fallback state when primary destination is missing
  ---
  duration_ms: 1.4291
  ...
# Subtest: TRK-02: redirect helper contract names preserved and degraded attribution semantics
ok 718 - TRK-02: redirect helper contract names preserved and degraded attribution semantics
  ---
  duration_ms: 0.8268
  ...
# (node:21536) [MODULE_TYPELESS_PACKAGE_JSON] Warning: Module type of file:///C:/Users/User%20PC/Documents/GitHub/MarkOS/test/ui-a11y/accessibility.test.js is not specified and it doesn't parse as CommonJS.
# Reparsing as ES module because module syntax was detected. This incurs a performance overhead.
# To eliminate this warning, add "type": "module" to C:\\Users\\User PC\\Documents\\GitHub\\MarkOS\\package.json.
# (Use `node --trace-warnings ...` to show where the warning was created)
# Subtest: all critical route story files exist
ok 719 - all critical route story files exist
  ---
  duration_ms: 3.9197
  ...
# Subtest: route stories contain required state variants
ok 720 - route stories contain required state variants
  ---
  duration_ms: 1.8544
  ...
# Subtest: storybook preview enables a11y addon config
ok 721 - storybook preview enables a11y addon config
  ---
  duration_ms: 0.41
  ...
# Subtest: workflow includes accessibility gate
ok 722 - workflow includes accessibility gate
  ---
  duration_ms: 0.3546
  ...
# Subtest: company story has actionable buttons with visible labels
ok 723 - company story has actionable buttons with visible labels
  ---
  duration_ms: 0.4591
  ...
# Subtest: foundation stories exist for tokens, rbac, telemetry
ok 724 - foundation stories exist for tokens, rbac, telemetry
  ---
  duration_ms: 0.6258
  ...
# Subtest: accessibility gate baseline assertions pass
ok 725 - accessibility gate baseline assertions pass
  ---
  duration_ms: 0.3155
  ...
# Subtest: BIL-03 billing UI: tenant billing page follows the required module order and billing vocabulary
ok 726 - BIL-03 billing UI: tenant billing page follows the required module order and billing vocabulary
  ---
  duration_ms: 2.494
  ...
# Subtest: BIL-03 billing UI: tenant billing actions read from the shared tenant summary API
ok 727 - BIL-03 billing UI: tenant billing actions read from the shared tenant summary API
  ---
  duration_ms: 0.3779
  ...
# Subtest: BIL-03 billing UI: operator billing page renders reconciliation queue, detail panel, and evidence rail
ok 728 - BIL-03 billing UI: operator billing page renders reconciliation queue, detail panel, and evidence rail
  ---
  duration_ms: 0.6022
  ...
# Subtest: BIL-03 billing UI: reconciliation stories cover healthy, hold, and sync-failure states
ok 729 - BIL-03 billing UI: reconciliation stories cover healthy, hold, and sync-failure states
  ---
  duration_ms: 0.3791
  ...
# Subtest: GOV-01 governance UI: governance page exposes the four required sections
ok 730 - GOV-01 governance UI: governance page exposes the four required sections
  ---
  duration_ms: 1.5824
  ...
# Subtest: GOV-01 governance UI: identity federation detail rail keeps denied mappings visible
ok 731 - GOV-01 governance UI: identity federation detail rail keeps denied mappings visible
  ---
  duration_ms: 0.4739
  ...
# Subtest: GOV-01 governance UI: governance stories cover default, denied mapping, and export-ready states
ok 732 - GOV-01 governance UI: governance stories cover default, denied mapping, and export-ready states
  ---
  duration_ms: 0.4076
  ...
# Ô£ô Approval & Retry Tests Passed
# (node:28264) [MODULE_TYPELESS_PACKAGE_JSON] Warning: Module type of file:///C:/Users/User%20PC/Documents/GitHub/MarkOS/test/ui-operations/approval-retry.test.js is not specified and it doesn't parse as CommonJS.
# Reparsing as ES module because module syntax was detected. This incurs a performance overhead.
# To eliminate this warning, add "type": "module" to C:\\Users\\User PC\\Documents\\GitHub\\MarkOS\\package.json.
# (Use `node --trace-warnings ...` to show where the warning was created)
# Subtest: Approval gating - requires_approval step blocks START_STEP
ok 733 - Approval gating - requires_approval step blocks START_STEP
  ---
  duration_ms: 1.1452
  ...
# Subtest: Approval decision persistence - APPROVE_STEP records actor and timestamp
ok 734 - Approval decision persistence - APPROVE_STEP records actor and timestamp
  ---
  duration_ms: 1.0328
  ...
# Subtest: Rejection != Failure - REJECT_STEP keeps step queued with optional reason
ok 735 - Rejection != Failure - REJECT_STEP keeps step queued with optional reason
  ---
  duration_ms: 1.5965
  ...
# Subtest: Retry logging - append-only retry_attempts records
ok 736 - Retry logging - append-only retry_attempts records
  ---
  duration_ms: 0.3518
  ...
# Subtest: Input snapshot immutability - retry with edited inputs creates separate record
ok 737 - Input snapshot immutability - retry with edited inputs creates separate record
  ---
  duration_ms: 0.3637
  ...
# Ô£ô Evidence Panel Tests Passed
# (node:19092) [MODULE_TYPELESS_PACKAGE_JSON] Warning: Module type of file:///C:/Users/User%20PC/Documents/GitHub/MarkOS/test/ui-operations/evidence-panel.test.js is not specified and it doesn't parse as CommonJS.
# Reparsing as ES module because module syntax was detected. This incurs a performance overhead.
# To eliminate this warning, add "type": "module" to C:\\Users\\User PC\\Documents\\GitHub\\MarkOS\\package.json.
# (Use `node --trace-warnings ...` to show where the warning was created)
# Subtest: Evidence panel structure - all 5 required sections present
ok 738 - Evidence panel structure - all 5 required sections present
  ---
  duration_ms: 2.24
  ...
# Subtest: Evidence immutability - Readonly types prevent mutation at TS layer
ok 739 - Evidence immutability - Readonly types prevent mutation at TS layer
  ---
  duration_ms: 0.3106
  ...
# Subtest: Immutable marker display - UI renders readonly guarantee
ok 740 - Immutable marker display - UI renders readonly guarantee
  ---
  duration_ms: 0.2036
  ...
# Subtest: Evidence completeness metric - ÔëÑ95% of displayable fields
ok 741 - Evidence completeness metric - ÔëÑ95% of displayable fields
  ---
  duration_ms: 0.2293
  ...
# Subtest: Evidence with missing optional fields - completeness still ÔëÑ95%
ok 742 - Evidence with missing optional fields - completeness still ÔëÑ95%
  ---
  duration_ms: 0.2259
  ...
# Subtest: Evidence section rendering - no form controls or edit affordances
ok 743 - Evidence section rendering - no form controls or edit affordances
  ---
  duration_ms: 0.3677
  ...
# Ô£ô Task Machine Transition Tests Passed
# (node:5812) [MODULE_TYPELESS_PACKAGE_JSON] Warning: Module type of file:///C:/Users/User%20PC/Documents/GitHub/MarkOS/test/ui-operations/task-machine.test.js is not specified and it doesn't parse as CommonJS.
# Reparsing as ES module because module syntax was detected. This incurs a performance overhead.
# To eliminate this warning, add "type": "module" to C:\\Users\\User PC\\Documents\\GitHub\\MarkOS\\package.json.
# (Use `node --trace-warnings ...` to show where the warning was created)
# Subtest: Atomic transitions - START_STEP appends timestamped event
ok 744 - Atomic transitions - START_STEP appends timestamped event
  ---
  duration_ms: 1.9521
  ...
# Subtest: Event immutability - transitions generate new event objects without mutation
ok 745 - Event immutability - transitions generate new event objects without mutation
  ---
  duration_ms: 0.2321
  ...
# Subtest: Sequential gating - reducer validates current_step_id before transition
ok 746 - Sequential gating - reducer validates current_step_id before transition
  ---
  duration_ms: 0.2439
  ...
# Ô£ô Task Stories Contract Tests Passed
# (node:28936) [MODULE_TYPELESS_PACKAGE_JSON] Warning: Module type of file:///C:/Users/User%20PC/Documents/GitHub/MarkOS/test/ui-operations/task-stories-contract.test.js is not specified and it doesn't parse as CommonJS.
# Reparsing as ES module because module syntax was detected. This incurs a performance overhead.
# To eliminate this warning, add "type": "module" to C:\\Users\\User PC\\Documents\\GitHub\\MarkOS\\package.json.
# (Use `node --trace-warnings ...` to show where the warning was created)
# Subtest: Task stories export contract - 5 named exports required
ok 747 - Task stories export contract - 5 named exports required
  ---
  duration_ms: 3.6522
  ...
# Subtest: Story fixture mapping - each story state aligns with TaskStepState enum
ok 748 - Story fixture mapping - each story state aligns with TaskStepState enum
  ---
  duration_ms: 0.3788
  ...
# Subtest: Story fixture structure - each story passes required task props
ok 749 - Story fixture structure - each story passes required task props
  ---
  duration_ms: 0.4596
  ...
# Subtest: Story component structure - each story provides 3-region layout
ok 750 - Story component structure - each story provides 3-region layout
  ---
  duration_ms: 0.3311
  ...
# Subtest: Story fixture evidence - completeness metric satisfied
ok 751 - Story fixture evidence - completeness metric satisfied
  ---
  duration_ms: 0.2761
  ...
# Subtest: Story accessibility - all 5 stories have semantic HTML structure
ok 752 - Story accessibility - all 5 stories have semantic HTML structure
  ---
  duration_ms: 0.2698
  ...
# (node:9728) [MODULE_TYPELESS_PACKAGE_JSON] Warning: Module type of file:///C:/Users/User%20PC/Documents/GitHub/MarkOS/test/ui-security/security.test.js is not specified and it doesn't parse as CommonJS.
# Reparsing as ES module because module syntax was detected. This incurs a performance overhead.
# To eliminate this warning, add "type": "module" to C:\\Users\\User PC\\Documents\\GitHub\\MarkOS\\package.json.
# (Use `node --trace-warnings ...` to show where the warning was created)
# Subtest: all critical route stories include unauthorized and forbidden states
ok 753 - all critical route stories include unauthorized and forbidden states
  ---
  duration_ms: 2.655
  ...
# Subtest: rbac policy source defines access and publish rules
ok 754 - rbac policy source defines access and publish rules
  ---
  duration_ms: 0.4334
  ...
# Subtest: telemetry story contains violation example for leak detection
ok 755 - telemetry story contains violation example for leak detection
  ---
  duration_ms: 0.4446
  ...
# Subtest: security workflow includes ui-security gate
ok 756 - security workflow includes ui-security gate
  ---
  duration_ms: 0.2853
  ...
# Subtest: no hardcoded bearer or token leaks in route stories
ok 757 - no hardcoded bearer or token leaks in route stories
  ---
  duration_ms: 1.0306
  ...
# Subtest: codeowners governs ui security-critical paths
ok 758 - codeowners governs ui security-critical paths
  ---
  duration_ms: 0.3424
  ...
# Subtest: layout.tsx uses context providers for tenant and auth state
ok 759 - layout.tsx uses context providers for tenant and auth state
  ---
  duration_ms: 0.3092
  ...
# Subtest: layout.tsx resolves tenant identity from authenticated state only
ok 760 - layout.tsx resolves tenant identity from authenticated state only
  ---
  duration_ms: 0.3179
  ...
# Subtest: protected routes propagate tenant context to API requests deterministically
ok 761 - protected routes propagate tenant context to API requests deterministically
  ---
  duration_ms: 0.5919
  ...
# Subtest: UI does not dispatch protected requests when tenant context missing
ok 762 - UI does not dispatch protected requests when tenant context missing
  ---
  duration_ms: 0.8367
  ...
# Subtest: protected UI surfaces show denial state when tenant context is ambiguous
ok 763 - protected UI surfaces show denial state when tenant context is ambiguous
  ---
  duration_ms: 0.4176
  ...
# Subtest: ui security baseline assertions pass
ok 764 - ui security baseline assertions pass
  ---
  duration_ms: 0.1792
  ...
# Subtest: Suite 2: Agentic Patch Engine
    # Subtest: 2.1 Local Override Protection
    ok 1 - 2.1 Local Override Protection
      ---
      duration_ms: 967.7471
      ...
    # Subtest: 2.2 Out-of-Band Modification Conflict (3-way merge)
    ok 2 - 2.2 Out-of-Band Modification Conflict (3-way merge)
      ---
      duration_ms: 566.172
      ...
    # Subtest: 2.2.1 Non-interactive conflicts keep local changes without hanging
    ok 3 - 2.2.1 Non-interactive conflicts keep local changes without hanging
      ---
      duration_ms: 551.6949
      ...
    # Subtest: 2.3 Clean Update Application
    ok 4 - 2.3 Clean Update Application
      ---
      duration_ms: 476.4429
      ...
    # Subtest: 2.4 Vault continuity repair preserves existing canonical home note edits
    ok 5 - 2.4 Vault continuity repair preserves existing canonical home note edits
      ---
      duration_ms: 507.021
      ...
    # Subtest: 2.5 Existing explicit profile metadata is preserved across update reruns
    ok 6 - 2.5 Existing explicit profile metadata is preserved across update reruns
      ---
      duration_ms: 473.8878
      ...
    1..6
ok 765 - Suite 2: Agentic Patch Engine
  ---
  duration_ms: 3545.6407
  ...
# MarkOS Vault Opener
# Opened Evidence notes in Obsidian: MarkOS-Vault/Evidence
# Subtest: vault:open is routed through the CLI parser with Home-note default
ok 766 - vault:open is routed through the CLI parser with Home-note default
  ---
  duration_ms: 1.3785
  ...
# Subtest: vault:open parser accepts root override
ok 767 - vault:open parser accepts root override
  ---
  duration_ms: 0.1862
  ...
# Subtest: vault:* navigation commands route through vault opener with canonical families
ok 768 - vault:* navigation commands route through vault opener with canonical families
  ---
  duration_ms: 0.2658
  ...
# Subtest: vault opener reports blocked status when Obsidian is not detected
ok 769 - vault opener reports blocked status when Obsidian is not detected
  ---
  duration_ms: 18.363
  ...
# Subtest: vault opener targets the canonical Home note through Obsidian URI
ok 770 - vault opener targets the canonical Home note through Obsidian URI
  ---
  duration_ms: 3.9125
  ...
# Subtest: vault opener falls back to direct executable launch when URI open fails
ok 771 - vault opener falls back to direct executable launch when URI open fails
  ---
  duration_ms: 10.0228
  ...
# Subtest: vault opener resolves family target and opens canonical family path
ok 772 - vault opener resolves family target and opens canonical family path
  ---
  duration_ms: 3.7861
  ...
# Subtest: install entrypoint delegates vault:open to the dedicated CLI adapter
ok 773 - install entrypoint delegates vault:open to the dedicated CLI adapter
  ---
  duration_ms: 5.9423
  ...
# Subtest: vault writer persists deterministic canonical notes with ordered frontmatter
ok 774 - vault writer persists deterministic canonical notes with ordered frontmatter
  ---
  duration_ms: 284.458
  ...
# Subtest: vault writer blocks conflicting canonical destinations without overwriting them
ok 775 - vault writer blocks conflicting canonical destinations without overwriting them
  ---
  duration_ms: 463.5248
  ...
# Subtest: run report writes durable memory note with totals and retention statement
ok 776 - run report writes durable memory note with totals and retention statement
  ---
  duration_ms: 203.7626
  ...
# Subtest: Vector namespace read prefixes include canonical and compatibility entries
ok 777 - Vector namespace read prefixes include canonical and compatibility entries
  ---
  duration_ms: 4.5849
  ...
# Subtest: Vector context lookup falls back from canonical to compatibility namespace
ok 778 - Vector context lookup falls back from canonical to compatibility namespace
  ---
  duration_ms: 3.0467
  ...
# Subtest: Vector health reports unconfigured and degraded provider states
ok 779 - Vector health reports unconfigured and degraded provider states
  ---
  duration_ms: 4.4364
  ...
# Subtest: Literacy namespace naming and canonical filter composition are stable
ok 780 - Literacy namespace naming and canonical filter composition are stable
  ---
  duration_ms: 2.8184
  ...
# Subtest: buildLiteracyFilter adds OR pain_point_tags clauses and stays exported
ok 781 - buildLiteracyFilter adds OR pain_point_tags clauses and stays exported
  ---
  duration_ms: 0.9099
  ...
# Subtest: Literacy chunk upsert returns partial success details
ok 782 - Literacy chunk upsert returns partial success details
  ---
  duration_ms: 3.7402
  ...
# Subtest: Suite 5: Write-MIR Logic & Overrides
    # Subtest: 5.1 JIT cloning + expected header merge writes provenance and state
    ok 1 - 5.1 JIT cloning + expected header merge writes provenance and state
      ---
      duration_ms: 16.2367
      ...
    # Subtest: 5.2 Header drift still merges by fuzzy match and keeps local state header
    ok 2 - 5.2 Header drift still merges by fuzzy match and keeps local state header
      ---
      duration_ms: 13.9389
      ...
    # Subtest: 5.3 Missing header path appends explicit fallback section
    ok 3 - 5.3 Missing header path appends explicit fallback section
      ---
      duration_ms: 10.7512
      ...
    # Subtest: 5.4 Multi-section drafts replace matched sections and append only unmatched ones
    ok 4 - 5.4 Multi-section drafts replace matched sections and append only unmatched ones
      ---
      duration_ms: 14.7926
      ...
    # Subtest: 5.5 Raw draft fallback append and state updates remain explicit
    ok 5 - 5.5 Raw draft fallback append and state updates remain explicit
      ---
      duration_ms: 10.9742
      ...
    1..5
ok 783 - Suite 5: Write-MIR Logic & Overrides
  ---
  duration_ms: 71.7825
  ...
1..783
# tests 861
# suites 0
# pass 844
# fail 17
# cancelled 0
# skipped 0
# todo 0
# duration_ms 35606.9239
